   text	   data	    bss	    dec	    hex	filename
0x2e7dc	0x15914	  0x67c	 280428	  4476c	/home/bomps/Scrivania/SSD_bottle_tincan/SSD_1/BUILD/GAP8_V2/GCC_RISCV_PULPOS/SSD_tin_can_bottle
/home/bomps/Scrivania/SSD_bottle_tincan/SSD_1/BUILD/GAP8_V2/GCC_RISCV_PULPOS/SSD_tin_can_bottle:1b000c08 00000001 D camera_isAwaked	/home/bomps/Scrivania/gap_8/gap_sdk/rtos/pulp/pulp-os/drivers_deprecated/camera/himax.c:150
/home/bomps/Scrivania/SSD_bottle_tincan/SSD_1/BUILD/GAP8_V2/GCC_RISCV_PULPOS/SSD_tin_can_bottle:00000338 00000001 D __rt_hyper_pending_emu_do_memcpy	/home/bomps/Scrivania/gap_8/gap_sdk/rtos/pulp/pulp-os/drivers/hyper/hyperram-v1.c:53
/home/bomps/Scrivania/SSD_bottle_tincan/SSD_1/BUILD/GAP8_V2/GCC_RISCV_PULPOS/SSD_tin_can_bottle:1c02649a 00000002 T __camera_conf_init	/home/bomps/Scrivania/gap_8/gap_sdk/rtos/pmsis/pmsis_bsp/camera/camera.c:43
/home/bomps/Scrivania/SSD_bottle_tincan/SSD_1/BUILD/GAP8_V2/GCC_RISCV_PULPOS/SSD_tin_can_bottle:1c025b3e 00000002 T __flash_conf_init	/home/bomps/Scrivania/gap_8/gap_sdk/rtos/pmsis/pmsis_bsp/flash/flash.c:33
/home/bomps/Scrivania/SSD_bottle_tincan/SSD_1/BUILD/GAP8_V2/GCC_RISCV_PULPOS/SSD_tin_can_bottle:1c028d0c 00000002 W illegal_insn_handler_c	/home/bomps/Scrivania/gap_8/gap_sdk/rtos/pulp/pulp-os/kernel/irq.c:89
/home/bomps/Scrivania/SSD_bottle_tincan/SSD_1/BUILD/GAP8_V2/GCC_RISCV_PULPOS/SSD_tin_can_bottle:1c02745a 00000002 T __nina_w10_close	/home/bomps/Scrivania/gap_8/gap_sdk/rtos/pmsis/pmsis_bsp/transport/nina_w10/nina_w10.c:316
/home/bomps/Scrivania/SSD_bottle_tincan/SSD_1/BUILD/GAP8_V2/GCC_RISCV_PULPOS/SSD_tin_can_bottle:1c0262ca 00000002 t __pi_host_fs_unmount	/home/bomps/Scrivania/gap_8/gap_sdk/rtos/pmsis/pmsis_bsp/fs/host_fs/host_fs.c:40
/home/bomps/Scrivania/SSD_bottle_tincan/SSD_1/BUILD/GAP8_V2/GCC_RISCV_PULPOS/SSD_tin_can_bottle:1c027c68 00000002 T pi_partition_table_free	/home/bomps/Scrivania/gap_8/gap_sdk/rtos/pmsis/pmsis_bsp/partition/partition.c:46
/home/bomps/Scrivania/SSD_bottle_tincan/SSD_1/BUILD/GAP8_V2/GCC_RISCV_PULPOS/SSD_tin_can_bottle:1c0293fa 00000002 T pi_task_push_delayed_us	/home/bomps/Scrivania/gap_8/gap_sdk/rtos/pulp/pulp-os/kernel/events.c:273
/home/bomps/Scrivania/SSD_bottle_tincan/SSD_1/BUILD/GAP8_V2/GCC_RISCV_PULPOS/SSD_tin_can_bottle:1c02a0f2 00000002 T __rt_fll_deinit	/home/bomps/Scrivania/gap_8/gap_sdk/rtos/pulp/pulp-os/kernel/gap/pmu_driver.c:876
/home/bomps/Scrivania/SSD_bottle_tincan/SSD_1/BUILD/GAP8_V2/GCC_RISCV_PULPOS/SSD_tin_can_bottle:1c02a0f4 00000002 T __rt_flls_constructor	/home/bomps/Scrivania/gap_8/gap_sdk/rtos/pulp/pulp-os/kernel/gap/pmu_driver.c:880
/home/bomps/Scrivania/SSD_bottle_tincan/SSD_1/BUILD/GAP8_V2/GCC_RISCV_PULPOS/SSD_tin_can_bottle:1c042954 00000003 d ToHWDCDC_Pos	/home/bomps/Scrivania/gap_8/gap_sdk/rtos/pulp/pulp-os/kernel/gap/pmu_driver.c:192
/home/bomps/Scrivania/SSD_bottle_tincan/SSD_1/BUILD/GAP8_V2/GCC_RISCV_PULPOS/SSD_tin_can_bottle:1c043100 00000004 b __bsp_init_pads_done	/home/bomps/Scrivania/gap_8/gap_sdk/rtos/pmsis/pmsis_bsp/bsp/ai_deck.c:28
/home/bomps/Scrivania/SSD_bottle_tincan/SSD_1/BUILD/GAP8_V2/GCC_RISCV_PULPOS/SSD_tin_can_bottle:1c02ebd4 00000004 d connection.13554
/home/bomps/Scrivania/SSD_bottle_tincan/SSD_1/BUILD/GAP8_V2/GCC_RISCV_PULPOS/SSD_tin_can_bottle:1c02e114 00000004 t ctor_list	/home/bomps/Scrivania/gap_8/gap_sdk/rtos/pulp/pulp-os/kernel/init.c:29
/home/bomps/Scrivania/SSD_bottle_tincan/SSD_1/BUILD/GAP8_V2/GCC_RISCV_PULPOS/SSD_tin_can_bottle:1c02e15c 00000004 t dtor_list	/home/bomps/Scrivania/gap_8/gap_sdk/rtos/pulp/pulp-os/kernel/init.c:30
/home/bomps/Scrivania/SSD_bottle_tincan/SSD_1/BUILD/GAP8_V2/GCC_RISCV_PULPOS/SSD_tin_can_bottle:1c0432f8 00000004 B first_delayed
/home/bomps/Scrivania/SSD_bottle_tincan/SSD_1/BUILD/GAP8_V2/GCC_RISCV_PULPOS/SSD_tin_can_bottle:1c0430f4 00000004 b l3_buff
/home/bomps/Scrivania/SSD_bottle_tincan/SSD_1/BUILD/GAP8_V2/GCC_RISCV_PULPOS/SSD_tin_can_bottle:1c027456 00000004 T __nina_w10_connect	/home/bomps/Scrivania/gap_8/gap_sdk/rtos/pmsis/pmsis_bsp/transport/nina_w10/nina_w10.c:309
/home/bomps/Scrivania/SSD_bottle_tincan/SSD_1/BUILD/GAP8_V2/GCC_RISCV_PULPOS/SSD_tin_can_bottle:1c02745c 00000004 T __nina_w10_receive_async	/home/bomps/Scrivania/gap_8/gap_sdk/rtos/pmsis/pmsis_bsp/transport/nina_w10/nina_w10.c:354
/home/bomps/Scrivania/SSD_bottle_tincan/SSD_1/BUILD/GAP8_V2/GCC_RISCV_PULPOS/SSD_tin_can_bottle:1c026412 00000004 t __pi_host_fs_direct_read_async
/home/bomps/Scrivania/SSD_bottle_tincan/SSD_1/BUILD/GAP8_V2/GCC_RISCV_PULPOS/SSD_tin_can_bottle:1c04310c 00000004 b __pi_hyper_cluster_reqs_first	/home/bomps/Scrivania/gap_8/gap_sdk/rtos/pulp/pulp-os/drivers/hyper/hyperram-v1.c:62
/home/bomps/Scrivania/SSD_bottle_tincan/SSD_1/BUILD/GAP8_V2/GCC_RISCV_PULPOS/SSD_tin_can_bottle:1c028cbc 00000004 T pi_open_from_conf	/home/bomps/Scrivania/gap_8/gap_sdk/rtos/pulp/pulp-os/kernel/init.c:325
/home/bomps/Scrivania/SSD_bottle_tincan/SSD_1/BUILD/GAP8_V2/GCC_RISCV_PULPOS/SSD_tin_can_bottle:1c027c6a 00000004 T pi_partition_table_load	/home/bomps/Scrivania/gap_8/gap_sdk/rtos/pmsis/pmsis_bsp/partition/partition.c:51
/home/bomps/Scrivania/SSD_bottle_tincan/SSD_1/BUILD/GAP8_V2/GCC_RISCV_PULPOS/SSD_tin_can_bottle:1c0296fa 00000004 T pi_time_wait_us	/home/bomps/Scrivania/gap_8/gap_sdk/rtos/pulp/pulp-os/kernel/time.c:131
/home/bomps/Scrivania/SSD_bottle_tincan/SSD_1/BUILD/GAP8_V2/GCC_RISCV_PULPOS/SSD_tin_can_bottle:1c042958 00000004 D PMURetentionState
/home/bomps/Scrivania/SSD_bottle_tincan/SSD_1/BUILD/GAP8_V2/GCC_RISCV_PULPOS/SSD_tin_can_bottle:000003a4 00000004 D pwmEventsStatus	/home/bomps/Scrivania/gap_8/gap_sdk/rtos/pulp/pulp-os/drivers/pwm/pwm.c:9
/home/bomps/Scrivania/SSD_bottle_tincan/SSD_1/BUILD/GAP8_V2/GCC_RISCV_PULPOS/SSD_tin_can_bottle:1c042964 00000004 d RetPMUStateToPMUState	/home/bomps/Scrivania/gap_8/gap_sdk/rtos/pulp/pulp-os/kernel/gap/pmu_driver.c:185
/home/bomps/Scrivania/SSD_bottle_tincan/SSD_1/BUILD/GAP8_V2/GCC_RISCV_PULPOS/SSD_tin_can_bottle:1c0432f4 00000004 B __rt_alloc_fc_tcdm
/home/bomps/Scrivania/SSD_bottle_tincan/SSD_1/BUILD/GAP8_V2/GCC_RISCV_PULPOS/SSD_tin_can_bottle:1c0432ec 00000004 B __rt_alloc_l1
/home/bomps/Scrivania/SSD_bottle_tincan/SSD_1/BUILD/GAP8_V2/GCC_RISCV_PULPOS/SSD_tin_can_bottle:1c0432f0 00000004 B __rt_alloc_l2
/home/bomps/Scrivania/SSD_bottle_tincan/SSD_1/BUILD/GAP8_V2/GCC_RISCV_PULPOS/SSD_tin_can_bottle:00000014 00000004 d __rt_bridge_eeprom_handle	/home/bomps/Scrivania/gap_8/gap_sdk/rtos/pulp/pulp-os/kernel/bridge.c:25
/home/bomps/Scrivania/SSD_bottle_tincan/SSD_1/BUILD/GAP8_V2/GCC_RISCV_PULPOS/SSD_tin_can_bottle:00000010 00000004 d __rt_bridge_flash_cs	/home/bomps/Scrivania/gap_8/gap_sdk/rtos/pulp/pulp-os/kernel/bridge.c:29
/home/bomps/Scrivania/SSD_bottle_tincan/SSD_1/BUILD/GAP8_V2/GCC_RISCV_PULPOS/SSD_tin_can_bottle:00000004 00000004 d __rt_bridge_flash_handle	/home/bomps/Scrivania/gap_8/gap_sdk/rtos/pulp/pulp-os/kernel/bridge.c:26
/home/bomps/Scrivania/SSD_bottle_tincan/SSD_1/BUILD/GAP8_V2/GCC_RISCV_PULPOS/SSD_tin_can_bottle:0000000c 00000004 d __rt_bridge_flash_itf	/home/bomps/Scrivania/gap_8/gap_sdk/rtos/pulp/pulp-os/kernel/bridge.c:28
/home/bomps/Scrivania/SSD_bottle_tincan/SSD_1/BUILD/GAP8_V2/GCC_RISCV_PULPOS/SSD_tin_can_bottle:00000008 00000004 d __rt_bridge_flash_type	/home/bomps/Scrivania/gap_8/gap_sdk/rtos/pulp/pulp-os/kernel/bridge.c:27
/home/bomps/Scrivania/SSD_bottle_tincan/SSD_1/BUILD/GAP8_V2/GCC_RISCV_PULPOS/SSD_tin_can_bottle:000003e0 00000004 D __rtc_handler	/home/bomps/Scrivania/gap_8/gap_sdk/rtos/pulp/pulp-os/drivers_deprecated/dolphin/rtc.c:25
/home/bomps/Scrivania/SSD_bottle_tincan/SSD_1/BUILD/GAP8_V2/GCC_RISCV_PULPOS/SSD_tin_can_bottle:10000020 00000004 D __rt_cluster_fc_task_lock	/home/bomps/Scrivania/gap_8/gap_sdk/rtos/pulp/pulp-os/kernel/cluster.c:59
/home/bomps/Scrivania/SSD_bottle_tincan/SSD_1/BUILD/GAP8_V2/GCC_RISCV_PULPOS/SSD_tin_can_bottle:00000018 00000004 D __rt_cluster_nb_active_pe
/home/bomps/Scrivania/SSD_bottle_tincan/SSD_1/BUILD/GAP8_V2/GCC_RISCV_PULPOS/SSD_tin_can_bottle:1c043308 00000004 B __rt_cluster_tasks	/home/bomps/Scrivania/gap_8/gap_sdk/rtos/pulp/pulp-os/kernel/cluster.c:41
/home/bomps/Scrivania/SSD_bottle_tincan/SSD_1/BUILD/GAP8_V2/GCC_RISCV_PULPOS/SSD_tin_can_bottle:1b000bec 00000004 D __rt_debug_config
/home/bomps/Scrivania/SSD_bottle_tincan/SSD_1/BUILD/GAP8_V2/GCC_RISCV_PULPOS/SSD_tin_can_bottle:1b000be8 00000004 D __rt_debug_config_trace
/home/bomps/Scrivania/SSD_bottle_tincan/SSD_1/BUILD/GAP8_V2/GCC_RISCV_PULPOS/SSD_tin_can_bottle:00000014 00000004 D __rt_dma_first_pending
/home/bomps/Scrivania/SSD_bottle_tincan/SSD_1/BUILD/GAP8_V2/GCC_RISCV_PULPOS/SSD_tin_can_bottle:00000010 00000004 D __rt_dma_last_pending
/home/bomps/Scrivania/SSD_bottle_tincan/SSD_1/BUILD/GAP8_V2/GCC_RISCV_PULPOS/SSD_tin_can_bottle:1c043108 00000004 b __rt_fc_cluster_device	/home/bomps/Scrivania/gap_8/gap_sdk/rtos/pulp/pulp-os/kernel/pulpos_emu.c:25
/home/bomps/Scrivania/SSD_bottle_tincan/SSD_1/BUILD/GAP8_V2/GCC_RISCV_PULPOS/SSD_tin_can_bottle:1c02ebc4 00000004 V __rt_fc_stack_size
/home/bomps/Scrivania/SSD_bottle_tincan/SSD_1/BUILD/GAP8_V2/GCC_RISCV_PULPOS/SSD_tin_can_bottle:00000018 00000004 D __rt_first_free
/home/bomps/Scrivania/SSD_bottle_tincan/SSD_1/BUILD/GAP8_V2/GCC_RISCV_PULPOS/SSD_tin_can_bottle:00000324 00000004 D __rt_hyper_current_task	/home/bomps/Scrivania/gap_8/gap_sdk/rtos/pulp/pulp-os/drivers/hyper/hyperram-v1.c:27
/home/bomps/Scrivania/SSD_bottle_tincan/SSD_1/BUILD/GAP8_V2/GCC_RISCV_PULPOS/SSD_tin_can_bottle:00000320 00000004 D __rt_hyper_end_task	/home/bomps/Scrivania/gap_8/gap_sdk/rtos/pulp/pulp-os/drivers/hyper/hyperram-v1.c:25
/home/bomps/Scrivania/SSD_bottle_tincan/SSD_1/BUILD/GAP8_V2/GCC_RISCV_PULPOS/SSD_tin_can_bottle:1c043110 00000004 b __rt_hyper_open_count	/home/bomps/Scrivania/gap_8/gap_sdk/rtos/pulp/pulp-os/drivers/hyper/hyperram-v1.c:65
/home/bomps/Scrivania/SSD_bottle_tincan/SSD_1/BUILD/GAP8_V2/GCC_RISCV_PULPOS/SSD_tin_can_bottle:00000314 00000004 D __rt_hyper_pending_addr	/home/bomps/Scrivania/gap_8/gap_sdk/rtos/pulp/pulp-os/drivers/hyper/hyperram-v1.c:33
/home/bomps/Scrivania/SSD_bottle_tincan/SSD_1/BUILD/GAP8_V2/GCC_RISCV_PULPOS/SSD_tin_can_bottle:0000030c 00000004 D __rt_hyper_pending_base	/home/bomps/Scrivania/gap_8/gap_sdk/rtos/pulp/pulp-os/drivers/hyper/hyperram-v1.c:31
/home/bomps/Scrivania/SSD_bottle_tincan/SSD_1/BUILD/GAP8_V2/GCC_RISCV_PULPOS/SSD_tin_can_bottle:00000330 00000004 D __rt_hyper_pending_emu_addr	/home/bomps/Scrivania/gap_8/gap_sdk/rtos/pulp/pulp-os/drivers/hyper/hyperram-v1.c:48
/home/bomps/Scrivania/SSD_bottle_tincan/SSD_1/BUILD/GAP8_V2/GCC_RISCV_PULPOS/SSD_tin_can_bottle:00000328 00000004 D __rt_hyper_pending_emu_channel	/home/bomps/Scrivania/gap_8/gap_sdk/rtos/pulp/pulp-os/drivers/hyper/hyperram-v1.c:46
/home/bomps/Scrivania/SSD_bottle_tincan/SSD_1/BUILD/GAP8_V2/GCC_RISCV_PULPOS/SSD_tin_can_bottle:0000032c 00000004 D __rt_hyper_pending_emu_hyper_addr	/home/bomps/Scrivania/gap_8/gap_sdk/rtos/pulp/pulp-os/drivers/hyper/hyperram-v1.c:47
/home/bomps/Scrivania/SSD_bottle_tincan/SSD_1/BUILD/GAP8_V2/GCC_RISCV_PULPOS/SSD_tin_can_bottle:0000034c 00000004 D __rt_hyper_pending_emu_length	/home/bomps/Scrivania/gap_8/gap_sdk/rtos/pulp/pulp-os/drivers/hyper/hyperram-v1.c:51
/home/bomps/Scrivania/SSD_bottle_tincan/SSD_1/BUILD/GAP8_V2/GCC_RISCV_PULPOS/SSD_tin_can_bottle:00000334 00000004 D __rt_hyper_pending_emu_size	/home/bomps/Scrivania/gap_8/gap_sdk/rtos/pulp/pulp-os/drivers/hyper/hyperram-v1.c:49
/home/bomps/Scrivania/SSD_bottle_tincan/SSD_1/BUILD/GAP8_V2/GCC_RISCV_PULPOS/SSD_tin_can_bottle:00000348 00000004 D __rt_hyper_pending_emu_size_2d	/home/bomps/Scrivania/gap_8/gap_sdk/rtos/pulp/pulp-os/drivers/hyper/hyperram-v1.c:50
/home/bomps/Scrivania/SSD_bottle_tincan/SSD_1/BUILD/GAP8_V2/GCC_RISCV_PULPOS/SSD_tin_can_bottle:00000350 00000004 D __rt_hyper_pending_emu_stride	/home/bomps/Scrivania/gap_8/gap_sdk/rtos/pulp/pulp-os/drivers/hyper/hyperram-v1.c:52
/home/bomps/Scrivania/SSD_bottle_tincan/SSD_1/BUILD/GAP8_V2/GCC_RISCV_PULPOS/SSD_tin_can_bottle:0000033c 00000004 D __rt_hyper_pending_emu_task	/home/bomps/Scrivania/gap_8/gap_sdk/rtos/pulp/pulp-os/drivers/hyper/hyperram-v1.c:54
/home/bomps/Scrivania/SSD_bottle_tincan/SSD_1/BUILD/GAP8_V2/GCC_RISCV_PULPOS/SSD_tin_can_bottle:00000310 00000004 D __rt_hyper_pending_hyper_addr	/home/bomps/Scrivania/gap_8/gap_sdk/rtos/pulp/pulp-os/drivers/hyper/hyperram-v1.c:32
/home/bomps/Scrivania/SSD_bottle_tincan/SSD_1/BUILD/GAP8_V2/GCC_RISCV_PULPOS/SSD_tin_can_bottle:00000318 00000004 D __rt_hyper_pending_repeat	/home/bomps/Scrivania/gap_8/gap_sdk/rtos/pulp/pulp-os/drivers/hyper/hyperram-v1.c:34
/home/bomps/Scrivania/SSD_bottle_tincan/SSD_1/BUILD/GAP8_V2/GCC_RISCV_PULPOS/SSD_tin_can_bottle:0000031c 00000004 D __rt_hyper_pending_repeat_size	/home/bomps/Scrivania/gap_8/gap_sdk/rtos/pulp/pulp-os/drivers/hyper/hyperram-v1.c:35
/home/bomps/Scrivania/SSD_bottle_tincan/SSD_1/BUILD/GAP8_V2/GCC_RISCV_PULPOS/SSD_tin_can_bottle:00000340 00000004 D __rt_hyper_pending_tasks	/home/bomps/Scrivania/gap_8/gap_sdk/rtos/pulp/pulp-os/drivers/hyper/hyperram-v1.c:39
/home/bomps/Scrivania/SSD_bottle_tincan/SSD_1/BUILD/GAP8_V2/GCC_RISCV_PULPOS/SSD_tin_can_bottle:00000344 00000004 D __rt_hyper_pending_tasks_last	/home/bomps/Scrivania/gap_8/gap_sdk/rtos/pulp/pulp-os/drivers/hyper/hyperram-v1.c:40
/home/bomps/Scrivania/SSD_bottle_tincan/SSD_1/BUILD/GAP8_V2/GCC_RISCV_PULPOS/SSD_tin_can_bottle:1c02af66 00000004 T __rt_hyper_resume_copy	/home/bomps/Scrivania/gap_8/gap_sdk/rtos/pulp/pulp-os/drivers/hyper/hyperram-v1.c:988
/home/bomps/Scrivania/SSD_bottle_tincan/SSD_1/BUILD/GAP8_V2/GCC_RISCV_PULPOS/SSD_tin_can_bottle:00000308 00000004 D __rt_hyper_udma_handle
/home/bomps/Scrivania/SSD_bottle_tincan/SSD_1/BUILD/GAP8_V2/GCC_RISCV_PULPOS/SSD_tin_can_bottle:1c043114 00000004 b __rt_i2s_first	/home/bomps/Scrivania/gap_8/gap_sdk/rtos/pulp/pulp-os/drivers_deprecated/i2s/i2s-v1.c:40
/home/bomps/Scrivania/SSD_bottle_tincan/SSD_1/BUILD/GAP8_V2/GCC_RISCV_PULPOS/SSD_tin_can_bottle:1c02ebc8 00000004 V __rt_iodev
/home/bomps/Scrivania/SSD_bottle_tincan/SSD_1/BUILD/GAP8_V2/GCC_RISCV_PULPOS/SSD_tin_can_bottle:1c02ebcc 00000004 V __rt_iodev_uart_baudrate
/home/bomps/Scrivania/SSD_bottle_tincan/SSD_1/BUILD/GAP8_V2/GCC_RISCV_PULPOS/SSD_tin_can_bottle:1c0430fc 00000004 V __rt_iodev_uart_channel
/home/bomps/Scrivania/SSD_bottle_tincan/SSD_1/BUILD/GAP8_V2/GCC_RISCV_PULPOS/SSD_tin_can_bottle:1c043120 00000004 b __rt_io_event_current	/home/bomps/Scrivania/gap_8/gap_sdk/rtos/pulp/pulp-os/libs/io/io.c:40
/home/bomps/Scrivania/SSD_bottle_tincan/SSD_1/BUILD/GAP8_V2/GCC_RISCV_PULPOS/SSD_tin_can_bottle:1c043124 00000004 b __rt_io_pending_flush	/home/bomps/Scrivania/gap_8/gap_sdk/rtos/pulp/pulp-os/libs/io/io.c:50
/home/bomps/Scrivania/SSD_bottle_tincan/SSD_1/BUILD/GAP8_V2/GCC_RISCV_PULPOS/SSD_tin_can_bottle:1c04312c 00000004 b _rt_io_uart	/home/bomps/Scrivania/gap_8/gap_sdk/rtos/pulp/pulp-os/libs/io/io.c:38
/home/bomps/Scrivania/SSD_bottle_tincan/SSD_1/BUILD/GAP8_V2/GCC_RISCV_PULPOS/SSD_tin_can_bottle:1c02ebd0 00000004 V __rt_platform
/home/bomps/Scrivania/SSD_bottle_tincan/SSD_1/BUILD/GAP8_V2/GCC_RISCV_PULPOS/SSD_tin_can_bottle:1c043128 00000004 b __rt_putc_host_buffer_index	/home/bomps/Scrivania/gap_8/gap_sdk/rtos/pulp/pulp-os/libs/io/io.c:48
/home/bomps/Scrivania/SSD_bottle_tincan/SSD_1/BUILD/GAP8_V2/GCC_RISCV_PULPOS/SSD_tin_can_bottle:000003dc 00000004 D __rt_rtc_init_done	/home/bomps/Scrivania/gap_8/gap_sdk/rtos/pulp/pulp-os/drivers_deprecated/dolphin/rtc.c:26
/home/bomps/Scrivania/SSD_bottle_tincan/SSD_1/BUILD/GAP8_V2/GCC_RISCV_PULPOS/SSD_tin_can_bottle:1c043304 00000004 B __rt_wakeup_use_fast	/home/bomps/Scrivania/gap_8/gap_sdk/rtos/pulp/pulp-os/kernel/gap/pmu_driver.c:173
/home/bomps/Scrivania/SSD_bottle_tincan/SSD_1/BUILD/GAP8_V2/GCC_RISCV_PULPOS/SSD_tin_can_bottle:1000001c 00000004 D SSD_tin_can_bottle_L1_Memory
/home/bomps/Scrivania/SSD_bottle_tincan/SSD_1/BUILD/GAP8_V2/GCC_RISCV_PULPOS/SSD_tin_can_bottle:1c0421b0 00000004 D SSD_tin_can_bottle_L2_Memory
/home/bomps/Scrivania/SSD_bottle_tincan/SSD_1/BUILD/GAP8_V2/GCC_RISCV_PULPOS/SSD_tin_can_bottle:1c0430f0 00000004 B SSD_tin_can_bottle_L3_Flash
/home/bomps/Scrivania/SSD_bottle_tincan/SSD_1/BUILD/GAP8_V2/GCC_RISCV_PULPOS/SSD_tin_can_bottle:1c043174 00000004 B SSD_tin_can_bottle_L3_Memory
/home/bomps/Scrivania/SSD_bottle_tincan/SSD_1/BUILD/GAP8_V2/GCC_RISCV_PULPOS/SSD_tin_can_bottle:1c0430f8 00000004 b streamer
/home/bomps/Scrivania/SSD_bottle_tincan/SSD_1/BUILD/GAP8_V2/GCC_RISCV_PULPOS/SSD_tin_can_bottle:1c043104 00000004 b timer_count	/home/bomps/Scrivania/gap_8/gap_sdk/rtos/pulp/pulp-os/kernel/time.c:23
/home/bomps/Scrivania/SSD_bottle_tincan/SSD_1/BUILD/GAP8_V2/GCC_RISCV_PULPOS/SSD_tin_can_bottle:1c003d6c 00000006 T main
/home/bomps/Scrivania/SSD_bottle_tincan/SSD_1/BUILD/GAP8_V2/GCC_RISCV_PULPOS/SSD_tin_can_bottle:1c0295d6 00000006 T pi_cl_l1_malloc	/home/bomps/Scrivania/gap_8/gap_sdk/rtos/pulp/pulp-os/kernel/alloc.c:582
/home/bomps/Scrivania/SSD_bottle_tincan/SSD_1/BUILD/GAP8_V2/GCC_RISCV_PULPOS/SSD_tin_can_bottle:1c02a2ec 00000006 T pi_cluster_conf_init	/home/bomps/Scrivania/gap_8/gap_sdk/rtos/pulp/pulp-os/kernel/cluster.c:337
/home/bomps/Scrivania/SSD_bottle_tincan/SSD_1/BUILD/GAP8_V2/GCC_RISCV_PULPOS/SSD_tin_can_bottle:1c02c52c 00000006 T pi_gpio_conf_init	/home/bomps/Scrivania/gap_8/gap_sdk/rtos/pulp/pulp-os/drivers/gpio/gpio-v2.c:89
/home/bomps/Scrivania/SSD_bottle_tincan/SSD_1/BUILD/GAP8_V2/GCC_RISCV_PULPOS/SSD_tin_can_bottle:1c0262f0 00000006 t __pi_host_fs_seek	/home/bomps/Scrivania/gap_8/gap_sdk/rtos/pmsis/pmsis_bsp/fs/host_fs/host_fs.c:109
/home/bomps/Scrivania/SSD_bottle_tincan/SSD_1/BUILD/GAP8_V2/GCC_RISCV_PULPOS/SSD_tin_can_bottle:1c025d52 00000006 t __pi_read_fs_unmount	/home/bomps/Scrivania/gap_8/gap_sdk/rtos/pmsis/pmsis_bsp/fs/read_fs/read_fs.c:230
/home/bomps/Scrivania/SSD_bottle_tincan/SSD_1/BUILD/GAP8_V2/GCC_RISCV_PULPOS/SSD_tin_can_bottle:1c02a0f6 00000006 T __rt_fll_set_freq	/home/bomps/Scrivania/gap_8/gap_sdk/rtos/pulp/pulp-os/kernel/gap/pmu_driver.c:884
/home/bomps/Scrivania/SSD_bottle_tincan/SSD_1/BUILD/GAP8_V2/GCC_RISCV_PULPOS/SSD_tin_can_bottle:1c04293c 00000007 d SystemStateToSCUFastSeq	/home/bomps/Scrivania/gap_8/gap_sdk/rtos/pulp/pulp-os/kernel/gap/pmu_driver.c:176
/home/bomps/Scrivania/SSD_bottle_tincan/SSD_1/BUILD/GAP8_V2/GCC_RISCV_PULPOS/SSD_tin_can_bottle:1c027b6c 00000008 T extern_alloc_deinit	/home/bomps/Scrivania/gap_8/gap_sdk/rtos/pmsis/pmsis_bsp/ram/alloc_extern.c:128
/home/bomps/Scrivania/SSD_bottle_tincan/SSD_1/BUILD/GAP8_V2/GCC_RISCV_PULPOS/SSD_tin_can_bottle:1c04295c 00000008 D FllsFrequency
/home/bomps/Scrivania/SSD_bottle_tincan/SSD_1/BUILD/GAP8_V2/GCC_RISCV_PULPOS/SSD_tin_can_bottle:1c000624 00000008 T jpeg_encoder_process_status
/home/bomps/Scrivania/SSD_bottle_tincan/SSD_1/BUILD/GAP8_V2/GCC_RISCV_PULPOS/SSD_tin_can_bottle:1c0293fc 00000008 T pi_cl_send_task_to_fc	/home/bomps/Scrivania/gap_8/gap_sdk/rtos/pulp/pulp-os/kernel/events.c:280
/home/bomps/Scrivania/SSD_bottle_tincan/SSD_1/BUILD/GAP8_V2/GCC_RISCV_PULPOS/SSD_tin_can_bottle:1c025c2e 00000008 t pi_flash_read_async	/home/bomps/Scrivania/gap_8/gap_sdk/rtos/pmsis/pmsis_bsp/include/bsp/flash.h:428
/home/bomps/Scrivania/SSD_bottle_tincan/SSD_1/BUILD/GAP8_V2/GCC_RISCV_PULPOS/SSD_tin_can_bottle:1c025bb8 00000008 T pi_fs_open	/home/bomps/Scrivania/gap_8/gap_sdk/rtos/pmsis/pmsis_bsp/fs/fs.c:74
/home/bomps/Scrivania/SSD_bottle_tincan/SSD_1/BUILD/GAP8_V2/GCC_RISCV_PULPOS/SSD_tin_can_bottle:1c025bc0 00000008 T pi_fs_read_async	/home/bomps/Scrivania/gap_8/gap_sdk/rtos/pmsis/pmsis_bsp/fs/fs.c:85
/home/bomps/Scrivania/SSD_bottle_tincan/SSD_1/BUILD/GAP8_V2/GCC_RISCV_PULPOS/SSD_tin_can_bottle:1c025bb0 00000008 T pi_fs_unmount	/home/bomps/Scrivania/gap_8/gap_sdk/rtos/pmsis/pmsis_bsp/fs/fs.c:68
/home/bomps/Scrivania/SSD_bottle_tincan/SSD_1/BUILD/GAP8_V2/GCC_RISCV_PULPOS/SSD_tin_can_bottle:1c025bf2 00000008 T pi_fs_write_async	/home/bomps/Scrivania/gap_8/gap_sdk/rtos/pmsis/pmsis_bsp/fs/fs.c:98
/home/bomps/Scrivania/SSD_bottle_tincan/SSD_1/BUILD/GAP8_V2/GCC_RISCV_PULPOS/SSD_tin_can_bottle:1c0432fc 00000008 B __rt_freq_domains
/home/bomps/Scrivania/SSD_bottle_tincan/SSD_1/BUILD/GAP8_V2/GCC_RISCV_PULPOS/SSD_tin_can_bottle:1c02af5e 00000008 T __rt_hyper_resume_emu_task	/home/bomps/Scrivania/gap_8/gap_sdk/rtos/pulp/pulp-os/drivers/hyper/hyperram-v1.c:980
/home/bomps/Scrivania/SSD_bottle_tincan/SSD_1/BUILD/GAP8_V2/GCC_RISCV_PULPOS/SSD_tin_can_bottle:000002b0 00000008 D __rt_socevents_status
/home/bomps/Scrivania/SSD_bottle_tincan/SSD_1/BUILD/GAP8_V2/GCC_RISCV_PULPOS/SSD_tin_can_bottle:1c043118 00000008 b __rt_spim_open_count	/home/bomps/Scrivania/gap_8/gap_sdk/rtos/pulp/pulp-os/drivers_deprecated/spim/spim-v2.c:26
/home/bomps/Scrivania/SSD_bottle_tincan/SSD_1/BUILD/GAP8_V2/GCC_RISCV_PULPOS/SSD_tin_can_bottle:1c0289f2 00000008 T semihost_close	/home/bomps/Scrivania/gap_8/gap_sdk/rtos/pmsis/pmsis_bsp/fs/host_fs/semihost.c:18
/home/bomps/Scrivania/SSD_bottle_tincan/SSD_1/BUILD/GAP8_V2/GCC_RISCV_PULPOS/SSD_tin_can_bottle:1c028a4c 00000008 T semihost_exit	/home/bomps/Scrivania/gap_8/gap_sdk/rtos/pmsis/pmsis_bsp/fs/host_fs/semihost.c:47
/home/bomps/Scrivania/SSD_bottle_tincan/SSD_1/BUILD/GAP8_V2/GCC_RISCV_PULPOS/SSD_tin_can_bottle:1c0289be 00000008 T semihost_write0	/home/bomps/Scrivania/gap_8/gap_sdk/rtos/pmsis/pmsis_bsp/fs/host_fs/semihost.c:6
/home/bomps/Scrivania/SSD_bottle_tincan/SSD_1/BUILD/GAP8_V2/GCC_RISCV_PULPOS/SSD_tin_can_bottle:1c02cfbe 0000000a T abort	/home/bomps/Scrivania/gap_8/gap_sdk/rtos/pulp/pulp-os/libs/io/io.c:739
/home/bomps/Scrivania/SSD_bottle_tincan/SSD_1/BUILD/GAP8_V2/GCC_RISCV_PULPOS/SSD_tin_can_bottle:1c028ab8 0000000a T bsp_hyperflash_conf_init	/home/bomps/Scrivania/gap_8/gap_sdk/rtos/pmsis/pmsis_bsp/bsp/ai_deck.c:58
/home/bomps/Scrivania/SSD_bottle_tincan/SSD_1/BUILD/GAP8_V2/GCC_RISCV_PULPOS/SSD_tin_can_bottle:1c028afc 0000000a T bsp_nina_w10_conf_init	/home/bomps/Scrivania/gap_8/gap_sdk/rtos/pmsis/pmsis_bsp/bsp/ai_deck.c:120
/home/bomps/Scrivania/SSD_bottle_tincan/SSD_1/BUILD/GAP8_V2/GCC_RISCV_PULPOS/SSD_tin_can_bottle:1c00061a 0000000a T gray_to_y
/home/bomps/Scrivania/SSD_bottle_tincan/SSD_1/BUILD/GAP8_V2/GCC_RISCV_PULPOS/SSD_tin_can_bottle:1c0265e2 0000000a T __himax_capture_async	/home/bomps/Scrivania/gap_8/gap_sdk/rtos/pmsis/pmsis_bsp/camera/himax/himax.c:475
/home/bomps/Scrivania/SSD_bottle_tincan/SSD_1/BUILD/GAP8_V2/GCC_RISCV_PULPOS/SSD_tin_can_bottle:1c02ec4c 0000000a D out_classes
/home/bomps/Scrivania/SSD_bottle_tincan/SSD_1/BUILD/GAP8_V2/GCC_RISCV_PULPOS/SSD_tin_can_bottle:1c02ec40 0000000a D out_scores
/home/bomps/Scrivania/SSD_bottle_tincan/SSD_1/BUILD/GAP8_V2/GCC_RISCV_PULPOS/SSD_tin_can_bottle:1c02afba 0000000a T pi_cpi_conf_init	/home/bomps/Scrivania/gap_8/gap_sdk/rtos/pulp/pulp-os/drivers/cpi/cpi-v1.c:29
/home/bomps/Scrivania/SSD_bottle_tincan/SSD_1/BUILD/GAP8_V2/GCC_RISCV_PULPOS/SSD_tin_can_bottle:1c025c24 0000000a T pi_fs_copy_async	/home/bomps/Scrivania/gap_8/gap_sdk/rtos/pmsis/pmsis_bsp/fs/fs.c:124
/home/bomps/Scrivania/SSD_bottle_tincan/SSD_1/BUILD/GAP8_V2/GCC_RISCV_PULPOS/SSD_tin_can_bottle:1c027c5e 0000000a T pi_partition_get_flash_offset	/home/bomps/Scrivania/gap_8/gap_sdk/rtos/pmsis/pmsis_bsp/partition/partition.c:38
/home/bomps/Scrivania/SSD_bottle_tincan/SSD_1/BUILD/GAP8_V2/GCC_RISCV_PULPOS/SSD_tin_can_bottle:1c02c79c 0000000a T rt_extern_alloc_deinit	/home/bomps/Scrivania/gap_8/gap_sdk/rtos/pulp/pulp-os/kernel/alloc_extern.c:129
/home/bomps/Scrivania/SSD_bottle_tincan/SSD_1/BUILD/GAP8_V2/GCC_RISCV_PULPOS/SSD_tin_can_bottle:1c02c8fa 0000000a T __rt_himax_init	/home/bomps/Scrivania/gap_8/gap_sdk/rtos/pulp/pulp-os/drivers_deprecated/camera/himax.c:400
/home/bomps/Scrivania/SSD_bottle_tincan/SSD_1/BUILD/GAP8_V2/GCC_RISCV_PULPOS/SSD_tin_can_bottle:1c04313c 0000000c B camera
/home/bomps/Scrivania/SSD_bottle_tincan/SSD_1/BUILD/GAP8_V2/GCC_RISCV_PULPOS/SSD_tin_can_bottle:1c04315c 0000000c B cluster_dev
/home/bomps/Scrivania/SSD_bottle_tincan/SSD_1/BUILD/GAP8_V2/GCC_RISCV_PULPOS/SSD_tin_can_bottle:1c02ecd4 0000000c d gpio_device
/home/bomps/Scrivania/SSD_bottle_tincan/SSD_1/BUILD/GAP8_V2/GCC_RISCV_PULPOS/SSD_tin_can_bottle:1c043130 0000000c B HyperRam
/home/bomps/Scrivania/SSD_bottle_tincan/SSD_1/BUILD/GAP8_V2/GCC_RISCV_PULPOS/SSD_tin_can_bottle:1c0278e6 0000000c T hyperram_free	/home/bomps/Scrivania/gap_8/gap_sdk/rtos/pmsis/pmsis_bsp/ram/hyperram/hyperram.c:169
/home/bomps/Scrivania/SSD_bottle_tincan/SSD_1/BUILD/GAP8_V2/GCC_RISCV_PULPOS/SSD_tin_can_bottle:1c02648e 0000000c T pi_camera_open	/home/bomps/Scrivania/gap_8/gap_sdk/rtos/pmsis/pmsis_bsp/camera/camera.c:24
/home/bomps/Scrivania/SSD_bottle_tincan/SSD_1/BUILD/GAP8_V2/GCC_RISCV_PULPOS/SSD_tin_can_bottle:1c0295dc 0000000c T pi_cl_l1_free	/home/bomps/Scrivania/gap_8/gap_sdk/rtos/pulp/pulp-os/kernel/alloc.c:587
/home/bomps/Scrivania/SSD_bottle_tincan/SSD_1/BUILD/GAP8_V2/GCC_RISCV_PULPOS/SSD_tin_can_bottle:1c025b32 0000000c T pi_flash_open	/home/bomps/Scrivania/gap_8/gap_sdk/rtos/pmsis/pmsis_bsp/flash/flash.c:24
/home/bomps/Scrivania/SSD_bottle_tincan/SSD_1/BUILD/GAP8_V2/GCC_RISCV_PULPOS/SSD_tin_can_bottle:1c0262be 0000000c t __pi_host_fs_mount	/home/bomps/Scrivania/gap_8/gap_sdk/rtos/pmsis/pmsis_bsp/fs/host_fs/host_fs.c:34
/home/bomps/Scrivania/SSD_bottle_tincan/SSD_1/BUILD/GAP8_V2/GCC_RISCV_PULPOS/SSD_tin_can_bottle:1c027a72 0000000c T pi_ram_open	/home/bomps/Scrivania/gap_8/gap_sdk/rtos/pmsis/pmsis_bsp/ram/ram.c:23
/home/bomps/Scrivania/SSD_bottle_tincan/SSD_1/BUILD/GAP8_V2/GCC_RISCV_PULPOS/SSD_tin_can_bottle:1c0273ba 0000000c T pi_transport_open	/home/bomps/Scrivania/gap_8/gap_sdk/rtos/pmsis/pmsis_bsp/transport/transport.c:24
/home/bomps/Scrivania/SSD_bottle_tincan/SSD_1/BUILD/GAP8_V2/GCC_RISCV_PULPOS/SSD_tin_can_bottle:00000004 0000000c D __rt_cluster_pool
/home/bomps/Scrivania/SSD_bottle_tincan/SSD_1/BUILD/GAP8_V2/GCC_RISCV_PULPOS/SSD_tin_can_bottle:1c02c738 0000000c T __rt_padframe_init	/home/bomps/Scrivania/gap_8/gap_sdk/rtos/pulp/pulp-os/drivers_deprecated/pads/pads-v1.c:58
/home/bomps/Scrivania/SSD_bottle_tincan/SSD_1/BUILD/GAP8_V2/GCC_RISCV_PULPOS/SSD_tin_can_bottle:1c02c812 0000000c T __rt_udma_channel_reg_data	/home/bomps/Scrivania/gap_8/gap_sdk/rtos/pulp/pulp-os/drivers/udma/udma-v2.c:100
/home/bomps/Scrivania/SSD_bottle_tincan/SSD_1/BUILD/GAP8_V2/GCC_RISCV_PULPOS/SSD_tin_can_bottle:1c043168 0000000c B wifi
/home/bomps/Scrivania/SSD_bottle_tincan/SSD_1/BUILD/GAP8_V2/GCC_RISCV_PULPOS/SSD_tin_can_bottle:1c02698e 0000000e t hyperflash_ioctl	/home/bomps/Scrivania/gap_8/gap_sdk/rtos/pmsis/pmsis_bsp/flash/hyperflash/hyperflash.c:285
/home/bomps/Scrivania/SSD_bottle_tincan/SSD_1/BUILD/GAP8_V2/GCC_RISCV_PULPOS/SSD_tin_can_bottle:1c02699c 0000000e t hyperflash_set_reg_exec	/home/bomps/Scrivania/gap_8/gap_sdk/rtos/pmsis/pmsis_bsp/flash/hyperflash/hyperflash.c:94
/home/bomps/Scrivania/SSD_bottle_tincan/SSD_1/BUILD/GAP8_V2/GCC_RISCV_PULPOS/SSD_tin_can_bottle:1c0289b0 0000000e t __internal_semihost	/home/bomps/Scrivania/gap_8/gap_sdk/rtos/pmsis/pmsis_bsp/fs/host_fs/semihost.h:75
/home/bomps/Scrivania/SSD_bottle_tincan/SSD_1/BUILD/GAP8_V2/GCC_RISCV_PULPOS/SSD_tin_can_bottle:1c000874 0000000e T jpeg_encoder_conf_init	/home/bomps/Scrivania/gap_8/gap_sdk/libs/gap_lib/jpeg/jpeg_encoder.c:721
/home/bomps/Scrivania/SSD_bottle_tincan/SSD_1/BUILD/GAP8_V2/GCC_RISCV_PULPOS/SSD_tin_can_bottle:1c000864 0000000e T jpeg_encoder_stop	/home/bomps/Scrivania/gap_8/gap_sdk/libs/gap_lib/jpeg/jpeg_encoder.c:709
/home/bomps/Scrivania/SSD_bottle_tincan/SSD_1/BUILD/GAP8_V2/GCC_RISCV_PULPOS/SSD_tin_can_bottle:1c02c67c 0000000e T pi_gpio_pin_notif_get	/home/bomps/Scrivania/gap_8/gap_sdk/rtos/pulp/pulp-os/drivers/gpio/gpio-v2.c:230
/home/bomps/Scrivania/SSD_bottle_tincan/SSD_1/BUILD/GAP8_V2/GCC_RISCV_PULPOS/SSD_tin_can_bottle:1c0295e8 0000000e T pi_l2_malloc	/home/bomps/Scrivania/gap_8/gap_sdk/rtos/pulp/pulp-os/kernel/alloc.c:595
/home/bomps/Scrivania/SSD_bottle_tincan/SSD_1/BUILD/GAP8_V2/GCC_RISCV_PULPOS/SSD_tin_can_bottle:1c0278ba 0000000e T pi_nina_w10_conf_init	/home/bomps/Scrivania/gap_8/gap_sdk/rtos/pmsis/pmsis_bsp/transport/nina_w10/nina_w10.c:371
/home/bomps/Scrivania/SSD_bottle_tincan/SSD_1/BUILD/GAP8_V2/GCC_RISCV_PULPOS/SSD_tin_can_bottle:1c02c928 0000000e t __rt_io_end_of_flush	/home/bomps/Scrivania/gap_8/gap_sdk/rtos/pulp/pulp-os/libs/io/io.c:366
/home/bomps/Scrivania/SSD_bottle_tincan/SSD_1/BUILD/GAP8_V2/GCC_RISCV_PULPOS/SSD_tin_can_bottle:1c028aec 00000010 T bsp_himax_open
/home/bomps/Scrivania/SSD_bottle_tincan/SSD_1/BUILD/GAP8_V2/GCC_RISCV_PULPOS/SSD_tin_can_bottle:1c028ac2 00000010 T bsp_hyperflash_open
/home/bomps/Scrivania/SSD_bottle_tincan/SSD_1/BUILD/GAP8_V2/GCC_RISCV_PULPOS/SSD_tin_can_bottle:1c028aa8 00000010 T bsp_hyperram_open
/home/bomps/Scrivania/SSD_bottle_tincan/SSD_1/BUILD/GAP8_V2/GCC_RISCV_PULPOS/SSD_tin_can_bottle:1c027904 00000010 t hyperram_copy_async	/home/bomps/Scrivania/gap_8/gap_sdk/rtos/pmsis/pmsis_bsp/ram/hyperram/hyperram.c:133
/home/bomps/Scrivania/SSD_bottle_tincan/SSD_1/BUILD/GAP8_V2/GCC_RISCV_PULPOS/SSD_tin_can_bottle:1c02cd34 00000010 T memset	/home/bomps/Scrivania/gap_8/gap_sdk/rtos/pulp/pulp-os/libs/io/io.c:150
/home/bomps/Scrivania/SSD_bottle_tincan/SSD_1/BUILD/GAP8_V2/GCC_RISCV_PULPOS/SSD_tin_can_bottle:1c02a828 00000010 T pi_hyper_conf_init	/home/bomps/Scrivania/gap_8/gap_sdk/rtos/pulp/pulp-os/drivers/hyper/hyperram-v1.c:200
/home/bomps/Scrivania/SSD_bottle_tincan/SSD_1/BUILD/GAP8_V2/GCC_RISCV_PULPOS/SSD_tin_can_bottle:1c0295f6 00000010 T pi_l2_free	/home/bomps/Scrivania/gap_8/gap_sdk/rtos/pulp/pulp-os/kernel/alloc.c:600
/home/bomps/Scrivania/SSD_bottle_tincan/SSD_1/BUILD/GAP8_V2/GCC_RISCV_PULPOS/SSD_tin_can_bottle:1c025c74 00000010 t __pi_read_fs_seek	/home/bomps/Scrivania/gap_8/gap_sdk/rtos/pmsis/pmsis_bsp/fs/read_fs/read_fs.c:517
/home/bomps/Scrivania/SSD_bottle_tincan/SSD_1/BUILD/GAP8_V2/GCC_RISCV_PULPOS/SSD_tin_can_bottle:1c042944 00000010 D PMUState
/home/bomps/Scrivania/SSD_bottle_tincan/SSD_1/BUILD/GAP8_V2/GCC_RISCV_PULPOS/SSD_tin_can_bottle:1b000c0c 00000010 d __rt_io_fc_lock	/home/bomps/Scrivania/gap_8/gap_sdk/rtos/pulp/pulp-os/libs/io/io.c:35
/home/bomps/Scrivania/SSD_bottle_tincan/SSD_1/BUILD/GAP8_V2/GCC_RISCV_PULPOS/SSD_tin_can_bottle:1c02eabc 00000010 V __rt_padframe_default	/home/bomps/Scrivania/gap_8/gap_sdk/rtos/pulp/pulp-os/drivers_deprecated/pads/pads-v1.c:28
/home/bomps/Scrivania/SSD_bottle_tincan/SSD_1/BUILD/GAP8_V2/GCC_RISCV_PULPOS/SSD_tin_can_bottle:1c02eacc 00000010 V __rt_padframe_hyper	/home/bomps/Scrivania/gap_8/gap_sdk/rtos/pulp/pulp-os/drivers_deprecated/pads/pads-v1.c:30
/home/bomps/Scrivania/SSD_bottle_tincan/SSD_1/BUILD/GAP8_V2/GCC_RISCV_PULPOS/SSD_tin_can_bottle:1c02eadc 00000010 V __rt_padframe_hyper_gpio	/home/bomps/Scrivania/gap_8/gap_sdk/rtos/pulp/pulp-os/drivers_deprecated/pads/pads-v1.c:32
/home/bomps/Scrivania/SSD_bottle_tincan/SSD_1/BUILD/GAP8_V2/GCC_RISCV_PULPOS/SSD_tin_can_bottle:1c0430e0 00000010 b __rt_uart	/home/bomps/Scrivania/gap_8/gap_sdk/rtos/pulp/pulp-os/drivers_deprecated/uart/uart.c:43
/home/bomps/Scrivania/SSD_bottle_tincan/SSD_1/BUILD/GAP8_V2/GCC_RISCV_PULPOS/SSD_tin_can_bottle:1c02dd88 00000010 T rt_uart_conf_init
/home/bomps/Scrivania/SSD_bottle_tincan/SSD_1/BUILD/GAP8_V2/GCC_RISCV_PULPOS/SSD_tin_can_bottle:1c0278f2 00000012 t hyperram_copy_2d_async	/home/bomps/Scrivania/gap_8/gap_sdk/rtos/pmsis/pmsis_bsp/ram/hyperram/hyperram.c:145
/home/bomps/Scrivania/SSD_bottle_tincan/SSD_1/BUILD/GAP8_V2/GCC_RISCV_PULPOS/SSD_tin_can_bottle:1c025b72 00000012 T pi_fs_conf_init	/home/bomps/Scrivania/gap_8/gap_sdk/rtos/pmsis/pmsis_bsp/fs/fs.c:26
/home/bomps/Scrivania/SSD_bottle_tincan/SSD_1/BUILD/GAP8_V2/GCC_RISCV_PULPOS/SSD_tin_can_bottle:1c0273c6 00000012 T pi_transport_connect	/home/bomps/Scrivania/gap_8/gap_sdk/rtos/pmsis/pmsis_bsp/transport/transport.c:34
/home/bomps/Scrivania/SSD_bottle_tincan/SSD_1/BUILD/GAP8_V2/GCC_RISCV_PULPOS/SSD_tin_can_bottle:1c02a0e0 00000012 T __rt_fll_init	/home/bomps/Scrivania/gap_8/gap_sdk/rtos/pulp/pulp-os/kernel/gap/pmu_driver.c:871
/home/bomps/Scrivania/SSD_bottle_tincan/SSD_1/BUILD/GAP8_V2/GCC_RISCV_PULPOS/SSD_tin_can_bottle:1c02c904 00000012 T __rt_rtc_init	/home/bomps/Scrivania/gap_8/gap_sdk/rtos/pulp/pulp-os/drivers_deprecated/dolphin/rtc.c:414
/home/bomps/Scrivania/SSD_bottle_tincan/SSD_1/BUILD/GAP8_V2/GCC_RISCV_PULPOS/SSD_tin_can_bottle:1c02c916 00000012 T __rt_spim_init	/home/bomps/Scrivania/gap_8/gap_sdk/rtos/pulp/pulp-os/drivers_deprecated/spim/spim-v2.c:446
/home/bomps/Scrivania/SSD_bottle_tincan/SSD_1/BUILD/GAP8_V2/GCC_RISCV_PULPOS/SSD_tin_can_bottle:1c000ac6 00000014 T jpeg_encoder_footer	/home/bomps/Scrivania/gap_8/gap_sdk/libs/gap_lib/jpeg/jpeg_encoder.c:928
/home/bomps/Scrivania/SSD_bottle_tincan/SSD_1/BUILD/GAP8_V2/GCC_RISCV_PULPOS/SSD_tin_can_bottle:1c02a766 00000014 t l2_memcpy	/home/bomps/Scrivania/gap_8/gap_sdk/rtos/pulp/pulp-os/drivers/hyper/hyperram-v1.c:897
/home/bomps/Scrivania/SSD_bottle_tincan/SSD_1/BUILD/GAP8_V2/GCC_RISCV_PULPOS/SSD_tin_can_bottle:1c02ea90 00000014 d nina_w10_api	/home/bomps/Scrivania/gap_8/gap_sdk/rtos/pmsis/pmsis_bsp/transport/nina_w10/nina_w10.c:361
/home/bomps/Scrivania/SSD_bottle_tincan/SSD_1/BUILD/GAP8_V2/GCC_RISCV_PULPOS/SSD_tin_can_bottle:1c02b408 00000014 T pi_i2c_conf_init	/home/bomps/Scrivania/gap_8/gap_sdk/rtos/pulp/pulp-os/drivers/i2c/i2c-v2.c:300
/home/bomps/Scrivania/SSD_bottle_tincan/SSD_1/BUILD/GAP8_V2/GCC_RISCV_PULPOS/SSD_tin_can_bottle:1c02b0ac 00000014 t __rt_cpi_init	/home/bomps/Scrivania/gap_8/gap_sdk/rtos/pulp/pulp-os/drivers/cpi/cpi-v1.c:115
/home/bomps/Scrivania/SSD_bottle_tincan/SSD_1/BUILD/GAP8_V2/GCC_RISCV_PULPOS/SSD_tin_can_bottle:1c0293e6 00000014 T __rt_event_sched_init	/home/bomps/Scrivania/gap_8/gap_sdk/rtos/pulp/pulp-os/kernel/events.c:264
/home/bomps/Scrivania/SSD_bottle_tincan/SSD_1/BUILD/GAP8_V2/GCC_RISCV_PULPOS/SSD_tin_can_bottle:0000001c 00000014 D __rt_sched
/home/bomps/Scrivania/SSD_bottle_tincan/SSD_1/BUILD/GAP8_V2/GCC_RISCV_PULPOS/SSD_tin_can_bottle:1c02ccea 00000014 T strcmp	/home/bomps/Scrivania/gap_8/gap_sdk/rtos/pulp/pulp-os/libs/io/io.c:97
/home/bomps/Scrivania/SSD_bottle_tincan/SSD_1/BUILD/GAP8_V2/GCC_RISCV_PULPOS/SSD_tin_can_bottle:1c043148 00000014 B text_streamer
/home/bomps/Scrivania/SSD_bottle_tincan/SSD_1/BUILD/GAP8_V2/GCC_RISCV_PULPOS/SSD_tin_can_bottle:1c02ab34 00000016 T pi_hyper_read_async	/home/bomps/Scrivania/gap_8/gap_sdk/rtos/pulp/pulp-os/drivers/hyper/hyperram-v1.c:380
/home/bomps/Scrivania/SSD_bottle_tincan/SSD_1/BUILD/GAP8_V2/GCC_RISCV_PULPOS/SSD_tin_can_bottle:1c028a36 00000016 T semihost_seek	/home/bomps/Scrivania/gap_8/gap_sdk/rtos/pmsis/pmsis_bsp/fs/host_fs/semihost.c:36
/home/bomps/Scrivania/SSD_bottle_tincan/SSD_1/BUILD/GAP8_V2/GCC_RISCV_PULPOS/SSD_tin_can_bottle:1c02cd1e 00000016 T strlen	/home/bomps/Scrivania/gap_8/gap_sdk/rtos/pulp/pulp-os/libs/io/io.c:124
/home/bomps/Scrivania/SSD_bottle_tincan/SSD_1/BUILD/GAP8_V2/GCC_RISCV_PULPOS/SSD_tin_can_bottle:1c028a90 00000018 T bsp_hyperram_conf_init	/home/bomps/Scrivania/gap_8/gap_sdk/rtos/pmsis/pmsis_bsp/bsp/ai_deck.c:40
/home/bomps/Scrivania/SSD_bottle_tincan/SSD_1/BUILD/GAP8_V2/GCC_RISCV_PULPOS/SSD_tin_can_bottle:1b000bf0 00000018 d cbsys_first	/home/bomps/Scrivania/gap_8/gap_sdk/rtos/pulp/pulp-os/kernel/utils.c:30
/home/bomps/Scrivania/SSD_bottle_tincan/SSD_1/BUILD/GAP8_V2/GCC_RISCV_PULPOS/SSD_tin_can_bottle:1c02e340 00000018 r FractionExpLUT
/home/bomps/Scrivania/SSD_bottle_tincan/SSD_1/BUILD/GAP8_V2/GCC_RISCV_PULPOS/SSD_tin_can_bottle:1c02eaa4 00000018 d hyperram_api	/home/bomps/Scrivania/gap_8/gap_sdk/rtos/pmsis/pmsis_bsp/ram/hyperram/hyperram.c:225
/home/bomps/Scrivania/SSD_bottle_tincan/SSD_1/BUILD/GAP8_V2/GCC_RISCV_PULPOS/SSD_tin_can_bottle:1c02e358 00000018 r IntegerExpLUT
/home/bomps/Scrivania/SSD_bottle_tincan/SSD_1/BUILD/GAP8_V2/GCC_RISCV_PULPOS/SSD_tin_can_bottle:1c02743e 00000018 t __nina_w10_append_string	/home/bomps/Scrivania/gap_8/gap_sdk/rtos/pmsis/pmsis_bsp/transport/nina_w10/nina_w10.c:112
/home/bomps/Scrivania/SSD_bottle_tincan/SSD_1/BUILD/GAP8_V2/GCC_RISCV_PULPOS/SSD_tin_can_bottle:1c02c664 00000018 T pi_gpio_pin_notif_clear	/home/bomps/Scrivania/gap_8/gap_sdk/rtos/pulp/pulp-os/drivers/gpio/gpio-v2.c:221
/home/bomps/Scrivania/SSD_bottle_tincan/SSD_1/BUILD/GAP8_V2/GCC_RISCV_PULPOS/SSD_tin_can_bottle:1c02af2c 00000018 T pi_hyper_read_2d_async	/home/bomps/Scrivania/gap_8/gap_sdk/rtos/pulp/pulp-os/drivers/hyper/hyperram-v1.c:420
/home/bomps/Scrivania/SSD_bottle_tincan/SSD_1/BUILD/GAP8_V2/GCC_RISCV_PULPOS/SSD_tin_can_bottle:1c02ab6c 00000018 T pi_hyper_write_async	/home/bomps/Scrivania/gap_8/gap_sdk/rtos/pulp/pulp-os/drivers/hyper/hyperram-v1.c:400
/home/bomps/Scrivania/SSD_bottle_tincan/SSD_1/BUILD/GAP8_V2/GCC_RISCV_PULPOS/SSD_tin_can_bottle:1c025cde 00000018 t __pi_read_fs_copy_2d_async	/home/bomps/Scrivania/gap_8/gap_sdk/rtos/pmsis/pmsis_bsp/fs/read_fs/read_fs.c:657
/home/bomps/Scrivania/SSD_bottle_tincan/SSD_1/BUILD/GAP8_V2/GCC_RISCV_PULPOS/SSD_tin_can_bottle:1c025cc6 00000018 t __pi_read_fs_copy_async	/home/bomps/Scrivania/gap_8/gap_sdk/rtos/pmsis/pmsis_bsp/fs/read_fs/read_fs.c:648
/home/bomps/Scrivania/SSD_bottle_tincan/SSD_1/BUILD/GAP8_V2/GCC_RISCV_PULPOS/SSD_tin_can_bottle:1c000602 00000018 T rgb_to_cr
/home/bomps/Scrivania/SSD_bottle_tincan/SSD_1/BUILD/GAP8_V2/GCC_RISCV_PULPOS/SSD_tin_can_bottle:1c02eaec 00000018 V __rt_padframe_profiles
/home/bomps/Scrivania/SSD_bottle_tincan/SSD_1/BUILD/GAP8_V2/GCC_RISCV_PULPOS/SSD_tin_can_bottle:1c029606 00000018 t __rt_time_poweroff	/home/bomps/Scrivania/gap_8/gap_sdk/rtos/pulp/pulp-os/kernel/time.c:28
/home/bomps/Scrivania/SSD_bottle_tincan/SSD_1/BUILD/GAP8_V2/GCC_RISCV_PULPOS/SSD_tin_can_bottle:1c02961e 00000018 t __rt_time_poweron	/home/bomps/Scrivania/gap_8/gap_sdk/rtos/pulp/pulp-os/kernel/time.c:37
/home/bomps/Scrivania/SSD_bottle_tincan/SSD_1/BUILD/GAP8_V2/GCC_RISCV_PULPOS/SSD_tin_can_bottle:1c02c7fa 00000018 T __rt_udma_channel_init	/home/bomps/Scrivania/gap_8/gap_sdk/rtos/pulp/pulp-os/drivers/udma/udma-v2.c:89
/home/bomps/Scrivania/SSD_bottle_tincan/SSD_1/BUILD/GAP8_V2/GCC_RISCV_PULPOS/SSD_tin_can_bottle:1c02924e 00000018 T __rt_wait_event_prepare_blocking	/home/bomps/Scrivania/gap_8/gap_sdk/rtos/pulp/pulp-os/kernel/events.c:42
/home/bomps/Scrivania/SSD_bottle_tincan/SSD_1/BUILD/GAP8_V2/GCC_RISCV_PULPOS/SSD_tin_can_bottle:1c028ad2 0000001a T bsp_himax_conf_init	/home/bomps/Scrivania/gap_8/gap_sdk/rtos/pmsis/pmsis_bsp/bsp/ai_deck.c:105
/home/bomps/Scrivania/SSD_bottle_tincan/SSD_1/BUILD/GAP8_V2/GCC_RISCV_PULPOS/SSD_tin_can_bottle:1c02cf06 0000001a T fputc_locked
/home/bomps/Scrivania/SSD_bottle_tincan/SSD_1/BUILD/GAP8_V2/GCC_RISCV_PULPOS/SSD_tin_can_bottle:1c02652a 0000001a T __himax_reg_set	/home/bomps/Scrivania/gap_8/gap_sdk/rtos/pmsis/pmsis_bsp/camera/himax/himax.c:484
/home/bomps/Scrivania/SSD_bottle_tincan/SSD_1/BUILD/GAP8_V2/GCC_RISCV_PULPOS/SSD_tin_can_bottle:1c026a74 0000001a t hyperflash_copy_2d_async
/home/bomps/Scrivania/SSD_bottle_tincan/SSD_1/BUILD/GAP8_V2/GCC_RISCV_PULPOS/SSD_tin_can_bottle:1c0279ca 0000001a T pi_hyperram_conf_init	/home/bomps/Scrivania/gap_8/gap_sdk/rtos/pmsis/pmsis_bsp/ram/hyperram/hyperram.c:235
/home/bomps/Scrivania/SSD_bottle_tincan/SSD_1/BUILD/GAP8_V2/GCC_RISCV_PULPOS/SSD_tin_can_bottle:1c02af44 0000001a T pi_hyper_write_2d_async	/home/bomps/Scrivania/gap_8/gap_sdk/rtos/pulp/pulp-os/drivers/hyper/hyperram-v1.c:440
/home/bomps/Scrivania/SSD_bottle_tincan/SSD_1/BUILD/GAP8_V2/GCC_RISCV_PULPOS/SSD_tin_can_bottle:1c0005e8 0000001a T rgb_to_cb
/home/bomps/Scrivania/SSD_bottle_tincan/SSD_1/BUILD/GAP8_V2/GCC_RISCV_PULPOS/SSD_tin_can_bottle:1c0292dc 0000001a T rt_event_get	/home/bomps/Scrivania/gap_8/gap_sdk/rtos/pulp/pulp-os/kernel/events.c:105
/home/bomps/Scrivania/SSD_bottle_tincan/SSD_1/BUILD/GAP8_V2/GCC_RISCV_PULPOS/SSD_tin_can_bottle:1c0293cc 0000001a T rt_event_wait	/home/bomps/Scrivania/gap_8/gap_sdk/rtos/pulp/pulp-os/kernel/events.c:257
/home/bomps/Scrivania/SSD_bottle_tincan/SSD_1/BUILD/GAP8_V2/GCC_RISCV_PULPOS/SSD_tin_can_bottle:1c02cd7a 0000001a T strchr	/home/bomps/Scrivania/gap_8/gap_sdk/rtos/pulp/pulp-os/libs/io/io.c:278
/home/bomps/Scrivania/SSD_bottle_tincan/SSD_1/BUILD/GAP8_V2/GCC_RISCV_PULPOS/SSD_tin_can_bottle:1c02ea20 0000001c d himax_api	/home/bomps/Scrivania/gap_8/gap_sdk/rtos/pmsis/pmsis_bsp/camera/himax/himax.c:502
/home/bomps/Scrivania/SSD_bottle_tincan/SSD_1/BUILD/GAP8_V2/GCC_RISCV_PULPOS/SSD_tin_can_bottle:1c042e58 0000001c b HyperFlash
/home/bomps/Scrivania/SSD_bottle_tincan/SSD_1/BUILD/GAP8_V2/GCC_RISCV_PULPOS/SSD_tin_can_bottle:1c026f42 0000001c t hyperflash_copy_async	/home/bomps/Scrivania/gap_8/gap_sdk/rtos/pmsis/pmsis_bsp/flash/hyperflash/hyperflash.c:844
/home/bomps/Scrivania/SSD_bottle_tincan/SSD_1/BUILD/GAP8_V2/GCC_RISCV_PULPOS/SSD_tin_can_bottle:1c026416 0000001c t __pi_host_fs_close	/home/bomps/Scrivania/gap_8/gap_sdk/rtos/pmsis/pmsis_bsp/fs/host_fs/host_fs.c:67
/home/bomps/Scrivania/SSD_bottle_tincan/SSD_1/BUILD/GAP8_V2/GCC_RISCV_PULPOS/SSD_tin_can_bottle:1c007a9a 0000001c t pi_ram_copy_async.constprop.10
/home/bomps/Scrivania/SSD_bottle_tincan/SSD_1/BUILD/GAP8_V2/GCC_RISCV_PULPOS/SSD_tin_can_bottle:1c026972 0000001c t __rt_event_enqueue	/home/bomps/Scrivania/gap_8/gap_sdk/install/GAP8_V3/include/rt/rt_event.h:397
/home/bomps/Scrivania/SSD_bottle_tincan/SSD_1/BUILD/GAP8_V2/GCC_RISCV_PULPOS/SSD_tin_can_bottle:1c028f90 0000001c t __rt_event_enqueue	/home/bomps/Scrivania/gap_8/gap_sdk/install/GAP8_V3/include/rt/rt_event.h:397
/home/bomps/Scrivania/SSD_bottle_tincan/SSD_1/BUILD/GAP8_V2/GCC_RISCV_PULPOS/SSD_tin_can_bottle:1c02e900 0000001c D std_dc_chrominance_huff	/home/bomps/Scrivania/gap_8/gap_sdk/libs/gap_lib/jpeg/jpeg_encoder.c:67
/home/bomps/Scrivania/SSD_bottle_tincan/SSD_1/BUILD/GAP8_V2/GCC_RISCV_PULPOS/SSD_tin_can_bottle:1c02e830 0000001c D std_dc_luminance_huff	/home/bomps/Scrivania/gap_8/gap_sdk/libs/gap_lib/jpeg/jpeg_encoder.c:31
/home/bomps/Scrivania/SSD_bottle_tincan/SSD_1/BUILD/GAP8_V2/GCC_RISCV_PULPOS/SSD_tin_can_bottle:1c0265c4 0000001e T __himax_reg_get	/home/bomps/Scrivania/gap_8/gap_sdk/rtos/pmsis/pmsis_bsp/camera/himax/himax.c:493
/home/bomps/Scrivania/SSD_bottle_tincan/SSD_1/BUILD/GAP8_V2/GCC_RISCV_PULPOS/SSD_tin_can_bottle:1c026f5e 0000001e t hyperflash_close	/home/bomps/Scrivania/gap_8/gap_sdk/rtos/pmsis/pmsis_bsp/flash/hyperflash/hyperflash.c:276
/home/bomps/Scrivania/SSD_bottle_tincan/SSD_1/BUILD/GAP8_V2/GCC_RISCV_PULPOS/SSD_tin_can_bottle:1c0278c8 0000001e T hyperram_alloc	/home/bomps/Scrivania/gap_8/gap_sdk/rtos/pmsis/pmsis_bsp/ram/hyperram/hyperram.c:158
/home/bomps/Scrivania/SSD_bottle_tincan/SSD_1/BUILD/GAP8_V2/GCC_RISCV_PULPOS/SSD_tin_can_bottle:1c02a748 0000001e T pi_pad_init	/home/bomps/Scrivania/gap_8/gap_sdk/rtos/pulp/pulp-os/drivers/pads/pads-v1.c:31
/home/bomps/Scrivania/SSD_bottle_tincan/SSD_1/BUILD/GAP8_V2/GCC_RISCV_PULPOS/SSD_tin_can_bottle:1c027a54 0000001e t __pi_ram_cluster_req_done	/home/bomps/Scrivania/gap_8/gap_sdk/rtos/pmsis/pmsis_bsp/ram/ram.c:55
/home/bomps/Scrivania/SSD_bottle_tincan/SSD_1/BUILD/GAP8_V2/GCC_RISCV_PULPOS/SSD_tin_can_bottle:1c0290d6 0000001e T __rt_bridge_set_available	/home/bomps/Scrivania/gap_8/gap_sdk/rtos/pulp/pulp-os/kernel/bridge.c:725
/home/bomps/Scrivania/SSD_bottle_tincan/SSD_1/BUILD/GAP8_V2/GCC_RISCV_PULPOS/SSD_tin_can_bottle:1c0289fa 0000001e T semihost_read	/home/bomps/Scrivania/gap_8/gap_sdk/rtos/pmsis/pmsis_bsp/fs/host_fs/semihost.c:24
/home/bomps/Scrivania/SSD_bottle_tincan/SSD_1/BUILD/GAP8_V2/GCC_RISCV_PULPOS/SSD_tin_can_bottle:1c028a18 0000001e T semihost_write	/home/bomps/Scrivania/gap_8/gap_sdk/rtos/pmsis/pmsis_bsp/fs/host_fs/semihost.c:30
/home/bomps/Scrivania/SSD_bottle_tincan/SSD_1/BUILD/GAP8_V2/GCC_RISCV_PULPOS/SSD_tin_can_bottle:1c042cb8 00000020 b buffer
/home/bomps/Scrivania/SSD_bottle_tincan/SSD_1/BUILD/GAP8_V2/GCC_RISCV_PULPOS/SSD_tin_can_bottle:1c02649c 00000020 t __himax_reg_write	/home/bomps/Scrivania/gap_8/gap_sdk/rtos/pmsis/pmsis_bsp/camera/himax/himax.c:163
/home/bomps/Scrivania/SSD_bottle_tincan/SSD_1/BUILD/GAP8_V2/GCC_RISCV_PULPOS/SSD_tin_can_bottle:1c000822 00000020 T jpeg_encoder_open	/home/bomps/Scrivania/gap_8/gap_sdk/libs/gap_lib/jpeg/jpeg_encoder.c:685
/home/bomps/Scrivania/SSD_bottle_tincan/SSD_1/BUILD/GAP8_V2/GCC_RISCV_PULPOS/SSD_tin_can_bottle:1c02d0f8 00000020 t _rlrshift	/home/bomps/Scrivania/gap_8/gap_sdk/rtos/pulp/pulp-os/libs/io/prf.c:122
/home/bomps/Scrivania/SSD_bottle_tincan/SSD_1/BUILD/GAP8_V2/GCC_RISCV_PULPOS/SSD_tin_can_bottle:1c028fac 00000020 t __rt_bridge_check_bridge_req.part.5	/home/bomps/Scrivania/gap_8/gap_sdk/rtos/pulp/pulp-os/kernel/bridge.c:638
/home/bomps/Scrivania/SSD_bottle_tincan/SSD_1/BUILD/GAP8_V2/GCC_RISCV_PULPOS/SSD_tin_can_bottle:1c042fa8 00000020 b __rt_cpi	/home/bomps/Scrivania/gap_8/gap_sdk/rtos/pulp/pulp-os/drivers/cpi/cpi-v1.c:23
/home/bomps/Scrivania/SSD_bottle_tincan/SSD_1/BUILD/GAP8_V2/GCC_RISCV_PULPOS/SSD_tin_can_bottle:1c02ca22 00000020 t rt_event_execute.isra.4.constprop.12	/home/bomps/Scrivania/gap_8/gap_sdk/rtos/pulp/pulp-os/libs/io/io.c:795
/home/bomps/Scrivania/SSD_bottle_tincan/SSD_1/BUILD/GAP8_V2/GCC_RISCV_PULPOS/SSD_tin_can_bottle:1c029404 00000020 T rt_user_alloc_init	/home/bomps/Scrivania/gap_8/gap_sdk/rtos/pulp/pulp-os/kernel/alloc.c:193
/home/bomps/Scrivania/SSD_bottle_tincan/SSD_1/BUILD/GAP8_V2/GCC_RISCV_PULPOS/SSD_tin_can_bottle:1c002fe0 00000020 t RunNetwork
/home/bomps/Scrivania/SSD_bottle_tincan/SSD_1/BUILD/GAP8_V2/GCC_RISCV_PULPOS/SSD_tin_can_bottle:1c02ccfe 00000020 T strncmp	/home/bomps/Scrivania/gap_8/gap_sdk/rtos/pulp/pulp-os/libs/io/io.c:108
/home/bomps/Scrivania/SSD_bottle_tincan/SSD_1/BUILD/GAP8_V2/GCC_RISCV_PULPOS/SSD_tin_can_bottle:1c027914 00000022 t hyperram_close	/home/bomps/Scrivania/gap_8/gap_sdk/rtos/pmsis/pmsis_bsp/ram/hyperram/hyperram.c:123
/home/bomps/Scrivania/SSD_bottle_tincan/SSD_1/BUILD/GAP8_V2/GCC_RISCV_PULPOS/SSD_tin_can_bottle:1c000842 00000022 T jpeg_encoder_start	/home/bomps/Scrivania/gap_8/gap_sdk/libs/gap_lib/jpeg/jpeg_encoder.c:698
/home/bomps/Scrivania/SSD_bottle_tincan/SSD_1/BUILD/GAP8_V2/GCC_RISCV_PULPOS/SSD_tin_can_bottle:1c02ab4a 00000022 T pi_hyper_read	/home/bomps/Scrivania/gap_8/gap_sdk/rtos/pulp/pulp-os/drivers/hyper/hyperram-v1.c:390
/home/bomps/Scrivania/SSD_bottle_tincan/SSD_1/BUILD/GAP8_V2/GCC_RISCV_PULPOS/SSD_tin_can_bottle:1c02ab84 00000022 T pi_hyper_write	/home/bomps/Scrivania/gap_8/gap_sdk/rtos/pulp/pulp-os/drivers/hyper/hyperram-v1.c:411
/home/bomps/Scrivania/SSD_bottle_tincan/SSD_1/BUILD/GAP8_V2/GCC_RISCV_PULPOS/SSD_tin_can_bottle:1c02bf42 00000022 t pos_spim_send_handle_misaligned	/home/bomps/Scrivania/gap_8/gap_sdk/rtos/pulp/pulp-os/drivers/spi/spim-v2.c:1007
/home/bomps/Scrivania/SSD_bottle_tincan/SSD_1/BUILD/GAP8_V2/GCC_RISCV_PULPOS/SSD_tin_can_bottle:1c029116 00000022 T __rt_bridge_clear_notif	/home/bomps/Scrivania/gap_8/gap_sdk/rtos/pulp/pulp-os/kernel/bridge.c:838
/home/bomps/Scrivania/SSD_bottle_tincan/SSD_1/BUILD/GAP8_V2/GCC_RISCV_PULPOS/SSD_tin_can_bottle:1c0290f4 00000022 T __rt_bridge_send_notif	/home/bomps/Scrivania/gap_8/gap_sdk/rtos/pulp/pulp-os/kernel/bridge.c:821
/home/bomps/Scrivania/SSD_bottle_tincan/SSD_1/BUILD/GAP8_V2/GCC_RISCV_PULPOS/SSD_tin_can_bottle:1c0292f6 00000022 T rt_event_get_blocking	/home/bomps/Scrivania/gap_8/gap_sdk/rtos/pulp/pulp-os/kernel/events.c:127
/home/bomps/Scrivania/SSD_bottle_tincan/SSD_1/BUILD/GAP8_V2/GCC_RISCV_PULPOS/SSD_tin_can_bottle:1c02dc90 00000022 t __rt_uart_setfreq_after	/home/bomps/Scrivania/gap_8/gap_sdk/rtos/pulp/pulp-os/drivers_deprecated/uart/uart.c:135
/home/bomps/Scrivania/SSD_bottle_tincan/SSD_1/BUILD/GAP8_V2/GCC_RISCV_PULPOS/SSD_tin_can_bottle:1c028e9a 00000022 T __rt_utils_init	/home/bomps/Scrivania/gap_8/gap_sdk/rtos/pulp/pulp-os/kernel/utils.c:84
/home/bomps/Scrivania/SSD_bottle_tincan/SSD_1/BUILD/GAP8_V2/GCC_RISCV_PULPOS/SSD_tin_can_bottle:1c027e44 00000024 T flash_partition_table_free	/home/bomps/Scrivania/gap_8/gap_sdk/rtos/pmsis/pmsis_bsp/partition/flash_partition.c:221
/home/bomps/Scrivania/SSD_bottle_tincan/SSD_1/BUILD/GAP8_V2/GCC_RISCV_PULPOS/SSD_tin_can_bottle:1c02677e 00000024 t __himax_standby
/home/bomps/Scrivania/SSD_bottle_tincan/SSD_1/BUILD/GAP8_V2/GCC_RISCV_PULPOS/SSD_tin_can_bottle:1c02725c 00000024 t hyperflash_erase	/home/bomps/Scrivania/gap_8/gap_sdk/rtos/pmsis/pmsis_bsp/flash/hyperflash/hyperflash.c:899
/home/bomps/Scrivania/SSD_bottle_tincan/SSD_1/BUILD/GAP8_V2/GCC_RISCV_PULPOS/SSD_tin_can_bottle:1c02708c 00000024 t hyperflash_erase_chip	/home/bomps/Scrivania/gap_8/gap_sdk/rtos/pmsis/pmsis_bsp/flash/hyperflash/hyperflash.c:883
/home/bomps/Scrivania/SSD_bottle_tincan/SSD_1/BUILD/GAP8_V2/GCC_RISCV_PULPOS/SSD_tin_can_bottle:1c027068 00000024 t hyperflash_erase_sector	/home/bomps/Scrivania/gap_8/gap_sdk/rtos/pmsis/pmsis_bsp/flash/hyperflash/hyperflash.c:891
/home/bomps/Scrivania/SSD_bottle_tincan/SSD_1/BUILD/GAP8_V2/GCC_RISCV_PULPOS/SSD_tin_can_bottle:1c02711c 00000024 t hyperflash_program	/home/bomps/Scrivania/gap_8/gap_sdk/rtos/pmsis/pmsis_bsp/flash/hyperflash/hyperflash.c:875
/home/bomps/Scrivania/SSD_bottle_tincan/SSD_1/BUILD/GAP8_V2/GCC_RISCV_PULPOS/SSD_tin_can_bottle:1c0270b0 00000024 t hyperflash_read	/home/bomps/Scrivania/gap_8/gap_sdk/rtos/pmsis/pmsis_bsp/flash/hyperflash/hyperflash.c:866
/home/bomps/Scrivania/SSD_bottle_tincan/SSD_1/BUILD/GAP8_V2/GCC_RISCV_PULPOS/SSD_tin_can_bottle:1c0270d4 00000024 t hyperflash_reg_get	/home/bomps/Scrivania/gap_8/gap_sdk/rtos/pmsis/pmsis_bsp/flash/hyperflash/hyperflash.c:916
/home/bomps/Scrivania/SSD_bottle_tincan/SSD_1/BUILD/GAP8_V2/GCC_RISCV_PULPOS/SSD_tin_can_bottle:1c0270f8 00000024 t hyperflash_reg_set	/home/bomps/Scrivania/gap_8/gap_sdk/rtos/pmsis/pmsis_bsp/flash/hyperflash/hyperflash.c:908
/home/bomps/Scrivania/SSD_bottle_tincan/SSD_1/BUILD/GAP8_V2/GCC_RISCV_PULPOS/SSD_tin_can_bottle:1c02b2cc 00000024 T pi_i2c_read	/home/bomps/Scrivania/gap_8/gap_sdk/rtos/pulp/pulp-os/drivers/i2c/i2c-v2.c:230
/home/bomps/Scrivania/SSD_bottle_tincan/SSD_1/BUILD/GAP8_V2/GCC_RISCV_PULPOS/SSD_tin_can_bottle:1c02b1ec 00000024 T pi_i2c_write	/home/bomps/Scrivania/gap_8/gap_sdk/rtos/pulp/pulp-os/drivers/i2c/i2c-v2.c:182
/home/bomps/Scrivania/SSD_bottle_tincan/SSD_1/BUILD/GAP8_V2/GCC_RISCV_PULPOS/SSD_tin_can_bottle:1c029516 00000024 T __rt_alloc_init_l1	/home/bomps/Scrivania/gap_8/gap_sdk/rtos/pulp/pulp-os/kernel/alloc.c:445
/home/bomps/Scrivania/SSD_bottle_tincan/SSD_1/BUILD/GAP8_V2/GCC_RISCV_PULPOS/SSD_tin_can_bottle:1c025cf6 00000024 t rt_event_enqueue	/home/bomps/Scrivania/gap_8/gap_sdk/install/GAP8_V3/include/rt/rt_event.h:411
/home/bomps/Scrivania/SSD_bottle_tincan/SSD_1/BUILD/GAP8_V2/GCC_RISCV_PULPOS/SSD_tin_can_bottle:1c0262cc 00000024 t rt_event_enqueue	/home/bomps/Scrivania/gap_8/gap_sdk/install/GAP8_V3/include/rt/rt_event.h:411
/home/bomps/Scrivania/SSD_bottle_tincan/SSD_1/BUILD/GAP8_V2/GCC_RISCV_PULPOS/SSD_tin_can_bottle:1c02a77a 00000024 t rt_event_enqueue	/home/bomps/Scrivania/gap_8/gap_sdk/install/GAP8_V3/include/rt/rt_event.h:411
/home/bomps/Scrivania/SSD_bottle_tincan/SSD_1/BUILD/GAP8_V2/GCC_RISCV_PULPOS/SSD_tin_can_bottle:1c029318 00000024 T rt_event_push	/home/bomps/Scrivania/gap_8/gap_sdk/rtos/pulp/pulp-os/kernel/events.c:139
/home/bomps/Scrivania/SSD_bottle_tincan/SSD_1/BUILD/GAP8_V2/GCC_RISCV_PULPOS/SSD_tin_can_bottle:1c0296d6 00000024 T rt_time_wait_us	/home/bomps/Scrivania/gap_8/gap_sdk/rtos/pulp/pulp-os/kernel/time.c:124
/home/bomps/Scrivania/SSD_bottle_tincan/SSD_1/BUILD/GAP8_V2/GCC_RISCV_PULPOS/SSD_tin_can_bottle:1c02dc6c 00000024 t __rt_uart_setup.isra.5	/home/bomps/Scrivania/gap_8/gap_sdk/rtos/pulp/pulp-os/drivers_deprecated/uart/uart.c:222
/home/bomps/Scrivania/SSD_bottle_tincan/SSD_1/BUILD/GAP8_V2/GCC_RISCV_PULPOS/SSD_tin_can_bottle:1c028b06 00000026 t cluster_start	/home/bomps/Scrivania/gap_8/gap_sdk/rtos/pulp/pulp-os/kernel/init.c:198
/home/bomps/Scrivania/SSD_bottle_tincan/SSD_1/BUILD/GAP8_V2/GCC_RISCV_PULPOS/SSD_tin_can_bottle:1c0267a2 00000026 t __himax_close	/home/bomps/Scrivania/gap_8/gap_sdk/rtos/pmsis/pmsis_bsp/camera/himax/himax.c:423
/home/bomps/Scrivania/SSD_bottle_tincan/SSD_1/BUILD/GAP8_V2/GCC_RISCV_PULPOS/SSD_tin_can_bottle:1c001cb6 00000026 T __jpeg_encoder_stop_cl	/home/bomps/Scrivania/gap_8/gap_sdk/libs/gap_lib/jpeg/cluster.c:799
/home/bomps/Scrivania/SSD_bottle_tincan/SSD_1/BUILD/GAP8_V2/GCC_RISCV_PULPOS/SSD_tin_can_bottle:1c0263a4 00000026 t __pi_host_fs_read_async	/home/bomps/Scrivania/gap_8/gap_sdk/rtos/pmsis/pmsis_bsp/fs/host_fs/host_fs.c:74
/home/bomps/Scrivania/SSD_bottle_tincan/SSD_1/BUILD/GAP8_V2/GCC_RISCV_PULPOS/SSD_tin_can_bottle:1c02c426 00000026 T pi_spi_conf_init	/home/bomps/Scrivania/gap_8/gap_sdk/rtos/pulp/pulp-os/drivers/spi/spim-v2.c:1361
/home/bomps/Scrivania/SSD_bottle_tincan/SSD_1/BUILD/GAP8_V2/GCC_RISCV_PULPOS/SSD_tin_can_bottle:1c029636 00000026 T rt_time_get_us	/home/bomps/Scrivania/gap_8/gap_sdk/rtos/pulp/pulp-os/kernel/time.c:45
/home/bomps/Scrivania/SSD_bottle_tincan/SSD_1/BUILD/GAP8_V2/GCC_RISCV_PULPOS/SSD_tin_can_bottle:1c02dc46 00000026 T __rt_uart_cluster_req_done	/home/bomps/Scrivania/gap_8/gap_sdk/rtos/pulp/pulp-os/drivers_deprecated/uart/uart.c:253
/home/bomps/Scrivania/SSD_bottle_tincan/SSD_1/BUILD/GAP8_V2/GCC_RISCV_PULPOS/SSD_tin_can_bottle:1c029bdc 00000026 t soc_eu_fcEventMask_setEvent	/home/bomps/Scrivania/gap_8/gap_sdk/install/GAP8_V3/include/hal/soc_eu/soc_eu_v1.h:60
/home/bomps/Scrivania/SSD_bottle_tincan/SSD_1/BUILD/GAP8_V2/GCC_RISCV_PULPOS/SSD_tin_can_bottle:1c02b0c0 00000026 t soc_eu_fcEventMask_setEvent	/home/bomps/Scrivania/gap_8/gap_sdk/install/GAP8_V3/include/hal/soc_eu/soc_eu_v1.h:60
/home/bomps/Scrivania/SSD_bottle_tincan/SSD_1/BUILD/GAP8_V2/GCC_RISCV_PULPOS/SSD_tin_can_bottle:1c02b51e 00000026 t soc_eu_fcEventMask_setEvent	/home/bomps/Scrivania/gap_8/gap_sdk/install/GAP8_V3/include/hal/soc_eu/soc_eu_v1.h:60
/home/bomps/Scrivania/SSD_bottle_tincan/SSD_1/BUILD/GAP8_V2/GCC_RISCV_PULPOS/SSD_tin_can_bottle:1c02dd62 00000026 t soc_eu_fcEventMask_setEvent	/home/bomps/Scrivania/gap_8/gap_sdk/install/GAP8_V3/include/hal/soc_eu/soc_eu_v1.h:60
/home/bomps/Scrivania/SSD_bottle_tincan/SSD_1/BUILD/GAP8_V2/GCC_RISCV_PULPOS/SSD_tin_can_bottle:1c007926 00000028 t pi_cl_ram_copy_wait
/home/bomps/Scrivania/SSD_bottle_tincan/SSD_1/BUILD/GAP8_V2/GCC_RISCV_PULPOS/SSD_tin_can_bottle:1c02e9f8 00000028 D __pi_host_fs_api
/home/bomps/Scrivania/SSD_bottle_tincan/SSD_1/BUILD/GAP8_V2/GCC_RISCV_PULPOS/SSD_tin_can_bottle:1c02e9d0 00000028 D __pi_read_fs_api
/home/bomps/Scrivania/SSD_bottle_tincan/SSD_1/BUILD/GAP8_V2/GCC_RISCV_PULPOS/SSD_tin_can_bottle:1c02cf20 00000028 T _prf_locked	/home/bomps/Scrivania/gap_8/gap_sdk/rtos/pulp/pulp-os/libs/io/io.c:626
/home/bomps/Scrivania/SSD_bottle_tincan/SSD_1/BUILD/GAP8_V2/GCC_RISCV_PULPOS/SSD_tin_can_bottle:1c028c94 00000028 T __rt_deinit	/home/bomps/Scrivania/gap_8/gap_sdk/rtos/pulp/pulp-os/kernel/init.c:163
/home/bomps/Scrivania/SSD_bottle_tincan/SSD_1/BUILD/GAP8_V2/GCC_RISCV_PULPOS/SSD_tin_can_bottle:1c029226 00000028 T __rt_event_init	/home/bomps/Scrivania/gap_8/gap_sdk/rtos/pulp/pulp-os/kernel/events.c:32
/home/bomps/Scrivania/SSD_bottle_tincan/SSD_1/BUILD/GAP8_V2/GCC_RISCV_PULPOS/SSD_tin_can_bottle:1c04330c 00000028 B __rt_fc_cluster_data
/home/bomps/Scrivania/SSD_bottle_tincan/SSD_1/BUILD/GAP8_V2/GCC_RISCV_PULPOS/SSD_tin_can_bottle:1c02ccc2 00000028 t __rt_io_stop	/home/bomps/Scrivania/gap_8/gap_sdk/rtos/pulp/pulp-os/libs/io/io.c:769
/home/bomps/Scrivania/SSD_bottle_tincan/SSD_1/BUILD/GAP8_V2/GCC_RISCV_PULPOS/SSD_tin_can_bottle:1c02c710 00000028 T rt_padframe_set	/home/bomps/Scrivania/gap_8/gap_sdk/rtos/pulp/pulp-os/drivers_deprecated/pads/pads-v1.c:77
/home/bomps/Scrivania/SSD_bottle_tincan/SSD_1/BUILD/GAP8_V2/GCC_RISCV_PULPOS/SSD_tin_can_bottle:000002b8 00000028 D __rt_udma_extra_callback
/home/bomps/Scrivania/SSD_bottle_tincan/SSD_1/BUILD/GAP8_V2/GCC_RISCV_PULPOS/SSD_tin_can_bottle:000002e0 00000028 D __rt_udma_extra_callback_arg
/home/bomps/Scrivania/SSD_bottle_tincan/SSD_1/BUILD/GAP8_V2/GCC_RISCV_PULPOS/SSD_tin_can_bottle:1c025bc8 0000002a T pi_fs_read	/home/bomps/Scrivania/gap_8/gap_sdk/rtos/pmsis/pmsis_bsp/fs/fs.c:90
/home/bomps/Scrivania/SSD_bottle_tincan/SSD_1/BUILD/GAP8_V2/GCC_RISCV_PULPOS/SSD_tin_can_bottle:1c025bfa 0000002a T pi_fs_write	/home/bomps/Scrivania/gap_8/gap_sdk/rtos/pmsis/pmsis_bsp/fs/fs.c:103
/home/bomps/Scrivania/SSD_bottle_tincan/SSD_1/BUILD/GAP8_V2/GCC_RISCV_PULPOS/SSD_tin_can_bottle:1c02637a 0000002a t __pi_host_fs_write_async	/home/bomps/Scrivania/gap_8/gap_sdk/rtos/pmsis/pmsis_bsp/fs/host_fs/host_fs.c:100
/home/bomps/Scrivania/SSD_bottle_tincan/SSD_1/BUILD/GAP8_V2/GCC_RISCV_PULPOS/SSD_tin_can_bottle:1c02953a 0000002a T __rt_alloc_init_l1_for_fc	/home/bomps/Scrivania/gap_8/gap_sdk/rtos/pulp/pulp-os/kernel/alloc.c:452
/home/bomps/Scrivania/SSD_bottle_tincan/SSD_1/BUILD/GAP8_V2/GCC_RISCV_PULPOS/SSD_tin_can_bottle:1c02c852 0000002a t __rt_i2s_setfreq_after	/home/bomps/Scrivania/gap_8/gap_sdk/rtos/pulp/pulp-os/drivers_deprecated/i2s/i2s-v1.c:235
/home/bomps/Scrivania/SSD_bottle_tincan/SSD_1/BUILD/GAP8_V2/GCC_RISCV_PULPOS/SSD_tin_can_bottle:1c02703c 0000002c t hyperflash_copy_2d	/home/bomps/Scrivania/gap_8/gap_sdk/rtos/pmsis/pmsis_bsp/flash/hyperflash/hyperflash.c:934
/home/bomps/Scrivania/SSD_bottle_tincan/SSD_1/BUILD/GAP8_V2/GCC_RISCV_PULPOS/SSD_tin_can_bottle:1c0274d0 0000002c t __nina_w10_setup_resume	/home/bomps/Scrivania/gap_8/gap_sdk/rtos/pmsis/pmsis_bsp/transport/nina_w10/nina_w10.c:135
/home/bomps/Scrivania/SSD_bottle_tincan/SSD_1/BUILD/GAP8_V2/GCC_RISCV_PULPOS/SSD_tin_can_bottle:1c025b84 0000002c T pi_fs_mount	/home/bomps/Scrivania/gap_8/gap_sdk/rtos/pmsis/pmsis_bsp/fs/fs.c:40
/home/bomps/Scrivania/SSD_bottle_tincan/SSD_1/BUILD/GAP8_V2/GCC_RISCV_PULPOS/SSD_tin_can_bottle:1c02a7fc 0000002c T __pi_hyper_pin_reset_settings	/home/bomps/Scrivania/gap_8/gap_sdk/rtos/pulp/pulp-os/drivers/hyper/hyperram-v1.c:189
/home/bomps/Scrivania/SSD_bottle_tincan/SSD_1/BUILD/GAP8_V2/GCC_RISCV_PULPOS/SSD_tin_can_bottle:1c02a7d0 0000002c T __pi_hyper_pin_settings	/home/bomps/Scrivania/gap_8/gap_sdk/rtos/pulp/pulp-os/drivers/hyper/hyperram-v1.c:181
/home/bomps/Scrivania/SSD_bottle_tincan/SSD_1/BUILD/GAP8_V2/GCC_RISCV_PULPOS/SSD_tin_can_bottle:1c02b474 0000002c t pos_spim_enqueue_to_pending_7	/home/bomps/Scrivania/gap_8/gap_sdk/rtos/pulp/pulp-os/drivers/spi/spim-v2.c:323
/home/bomps/Scrivania/SSD_bottle_tincan/SSD_1/BUILD/GAP8_V2/GCC_RISCV_PULPOS/SSD_tin_can_bottle:1c02d03a 0000002c T printf	/home/bomps/Scrivania/gap_8/gap_sdk/rtos/pulp/pulp-os/libs/io/fprintf.c:41
/home/bomps/Scrivania/SSD_bottle_tincan/SSD_1/BUILD/GAP8_V2/GCC_RISCV_PULPOS/SSD_tin_can_bottle:1c02ceda 0000002c T puts	/home/bomps/Scrivania/gap_8/gap_sdk/rtos/pulp/pulp-os/libs/io/io.c:576
/home/bomps/Scrivania/SSD_bottle_tincan/SSD_1/BUILD/GAP8_V2/GCC_RISCV_PULPOS/SSD_tin_can_bottle:1c0005bc 0000002c T rgb_to_y
/home/bomps/Scrivania/SSD_bottle_tincan/SSD_1/BUILD/GAP8_V2/GCC_RISCV_PULPOS/SSD_tin_can_bottle:1c02c87c 0000002c t __rt_i2s_setfreq_before	/home/bomps/Scrivania/gap_8/gap_sdk/rtos/pulp/pulp-os/drivers_deprecated/i2s/i2s-v1.c:219
/home/bomps/Scrivania/SSD_bottle_tincan/SSD_1/BUILD/GAP8_V2/GCC_RISCV_PULPOS/SSD_tin_can_bottle:1c042efc 0000002c b __rt_pulpos_emu_global_cluster_task	/home/bomps/Scrivania/gap_8/gap_sdk/rtos/pulp/pulp-os/kernel/pulpos_emu.c:26
/home/bomps/Scrivania/SSD_bottle_tincan/SSD_1/BUILD/GAP8_V2/GCC_RISCV_PULPOS/SSD_tin_can_bottle:1c02dcf4 0000002c t __rt_uart_setfreq_before	/home/bomps/Scrivania/gap_8/gap_sdk/rtos/pulp/pulp-os/drivers_deprecated/uart/uart.c:102
/home/bomps/Scrivania/SSD_bottle_tincan/SSD_1/BUILD/GAP8_V2/GCC_RISCV_PULPOS/SSD_tin_can_bottle:1c0293a0 0000002c T __rt_wait_event	/home/bomps/Scrivania/gap_8/gap_sdk/rtos/pulp/pulp-os/kernel/events.c:247
/home/bomps/Scrivania/SSD_bottle_tincan/SSD_1/BUILD/GAP8_V2/GCC_RISCV_PULPOS/SSD_tin_can_bottle:1c0289c6 0000002c T semihost_open	/home/bomps/Scrivania/gap_8/gap_sdk/rtos/pmsis/pmsis_bsp/fs/host_fs/semihost.c:11
/home/bomps/Scrivania/SSD_bottle_tincan/SSD_1/BUILD/GAP8_V2/GCC_RISCV_PULPOS/SSD_tin_can_bottle:1c029bb0 0000002c t SetFllMultDivFactors
/home/bomps/Scrivania/SSD_bottle_tincan/SSD_1/BUILD/GAP8_V2/GCC_RISCV_PULPOS/SSD_tin_can_bottle:1c02eca8 0000002c D task
/home/bomps/Scrivania/SSD_bottle_tincan/SSD_1/BUILD/GAP8_V2/GCC_RISCV_PULPOS/SSD_tin_can_bottle:1c027140 0000002e t hyperflash_copy	/home/bomps/Scrivania/gap_8/gap_sdk/rtos/pmsis/pmsis_bsp/flash/hyperflash/hyperflash.c:924
/home/bomps/Scrivania/SSD_bottle_tincan/SSD_1/BUILD/GAP8_V2/GCC_RISCV_PULPOS/SSD_tin_can_bottle:1c026944 0000002e T pi_himax_conf_init	/home/bomps/Scrivania/gap_8/gap_sdk/rtos/pmsis/pmsis_bsp/camera/himax/himax.c:512
/home/bomps/Scrivania/SSD_bottle_tincan/SSD_1/BUILD/GAP8_V2/GCC_RISCV_PULPOS/SSD_tin_can_bottle:1c0294e8 0000002e T rt_free
/home/bomps/Scrivania/SSD_bottle_tincan/SSD_1/BUILD/GAP8_V2/GCC_RISCV_PULPOS/SSD_tin_can_bottle:1c0299b0 0000002e T __rt_periph_get_event	/home/bomps/Scrivania/gap_8/gap_sdk/rtos/pulp/pulp-os/kernel/periph-v2.c:219
/home/bomps/Scrivania/SSD_bottle_tincan/SSD_1/BUILD/GAP8_V2/GCC_RISCV_PULPOS/SSD_tin_can_bottle:1c0264fa 00000030 t __himax_set_qqvga	/home/bomps/Scrivania/gap_8/gap_sdk/rtos/pmsis/pmsis_bsp/camera/himax/himax.c:214
/home/bomps/Scrivania/SSD_bottle_tincan/SSD_1/BUILD/GAP8_V2/GCC_RISCV_PULPOS/SSD_tin_can_bottle:1c027280 00000030 t hyperflash_get_status_reg	/home/bomps/Scrivania/gap_8/gap_sdk/rtos/pmsis/pmsis_bsp/flash/hyperflash/hyperflash.c:184
/home/bomps/Scrivania/SSD_bottle_tincan/SSD_1/BUILD/GAP8_V2/GCC_RISCV_PULPOS/SSD_tin_can_bottle:1c02740e 00000030 T pi_transport_send	/home/bomps/Scrivania/gap_8/gap_sdk/rtos/pmsis/pmsis_bsp/transport/transport.c:64
/home/bomps/Scrivania/SSD_bottle_tincan/SSD_1/BUILD/GAP8_V2/GCC_RISCV_PULPOS/SSD_tin_can_bottle:1c042c08 00000030 d pos_spim_l2	/home/bomps/Scrivania/gap_8/gap_sdk/rtos/pulp/pulp-os/drivers/spi/spim-v2.c:33
/home/bomps/Scrivania/SSD_bottle_tincan/SSD_1/BUILD/GAP8_V2/GCC_RISCV_PULPOS/SSD_tin_can_bottle:1c0294b8 00000030 T rt_alloc
/home/bomps/Scrivania/SSD_bottle_tincan/SSD_1/BUILD/GAP8_V2/GCC_RISCV_PULPOS/SSD_tin_can_bottle:1c028e6a 00000030 T __rt_cbsys_exec	/home/bomps/Scrivania/gap_8/gap_sdk/rtos/pulp/pulp-os/kernel/utils.c:71
/home/bomps/Scrivania/SSD_bottle_tincan/SSD_1/BUILD/GAP8_V2/GCC_RISCV_PULPOS/SSD_tin_can_bottle:1c0287aa 00000032 T MD5_Init	/home/bomps/Scrivania/gap_8/gap_sdk/rtos/pmsis/pmsis_bsp/crc/md5.c:207
/home/bomps/Scrivania/SSD_bottle_tincan/SSD_1/BUILD/GAP8_V2/GCC_RISCV_PULPOS/SSD_tin_can_bottle:1c02a3ca 00000032 T pi_cluster_close	/home/bomps/Scrivania/gap_8/gap_sdk/rtos/pulp/pulp-os/kernel/cluster.c:370
/home/bomps/Scrivania/SSD_bottle_tincan/SSD_1/BUILD/GAP8_V2/GCC_RISCV_PULPOS/SSD_tin_can_bottle:1c02c596 00000032 T pi_gpio_pin_write	/home/bomps/Scrivania/gap_8/gap_sdk/rtos/pulp/pulp-os/drivers/gpio/gpio-v2.c:158
/home/bomps/Scrivania/SSD_bottle_tincan/SSD_1/BUILD/GAP8_V2/GCC_RISCV_PULPOS/SSD_tin_can_bottle:1c027356 00000032 T pi_hyperflash_conf_init	/home/bomps/Scrivania/gap_8/gap_sdk/rtos/pmsis/pmsis_bsp/flash/hyperflash/hyperflash.c:970
/home/bomps/Scrivania/SSD_bottle_tincan/SSD_1/BUILD/GAP8_V2/GCC_RISCV_PULPOS/SSD_tin_can_bottle:1c025b40 00000032 t pi_task_wait_on.isra.3	/home/bomps/Scrivania/gap_8/gap_sdk/rtos/pmsis/pmsis_bsp/fs/fs.c:122
/home/bomps/Scrivania/SSD_bottle_tincan/SSD_1/BUILD/GAP8_V2/GCC_RISCV_PULPOS/SSD_tin_can_bottle:1c02700a 00000032 t pi_task_wait_on.isra.3	/home/bomps/Scrivania/gap_8/gap_sdk/rtos/pmsis/pmsis_bsp/flash/hyperflash/hyperflash.c:219
/home/bomps/Scrivania/SSD_bottle_tincan/SSD_1/BUILD/GAP8_V2/GCC_RISCV_PULPOS/SSD_tin_can_bottle:1c027388 00000032 t pi_task_wait_on.isra.3	/home/bomps/Scrivania/gap_8/gap_sdk/rtos/pmsis/pmsis_bsp/include/bsp/transport.h:77
/home/bomps/Scrivania/SSD_bottle_tincan/SSD_1/BUILD/GAP8_V2/GCC_RISCV_PULPOS/SSD_tin_can_bottle:1c02b0e6 00000032 t pi_task_wait_on.isra.3	/home/bomps/Scrivania/gap_8/gap_sdk/install/GAP8_V3/include/hal/soc_eu/soc_eu_v1.h:55
/home/bomps/Scrivania/SSD_bottle_tincan/SSD_1/BUILD/GAP8_V2/GCC_RISCV_PULPOS/SSD_tin_can_bottle:1c02a79e 00000032 t pi_task_wait_on.isra.4	/home/bomps/Scrivania/gap_8/gap_sdk/rtos/pulp/pulp-os/drivers/hyper/hyperram-v1.c:1039
/home/bomps/Scrivania/SSD_bottle_tincan/SSD_1/BUILD/GAP8_V2/GCC_RISCV_PULPOS/SSD_tin_can_bottle:1c028ebc 00000032 T __rt_fc_lock	/home/bomps/Scrivania/gap_8/gap_sdk/rtos/pulp/pulp-os/kernel/utils.c:92
/home/bomps/Scrivania/SSD_bottle_tincan/SSD_1/BUILD/GAP8_V2/GCC_RISCV_PULPOS/SSD_tin_can_bottle:000003a8 00000034 D dev_rtc	/home/bomps/Scrivania/gap_8/gap_sdk/rtos/pulp/pulp-os/drivers_deprecated/dolphin/rtc.c:24
/home/bomps/Scrivania/SSD_bottle_tincan/SSD_1/BUILD/GAP8_V2/GCC_RISCV_PULPOS/SSD_tin_can_bottle:1c02d15c 00000034 t _get_digit	/home/bomps/Scrivania/gap_8/gap_sdk/rtos/pulp/pulp-os/libs/io/prf.c:167
/home/bomps/Scrivania/SSD_bottle_tincan/SSD_1/BUILD/GAP8_V2/GCC_RISCV_PULPOS/SSD_tin_can_bottle:1c02e6f4 00000034 r __hyper_pad	/home/bomps/Scrivania/gap_8/gap_sdk/rtos/pulp/pulp-os/drivers/hyper/hyperram-v1.c:164
/home/bomps/Scrivania/SSD_bottle_tincan/SSD_1/BUILD/GAP8_V2/GCC_RISCV_PULPOS/SSD_tin_can_bottle:1c02a714 00000034 T pi_pad_set_function	/home/bomps/Scrivania/gap_8/gap_sdk/rtos/pulp/pulp-os/drivers/pads/pads-v1.c:24
/home/bomps/Scrivania/SSD_bottle_tincan/SSD_1/BUILD/GAP8_V2/GCC_RISCV_PULPOS/SSD_tin_can_bottle:1c02bf64 00000034 t pos_spim_send_handle_misaligned_2d	/home/bomps/Scrivania/gap_8/gap_sdk/rtos/pulp/pulp-os/drivers/spi/spim-v2.c:1022
/home/bomps/Scrivania/SSD_bottle_tincan/SSD_1/BUILD/GAP8_V2/GCC_RISCV_PULPOS/SSD_tin_can_bottle:1c0291f2 00000034 T __rt_bridge_init	/home/bomps/Scrivania/gap_8/gap_sdk/rtos/pulp/pulp-os/kernel/bridge.c:851
/home/bomps/Scrivania/SSD_bottle_tincan/SSD_1/BUILD/GAP8_V2/GCC_RISCV_PULPOS/SSD_tin_can_bottle:1c028eee 00000034 T __rt_fc_unlock	/home/bomps/Scrivania/gap_8/gap_sdk/rtos/pulp/pulp-os/kernel/utils.c:127
/home/bomps/Scrivania/SSD_bottle_tincan/SSD_1/BUILD/GAP8_V2/GCC_RISCV_PULPOS/SSD_tin_can_bottle:1c02c81e 00000034 t __rt_i2s_resume	/home/bomps/Scrivania/gap_8/gap_sdk/rtos/pulp/pulp-os/drivers_deprecated/i2s/i2s-v1.c:186
/home/bomps/Scrivania/SSD_bottle_tincan/SSD_1/BUILD/GAP8_V2/GCC_RISCV_PULPOS/SSD_tin_can_bottle:1c02cab2 00000034 t __rt_putc_host_cluster_req	/home/bomps/Scrivania/gap_8/gap_sdk/rtos/pulp/pulp-os/libs/io/io.c:451
/home/bomps/Scrivania/SSD_bottle_tincan/SSD_1/BUILD/GAP8_V2/GCC_RISCV_PULPOS/SSD_tin_can_bottle:1c02de74 00000034 T rt_uart_cluster_write	/home/bomps/Scrivania/gap_8/gap_sdk/rtos/pulp/pulp-os/drivers_deprecated/uart/uart.c:277
/home/bomps/Scrivania/SSD_bottle_tincan/SSD_1/BUILD/GAP8_V2/GCC_RISCV_PULPOS/SSD_tin_can_bottle:1c02cd44 00000036 T memcpy	/home/bomps/Scrivania/gap_8/gap_sdk/rtos/pulp/pulp-os/libs/io/io.c:159
/home/bomps/Scrivania/SSD_bottle_tincan/SSD_1/BUILD/GAP8_V2/GCC_RISCV_PULPOS/SSD_tin_can_bottle:1c02b076 00000036 T pi_cpi_capture_async	/home/bomps/Scrivania/gap_8/gap_sdk/rtos/pulp/pulp-os/drivers/cpi/cpi-v1.c:102
/home/bomps/Scrivania/SSD_bottle_tincan/SSD_1/BUILD/GAP8_V2/GCC_RISCV_PULPOS/SSD_tin_can_bottle:1c02c6da 00000036 T pi_gpio_pin_configure	/home/bomps/Scrivania/gap_8/gap_sdk/rtos/pulp/pulp-os/drivers/gpio/gpio-v2.c:146
/home/bomps/Scrivania/SSD_bottle_tincan/SSD_1/BUILD/GAP8_V2/GCC_RISCV_PULPOS/SSD_tin_can_bottle:1c0273d8 00000036 T pi_transport_send_header	/home/bomps/Scrivania/gap_8/gap_sdk/rtos/pmsis/pmsis_bsp/transport/transport.c:53
/home/bomps/Scrivania/SSD_bottle_tincan/SSD_1/BUILD/GAP8_V2/GCC_RISCV_PULPOS/SSD_tin_can_bottle:1c028f5a 00000036 T __rt_fc_cluster_unlock	/home/bomps/Scrivania/gap_8/gap_sdk/rtos/pulp/pulp-os/kernel/utils.c:199
/home/bomps/Scrivania/SSD_bottle_tincan/SSD_1/BUILD/GAP8_V2/GCC_RISCV_PULPOS/SSD_tin_can_bottle:1c001c04 00000038 T __jpeg_encoder_process_cl	/home/bomps/Scrivania/gap_8/gap_sdk/libs/gap_lib/jpeg/cluster.c:742
/home/bomps/Scrivania/SSD_bottle_tincan/SSD_1/BUILD/GAP8_V2/GCC_RISCV_PULPOS/SSD_tin_can_bottle:1c025d1a 00000038 t __pi_fs_free	/home/bomps/Scrivania/gap_8/gap_sdk/rtos/pmsis/pmsis_bsp/fs/read_fs/read_fs.c:122
/home/bomps/Scrivania/SSD_bottle_tincan/SSD_1/BUILD/GAP8_V2/GCC_RISCV_PULPOS/SSD_tin_can_bottle:1c02c5c8 00000038 T pi_gpio_pin_read	/home/bomps/Scrivania/gap_8/gap_sdk/rtos/pulp/pulp-os/drivers/gpio/gpio-v2.c:171
/home/bomps/Scrivania/SSD_bottle_tincan/SSD_1/BUILD/GAP8_V2/GCC_RISCV_PULPOS/SSD_tin_can_bottle:1c0079ca 00000038 t pi_task_wait_on.isra.5
/home/bomps/Scrivania/SSD_bottle_tincan/SSD_1/BUILD/GAP8_V2/GCC_RISCV_PULPOS/SSD_tin_can_bottle:1c028f22 00000038 T __rt_fc_cluster_lock	/home/bomps/Scrivania/gap_8/gap_sdk/rtos/pulp/pulp-os/kernel/utils.c:189
/home/bomps/Scrivania/SSD_bottle_tincan/SSD_1/BUILD/GAP8_V2/GCC_RISCV_PULPOS/SSD_tin_can_bottle:1c02b4e4 0000003a t __rt_spi_get_div.isra.1	/home/bomps/Scrivania/gap_8/gap_sdk/rtos/pulp/pulp-os/drivers/spi/spim-v2.c:1318
/home/bomps/Scrivania/SSD_bottle_tincan/SSD_1/BUILD/GAP8_V2/GCC_RISCV_PULPOS/SSD_tin_can_bottle:1c028a54 0000003c t __bsp_init_pads
/home/bomps/Scrivania/SSD_bottle_tincan/SSD_1/BUILD/GAP8_V2/GCC_RISCV_PULPOS/SSD_tin_can_bottle:1c026588 0000003c t __himax_reset	/home/bomps/Scrivania/gap_8/gap_sdk/rtos/pmsis/pmsis_bsp/camera/himax/himax.c:203
/home/bomps/Scrivania/SSD_bottle_tincan/SSD_1/BUILD/GAP8_V2/GCC_RISCV_PULPOS/SSD_tin_can_bottle:1c007b80 0000003c t pi_cl_team_fork.constprop.13
/home/bomps/Scrivania/SSD_bottle_tincan/SSD_1/BUILD/GAP8_V2/GCC_RISCV_PULPOS/SSD_tin_can_bottle:1c02a46c 0000003c T __rt_cluster_new	/home/bomps/Scrivania/gap_8/gap_sdk/rtos/pulp/pulp-os/kernel/cluster.c:445
/home/bomps/Scrivania/SSD_bottle_tincan/SSD_1/BUILD/GAP8_V2/GCC_RISCV_PULPOS/SSD_tin_can_bottle:1c02a4a8 0000003c t __rt_cluster_pulpos_emu_init	/home/bomps/Scrivania/gap_8/gap_sdk/rtos/pulp/pulp-os/kernel/pulpos_emu.c:29
/home/bomps/Scrivania/SSD_bottle_tincan/SSD_1/BUILD/GAP8_V2/GCC_RISCV_PULPOS/SSD_tin_can_bottle:1c02cdf2 0000003c T __rt_putc_uart	/home/bomps/Scrivania/gap_8/gap_sdk/rtos/pulp/pulp-os/libs/io/io.c:412
/home/bomps/Scrivania/SSD_bottle_tincan/SSD_1/BUILD/GAP8_V2/GCC_RISCV_PULPOS/SSD_tin_can_bottle:1c0264bc 0000003e t __himax_init_regs	/home/bomps/Scrivania/gap_8/gap_sdk/rtos/pmsis/pmsis_bsp/camera/himax/himax.c:192
/home/bomps/Scrivania/SSD_bottle_tincan/SSD_1/BUILD/GAP8_V2/GCC_RISCV_PULPOS/SSD_tin_can_bottle:1c025c36 0000003e t __pi_read_fs_write	/home/bomps/Scrivania/gap_8/gap_sdk/rtos/pmsis/pmsis_bsp/fs/read_fs/read_fs.c:499
/home/bomps/Scrivania/SSD_bottle_tincan/SSD_1/BUILD/GAP8_V2/GCC_RISCV_PULPOS/SSD_tin_can_bottle:1c028e2c 0000003e T __rt_cbsys_add	/home/bomps/Scrivania/gap_8/gap_sdk/rtos/pulp/pulp-os/kernel/utils.c:57
/home/bomps/Scrivania/SSD_bottle_tincan/SSD_1/BUILD/GAP8_V2/GCC_RISCV_PULPOS/SSD_tin_can_bottle:1c029adc 0000003e T __rt_freq_init	/home/bomps/Scrivania/gap_8/gap_sdk/rtos/pulp/pulp-os/kernel/gap/freq.c:62
/home/bomps/Scrivania/SSD_bottle_tincan/SSD_1/BUILD/GAP8_V2/GCC_RISCV_PULPOS/SSD_tin_can_bottle:1c0269aa 00000040 t hyperflash_stall_task	/home/bomps/Scrivania/gap_8/gap_sdk/rtos/pmsis/pmsis_bsp/flash/hyperflash/hyperflash.c:489
/home/bomps/Scrivania/SSD_bottle_tincan/SSD_1/BUILD/GAP8_V2/GCC_RISCV_PULPOS/SSD_tin_can_bottle:1c003d72 00000042 T Ker_SSD_Init
/home/bomps/Scrivania/SSD_bottle_tincan/SSD_1/BUILD/GAP8_V2/GCC_RISCV_PULPOS/SSD_tin_can_bottle:1c027a7e 00000042 T pi_cl_ram_copy	/home/bomps/Scrivania/gap_8/gap_sdk/rtos/pmsis/pmsis_bsp/ram/ram.c:71
/home/bomps/Scrivania/SSD_bottle_tincan/SSD_1/BUILD/GAP8_V2/GCC_RISCV_PULPOS/SSD_tin_can_bottle:1c025c84 00000042 t __pi_read_fs_direct_read_async	/home/bomps/Scrivania/gap_8/gap_sdk/rtos/pmsis/pmsis_bsp/fs/read_fs/read_fs.c:624
/home/bomps/Scrivania/SSD_bottle_tincan/SSD_1/BUILD/GAP8_V2/GCC_RISCV_PULPOS/SSD_tin_can_bottle:1c02627c 00000042 t __pi_read_fs_read_async	/home/bomps/Scrivania/gap_8/gap_sdk/rtos/pmsis/pmsis_bsp/fs/read_fs/read_fs.c:586
/home/bomps/Scrivania/SSD_bottle_tincan/SSD_1/BUILD/GAP8_V2/GCC_RISCV_PULPOS/SSD_tin_can_bottle:1c029138 00000042 T __rt_bridge_printf_flush
/home/bomps/Scrivania/SSD_bottle_tincan/SSD_1/BUILD/GAP8_V2/GCC_RISCV_PULPOS/SSD_tin_can_bottle:1c02c986 00000042 t __rt_do_putc_host	/home/bomps/Scrivania/gap_8/gap_sdk/rtos/pulp/pulp-os/libs/io/io.c:430
/home/bomps/Scrivania/SSD_bottle_tincan/SSD_1/BUILD/GAP8_V2/GCC_RISCV_PULPOS/SSD_tin_can_bottle:1c02dd20 00000042 t __rt_uart_cluster_req	/home/bomps/Scrivania/gap_8/gap_sdk/rtos/pulp/pulp-os/drivers_deprecated/uart/uart.c:266
/home/bomps/Scrivania/SSD_bottle_tincan/SSD_1/BUILD/GAP8_V2/GCC_RISCV_PULPOS/SSD_tin_can_bottle:1c02dcb2 00000042 t __rt_uart_wait_tx_done.isra.6	/home/bomps/Scrivania/gap_8/gap_sdk/rtos/pulp/pulp-os/drivers_deprecated/uart/uart.c:222
/home/bomps/Scrivania/SSD_bottle_tincan/SSD_1/BUILD/GAP8_V2/GCC_RISCV_PULPOS/SSD_tin_can_bottle:1c026544 00000044 t __himax_reg_read	/home/bomps/Scrivania/gap_8/gap_sdk/rtos/pmsis/pmsis_bsp/camera/himax/himax.c:175
/home/bomps/Scrivania/SSD_bottle_tincan/SSD_1/BUILD/GAP8_V2/GCC_RISCV_PULPOS/SSD_tin_can_bottle:1c027218 00000044 t hyperflash_erase_async	/home/bomps/Scrivania/gap_8/gap_sdk/rtos/pmsis/pmsis_bsp/flash/hyperflash/hyperflash.c:827
/home/bomps/Scrivania/SSD_bottle_tincan/SSD_1/BUILD/GAP8_V2/GCC_RISCV_PULPOS/SSD_tin_can_bottle:1c029fe0 00000044 T InitFlls	/home/bomps/Scrivania/gap_8/gap_sdk/rtos/pulp/pulp-os/kernel/gap/pmu_driver.c:858
/home/bomps/Scrivania/SSD_bottle_tincan/SSD_1/BUILD/GAP8_V2/GCC_RISCV_PULPOS/SSD_tin_can_bottle:1c02d118 00000044 t _ldiv5	/home/bomps/Scrivania/gap_8/gap_sdk/rtos/pulp/pulp-os/libs/io/prf.c:143
/home/bomps/Scrivania/SSD_bottle_tincan/SSD_1/BUILD/GAP8_V2/GCC_RISCV_PULPOS/SSD_tin_can_bottle:1c02b4a0 00000044 t pos_spim_apply_conf	/home/bomps/Scrivania/gap_8/gap_sdk/rtos/pulp/pulp-os/drivers/spi/spim-v2.c:175
/home/bomps/Scrivania/SSD_bottle_tincan/SSD_1/BUILD/GAP8_V2/GCC_RISCV_PULPOS/SSD_tin_can_bottle:1c02aa98 00000046 t __pi_hyper_copy_exec
/home/bomps/Scrivania/SSD_bottle_tincan/SSD_1/BUILD/GAP8_V2/GCC_RISCV_PULPOS/SSD_tin_can_bottle:1c02c394 00000046 T pos_spim_handle_copy_eot	/home/bomps/Scrivania/gap_8/gap_sdk/rtos/pulp/pulp-os/drivers/spi/spim-v2.c:875
/home/bomps/Scrivania/SSD_bottle_tincan/SSD_1/BUILD/GAP8_V2/GCC_RISCV_PULPOS/SSD_tin_can_bottle:1c028fcc 00000046 t __rt_bridge_wait
/home/bomps/Scrivania/SSD_bottle_tincan/SSD_1/BUILD/GAP8_V2/GCC_RISCV_PULPOS/SSD_tin_can_bottle:1c02b02e 00000048 T pi_cpi_close	/home/bomps/Scrivania/gap_8/gap_sdk/rtos/pulp/pulp-os/drivers/cpi/cpi-v1.c:73
/home/bomps/Scrivania/SSD_bottle_tincan/SSD_1/BUILD/GAP8_V2/GCC_RISCV_PULPOS/SSD_tin_can_bottle:1c0263ca 00000048 t __pi_host_fs_copy_async	/home/bomps/Scrivania/gap_8/gap_sdk/rtos/pmsis/pmsis_bsp/fs/host_fs/host_fs.c:115
/home/bomps/Scrivania/SSD_bottle_tincan/SSD_1/BUILD/GAP8_V2/GCC_RISCV_PULPOS/SSD_tin_can_bottle:1c029424 00000048 T rt_user_alloc	/home/bomps/Scrivania/gap_8/gap_sdk/rtos/pulp/pulp-os/kernel/alloc.c:207
/home/bomps/Scrivania/SSD_bottle_tincan/SSD_1/BUILD/GAP8_V2/GCC_RISCV_PULPOS/SSD_tin_can_bottle:1c0007d4 0000004a T jpeg_encoder_process	/home/bomps/Scrivania/gap_8/gap_sdk/libs/gap_lib/jpeg/jpeg_encoder.c:676
/home/bomps/Scrivania/SSD_bottle_tincan/SSD_1/BUILD/GAP8_V2/GCC_RISCV_PULPOS/SSD_tin_can_bottle:1c02a6ca 0000004a T pi_cluster_send_task_to_cl	/home/bomps/Scrivania/gap_8/gap_sdk/rtos/pulp/pulp-os/kernel/cluster_call.c:149
/home/bomps/Scrivania/SSD_bottle_tincan/SSD_1/BUILD/GAP8_V2/GCC_RISCV_PULPOS/SSD_tin_can_bottle:1c029a92 0000004a T rt_freq_set_and_get	/home/bomps/Scrivania/gap_8/gap_sdk/rtos/pulp/pulp-os/kernel/gap/freq.c:30
/home/bomps/Scrivania/SSD_bottle_tincan/SSD_1/BUILD/GAP8_V2/GCC_RISCV_PULPOS/SSD_tin_can_bottle:1c02c3da 0000004c T pos_spim_receive_handle_temp_buffer	/home/bomps/Scrivania/gap_8/gap_sdk/rtos/pulp/pulp-os/drivers/spi/spim-v2.c:1045
/home/bomps/Scrivania/SSD_bottle_tincan/SSD_1/BUILD/GAP8_V2/GCC_RISCV_PULPOS/SSD_tin_can_bottle:1c02908a 0000004c T __rt_bridge_check_connection
/home/bomps/Scrivania/SSD_bottle_tincan/SSD_1/BUILD/GAP8_V2/GCC_RISCV_PULPOS/SSD_tin_can_bottle:1c028cc0 0000004c T rt_irq_set_handler	/home/bomps/Scrivania/gap_8/gap_sdk/rtos/pulp/pulp-os/kernel/irq.c:61
/home/bomps/Scrivania/SSD_bottle_tincan/SSD_1/BUILD/GAP8_V2/GCC_RISCV_PULPOS/SSD_tin_can_bottle:1c02946c 0000004c T rt_user_free	/home/bomps/Scrivania/gap_8/gap_sdk/rtos/pulp/pulp-os/kernel/alloc.c:291
/home/bomps/Scrivania/SSD_bottle_tincan/SSD_1/BUILD/GAP8_V2/GCC_RISCV_PULPOS/SSD_tin_can_bottle:1c007bbc 0000004e t pi_cl_dma_cmd_2d
/home/bomps/Scrivania/SSD_bottle_tincan/SSD_1/BUILD/GAP8_V2/GCC_RISCV_PULPOS/SSD_tin_can_bottle:1c025fa8 0000004e t __pi_read_fs_close
/home/bomps/Scrivania/SSD_bottle_tincan/SSD_1/BUILD/GAP8_V2/GCC_RISCV_PULPOS/SSD_tin_can_bottle:1c02de26 0000004e T rt_uart_close	/home/bomps/Scrivania/gap_8/gap_sdk/rtos/pulp/pulp-os/drivers_deprecated/uart/uart.c:228
/home/bomps/Scrivania/SSD_bottle_tincan/SSD_1/BUILD/GAP8_V2/GCC_RISCV_PULPOS/SSD_tin_can_bottle:1c005a44 00000050 t KerConv3x2from3x3Stride1_H_SQ8.isra.16
/home/bomps/Scrivania/SSD_bottle_tincan/SSD_1/BUILD/GAP8_V2/GCC_RISCV_PULPOS/SSD_tin_can_bottle:1c004efa 00000050 t KerConv3x2from3x3Stride2_H_SQ8.isra.23
/home/bomps/Scrivania/SSD_bottle_tincan/SSD_1/BUILD/GAP8_V2/GCC_RISCV_PULPOS/SSD_tin_can_bottle:1c02ec58 00000050 D out_boxes
/home/bomps/Scrivania/SSD_bottle_tincan/SSD_1/BUILD/GAP8_V2/GCC_RISCV_PULPOS/SSD_tin_can_bottle:1c02c68a 00000050 T pi_gpio_mask_configure	/home/bomps/Scrivania/gap_8/gap_sdk/rtos/pulp/pulp-os/drivers/gpio/gpio-v2.c:279
/home/bomps/Scrivania/SSD_bottle_tincan/SSD_1/BUILD/GAP8_V2/GCC_RISCV_PULPOS/SSD_tin_can_bottle:1c028d0e 00000050 T __rt_handle_illegal_instr	/home/bomps/Scrivania/gap_8/gap_sdk/rtos/pulp/pulp-os/kernel/irq.c:94
/home/bomps/Scrivania/SSD_bottle_tincan/SSD_1/BUILD/GAP8_V2/GCC_RISCV_PULPOS/SSD_tin_can_bottle:1c02af6a 00000050 t __rt_hyper_init	/home/bomps/Scrivania/gap_8/gap_sdk/rtos/pulp/pulp-os/drivers/hyper/hyperram-v1.c:995
/home/bomps/Scrivania/SSD_bottle_tincan/SSD_1/BUILD/GAP8_V2/GCC_RISCV_PULPOS/SSD_tin_can_bottle:1c02c936 00000050 t __rt_io_uart_wait_req	/home/bomps/Scrivania/gap_8/gap_sdk/rtos/pulp/pulp-os/libs/io/io.c:315
/home/bomps/Scrivania/SSD_bottle_tincan/SSD_1/BUILD/GAP8_V2/GCC_RISCV_PULPOS/SSD_tin_can_bottle:00000354 00000050 D __rt_udma_channels
/home/bomps/Scrivania/SSD_bottle_tincan/SSD_1/BUILD/GAP8_V2/GCC_RISCV_PULPOS/SSD_tin_can_bottle:1c02aba6 00000052 t exec_pending_task	/home/bomps/Scrivania/gap_8/gap_sdk/rtos/pulp/pulp-os/drivers/hyper/hyperram-v1.c:867
/home/bomps/Scrivania/SSD_bottle_tincan/SSD_1/BUILD/GAP8_V2/GCC_RISCV_PULPOS/SSD_tin_can_bottle:1c027b1a 00000052 T extern_alloc_init	/home/bomps/Scrivania/gap_8/gap_sdk/rtos/pmsis/pmsis_bsp/ram/alloc_extern.c:104
/home/bomps/Scrivania/SSD_bottle_tincan/SSD_1/BUILD/GAP8_V2/GCC_RISCV_PULPOS/SSD_tin_can_bottle:1c027304 00000052 t hyperflash_check_program	/home/bomps/Scrivania/gap_8/gap_sdk/rtos/pmsis/pmsis_bsp/flash/hyperflash/hyperflash.c:673
/home/bomps/Scrivania/SSD_bottle_tincan/SSD_1/BUILD/GAP8_V2/GCC_RISCV_PULPOS/SSD_tin_can_bottle:1c02c8a8 00000052 T __rt_i2s_init	/home/bomps/Scrivania/gap_8/gap_sdk/rtos/pulp/pulp-os/drivers_deprecated/i2s/i2s-v1.c:268
/home/bomps/Scrivania/SSD_bottle_tincan/SSD_1/BUILD/GAP8_V2/GCC_RISCV_PULPOS/SSD_tin_can_bottle:1c028d5e 00000052 T __rt_irq_init	/home/bomps/Scrivania/gap_8/gap_sdk/rtos/pulp/pulp-os/kernel/irq.c:103
/home/bomps/Scrivania/SSD_bottle_tincan/SSD_1/BUILD/GAP8_V2/GCC_RISCV_PULPOS/SSD_tin_can_bottle:1c02ea3c 00000054 d hyperflash_api	/home/bomps/Scrivania/gap_8/gap_sdk/rtos/pmsis/pmsis_bsp/flash/hyperflash/hyperflash.c:944
/home/bomps/Scrivania/SSD_bottle_tincan/SSD_1/BUILD/GAP8_V2/GCC_RISCV_PULPOS/SSD_tin_can_bottle:1c0272b0 00000054 t hyperflash_check_erase	/home/bomps/Scrivania/gap_8/gap_sdk/rtos/pmsis/pmsis_bsp/flash/hyperflash/hyperflash.c:709
/home/bomps/Scrivania/SSD_bottle_tincan/SSD_1/BUILD/GAP8_V2/GCC_RISCV_PULPOS/SSD_tin_can_bottle:1c005c92 00000054 t KerConv3x2from3x3Stride2_H_SQ8.isra.19
/home/bomps/Scrivania/SSD_bottle_tincan/SSD_1/BUILD/GAP8_V2/GCC_RISCV_PULPOS/SSD_tin_can_bottle:1c02c7a6 00000054 T __rt_udma_copy_enqueue	/home/bomps/Scrivania/gap_8/gap_sdk/rtos/pulp/pulp-os/drivers/udma/udma-v2.c:55
/home/bomps/Scrivania/SSD_bottle_tincan/SSD_1/BUILD/GAP8_V2/GCC_RISCV_PULPOS/SSD_tin_can_bottle:1c002e02 00000056 T __fixsfsi	/home/haugoug/src/riscv-gnu-toolchain/riscv-gcc/libgcc/soft-fp/fixsfsi.c:35
/home/bomps/Scrivania/SSD_bottle_tincan/SSD_1/BUILD/GAP8_V2/GCC_RISCV_PULPOS/SSD_tin_can_bottle:1c026ddc 00000056 t hyperflash_reg_set_async	/home/bomps/Scrivania/gap_8/gap_sdk/rtos/pmsis/pmsis_bsp/flash/hyperflash/hyperflash.c:312
[...]
/home/bomps/Scrivania/SSD_bottle_tincan/SSD_1/BUILD/GAP8_V2/GCC_RISCV_PULPOS/SSD_tin_can_bottle:1c025e7e 0000012a t __pi_fs_mount_step	/home/bomps/Scrivania/gap_8/gap_sdk/rtos/pmsis/pmsis_bsp/fs/read_fs/read_fs.c:140
/home/bomps/Scrivania/SSD_bottle_tincan/SSD_1/BUILD/GAP8_V2/GCC_RISCV_PULPOS/SSD_tin_can_bottle:1c02a1c2 0000012a t __rt_cluster_mount_step	/home/bomps/Scrivania/gap_8/gap_sdk/rtos/pulp/pulp-os/kernel/cluster.c:221
/home/bomps/Scrivania/SSD_bottle_tincan/SSD_1/BUILD/GAP8_V2/GCC_RISCV_PULPOS/SSD_tin_can_bottle:1c02987c 00000134 T rt_periph_copy	/home/bomps/Scrivania/gap_8/gap_sdk/rtos/pulp/pulp-os/kernel/periph-v2.c:58
/home/bomps/Scrivania/SSD_bottle_tincan/SSD_1/BUILD/GAP8_V2/GCC_RISCV_PULPOS/SSD_tin_can_bottle:1c005a94 00000136 t KerConv3x3BorderStride1_SQ8.isra.17
/home/bomps/Scrivania/SSD_bottle_tincan/SSD_1/BUILD/GAP8_V2/GCC_RISCV_PULPOS/SSD_tin_can_bottle:1c028878 00000138 T MD5_Final	/home/bomps/Scrivania/gap_8/gap_sdk/rtos/pmsis/pmsis_bsp/crc/md5.c:258
/home/bomps/Scrivania/SSD_bottle_tincan/SSD_1/BUILD/GAP8_V2/GCC_RISCV_PULPOS/SSD_tin_can_bottle:1c005ce6 0000013c t KerConv3x3BorderStride2_SQ8.isra.20
/home/bomps/Scrivania/SSD_bottle_tincan/SSD_1/BUILD/GAP8_V2/GCC_RISCV_PULPOS/SSD_tin_can_bottle:1c02bad6 0000013e T pi_spi_receive_async	/home/bomps/Scrivania/gap_8/gap_sdk/rtos/pulp/pulp-os/drivers/spi/spim-v2.c:584
/home/bomps/Scrivania/SSD_bottle_tincan/SSD_1/BUILD/GAP8_V2/GCC_RISCV_PULPOS/SSD_tin_can_bottle:1c004c2a 0000014a T KerParLinearLayerFullFeatB32_SQ8
/home/bomps/Scrivania/SSD_bottle_tincan/SSD_1/BUILD/GAP8_V2/GCC_RISCV_PULPOS/SSD_tin_can_bottle:1c000ada 00000158 t exec_quantization	/home/bomps/Scrivania/gap_8/gap_sdk/libs/gap_lib/jpeg/cluster.c:327
/home/bomps/Scrivania/SSD_bottle_tincan/SSD_1/BUILD/GAP8_V2/GCC_RISCV_PULPOS/SSD_tin_can_bottle:1c02b97e 00000158 T pi_spi_send_async	/home/bomps/Scrivania/gap_8/gap_sdk/rtos/pulp/pulp-os/drivers/spi/spim-v2.c:479
/home/bomps/Scrivania/SSD_bottle_tincan/SSD_1/BUILD/GAP8_V2/GCC_RISCV_PULPOS/SSD_tin_can_bottle:1c02a838 00000168 T pi_hyper_open	/home/bomps/Scrivania/gap_8/gap_sdk/rtos/pulp/pulp-os/drivers/hyper/hyperram-v1.c:261
/home/bomps/Scrivania/SSD_bottle_tincan/SSD_1/BUILD/GAP8_V2/GCC_RISCV_PULPOS/SSD_tin_can_bottle:1c028b2c 00000168 T __rt_init	/home/bomps/Scrivania/gap_8/gap_sdk/rtos/pulp/pulp-os/kernel/init.c:74
/home/bomps/Scrivania/SSD_bottle_tincan/SSD_1/BUILD/GAP8_V2/GCC_RISCV_PULPOS/SSD_tin_can_bottle:1c043178 00000174 B SSD_Monitor
/home/bomps/Scrivania/SSD_bottle_tincan/SSD_1/BUILD/GAP8_V2/GCC_RISCV_PULPOS/SSD_tin_can_bottle:1c0265ec 00000192 T __himax_open	/home/bomps/Scrivania/gap_8/gap_sdk/rtos/pmsis/pmsis_bsp/camera/himax/himax.c:275
/home/bomps/Scrivania/SSD_bottle_tincan/SSD_1/BUILD/GAP8_V2/GCC_RISCV_PULPOS/SSD_tin_can_bottle:1c02bc14 00000192 T pi_spi_transfer_async	/home/bomps/Scrivania/gap_8/gap_sdk/rtos/pulp/pulp-os/drivers/spi/spim-v2.c:684
/home/bomps/Scrivania/SSD_bottle_tincan/SSD_1/BUILD/GAP8_V2/GCC_RISCV_PULPOS/SSD_tin_can_bottle:1c00cbd0 00000194 T S76_MatAdd_64x15x20
/home/bomps/Scrivania/SSD_bottle_tincan/SSD_1/BUILD/GAP8_V2/GCC_RISCV_PULPOS/SSD_tin_can_bottle:1c000c32 0000019c t check_fetch_block	/home/bomps/Scrivania/gap_8/gap_sdk/libs/gap_lib/jpeg/cluster.c:536
/home/bomps/Scrivania/SSD_bottle_tincan/SSD_1/BUILD/GAP8_V2/GCC_RISCV_PULPOS/SSD_tin_can_bottle:1c02bda6 0000019c T pos_spim_send_enqueue_transfer	/home/bomps/Scrivania/gap_8/gap_sdk/rtos/pulp/pulp-os/drivers/spi/spim-v2.c:887
/home/bomps/Scrivania/SSD_bottle_tincan/SSD_1/BUILD/GAP8_V2/GCC_RISCV_PULPOS/SSD_tin_can_bottle:1c00ba70 000001a0 T S47_MatAdd_32x30x40
/home/bomps/Scrivania/SSD_bottle_tincan/SSD_1/BUILD/GAP8_V2/GCC_RISCV_PULPOS/SSD_tin_can_bottle:1c00062c 000001a8 T jpeg_encoder_process_async	/home/bomps/Scrivania/gap_8/gap_sdk/libs/gap_lib/jpeg/jpeg_encoder.c:617
/home/bomps/Scrivania/SSD_bottle_tincan/SSD_1/BUILD/GAP8_V2/GCC_RISCV_PULPOS/SSD_tin_can_bottle:1c02767c 000001b0 T __nina_w10_open	/home/bomps/Scrivania/gap_8/gap_sdk/rtos/pmsis/pmsis_bsp/transport/nina_w10/nina_w10.c:246
/home/bomps/Scrivania/SSD_bottle_tincan/SSD_1/BUILD/GAP8_V2/GCC_RISCV_PULPOS/SSD_tin_can_bottle:1c005e22 000001b6 T KerParConvDW3x3Stride1B32_SQ8
/home/bomps/Scrivania/SSD_bottle_tincan/SSD_1/BUILD/GAP8_V2/GCC_RISCV_PULPOS/SSD_tin_can_bottle:1c0137ba 000001b6 T S195_Conv2d_24x512x1x1
/home/bomps/Scrivania/SSD_bottle_tincan/SSD_1/BUILD/GAP8_V2/GCC_RISCV_PULPOS/SSD_tin_can_bottle:1c003000 000001c2 T frame_streamer_open
/home/bomps/Scrivania/SSD_bottle_tincan/SSD_1/BUILD/GAP8_V2/GCC_RISCV_PULPOS/SSD_tin_can_bottle:1c00183a 000001c6 t __jpeg_encoder_process_pe_entry	/home/bomps/Scrivania/gap_8/gap_sdk/libs/gap_lib/jpeg/cluster.c:565
/home/bomps/Scrivania/SSD_bottle_tincan/SSD_1/BUILD/GAP8_V2/GCC_RISCV_PULPOS/SSD_tin_can_bottle:1c00015e 000001c6 T process_du	/home/bomps/Scrivania/gap_8/gap_sdk/libs/gap_lib/jpeg/jpeg_encoder.c:252
/home/bomps/Scrivania/SSD_bottle_tincan/SSD_1/BUILD/GAP8_V2/GCC_RISCV_PULPOS/SSD_tin_can_bottle:1c015452 000001ca T S240_Conv2d_128x64x1x3_Relu6
/home/bomps/Scrivania/SSD_bottle_tincan/SSD_1/BUILD/GAP8_V2/GCC_RISCV_PULPOS/SSD_tin_can_bottle:1c00506c 000001d0 T KerParConv3x3Stride2_SQ8
/home/bomps/Scrivania/SSD_bottle_tincan/SSD_1/BUILD/GAP8_V2/GCC_RISCV_PULPOS/SSD_tin_can_bottle:1c013a20 000001da T S200_Conv2d_18x512x1x1_Hsigmoid
/home/bomps/Scrivania/SSD_bottle_tincan/SSD_1/BUILD/GAP8_V2/GCC_RISCV_PULPOS/SSD_tin_can_bottle:1c02bf98 000001e0 T pos_spim_receive_enqueue_transfer	/home/bomps/Scrivania/gap_8/gap_sdk/rtos/pulp/pulp-os/drivers/spi/spim-v2.c:1077
/home/bomps/Scrivania/SSD_bottle_tincan/SSD_1/BUILD/GAP8_V2/GCC_RISCV_PULPOS/SSD_tin_can_bottle:1c001cdc 000001e8 T Dct8x8	/home/bomps/Scrivania/gap_8/gap_sdk/libs/gap_lib/jpeg/dct.c:31
/home/bomps/Scrivania/SSD_bottle_tincan/SSD_1/BUILD/GAP8_V2/GCC_RISCV_PULPOS/SSD_tin_can_bottle:1c005fd8 000001e8 T KerParConvDW3x3Stride2B32_SQ8
/home/bomps/Scrivania/SSD_bottle_tincan/SSD_1/BUILD/GAP8_V2/GCC_RISCV_PULPOS/SSD_tin_can_bottle:1c0147c0 000001ea T S221_Conv2d_128x256x1x1_Relu6
/home/bomps/Scrivania/SSD_bottle_tincan/SSD_1/BUILD/GAP8_V2/GCC_RISCV_PULPOS/SSD_tin_can_bottle:1c002c16 000001ec T __mulsf3	/home/haugoug/src/riscv-gnu-toolchain/riscv-gcc/libgcc/soft-fp/mulsf3.c:35
/home/bomps/Scrivania/SSD_bottle_tincan/SSD_1/BUILD/GAP8_V2/GCC_RISCV_PULPOS/SSD_tin_can_bottle:1c02b544 000001ec T pi_spi_open	/home/bomps/Scrivania/gap_8/gap_sdk/rtos/pulp/pulp-os/drivers/spi/spim-v2.c:195
/home/bomps/Scrivania/SSD_bottle_tincan/SSD_1/BUILD/GAP8_V2/GCC_RISCV_PULPOS/SSD_tin_can_bottle:1c01425a 000001f0 T S211_Conv2d_24x256x1x1
/home/bomps/Scrivania/SSD_bottle_tincan/SSD_1/BUILD/GAP8_V2/GCC_RISCV_PULPOS/SSD_tin_can_bottle:1c014cfa 000001f0 T S227_Conv2d_24x256x1x1
/home/bomps/Scrivania/SSD_bottle_tincan/SSD_1/BUILD/GAP8_V2/GCC_RISCV_PULPOS/SSD_tin_can_bottle:1c015260 000001f2 T S237_Conv2d_64x256x1x1_Relu6
/home/bomps/Scrivania/SSD_bottle_tincan/SSD_1/BUILD/GAP8_V2/GCC_RISCV_PULPOS/SSD_tin_can_bottle:1c01561c 000001f2 T S243_Conv2d_24x128x1x1
/home/bomps/Scrivania/SSD_bottle_tincan/SSD_1/BUILD/GAP8_V2/GCC_RISCV_PULPOS/SSD_tin_can_bottle:1c001a00 00000204 t __jpeg_encoder_process_cl_entry	/home/bomps/Scrivania/gap_8/gap_sdk/libs/gap_lib/jpeg/cluster.c:644
/home/bomps/Scrivania/SSD_bottle_tincan/SSD_1/BUILD/GAP8_V2/GCC_RISCV_PULPOS/SSD_tin_can_bottle:1c0144fa 00000216 T S216_Conv2d_18x256x1x1_Hsigmoid
/home/bomps/Scrivania/SSD_bottle_tincan/SSD_1/BUILD/GAP8_V2/GCC_RISCV_PULPOS/SSD_tin_can_bottle:1c014f9a 00000216 T S232_Conv2d_18x256x1x1_Hsigmoid
/home/bomps/Scrivania/SSD_bottle_tincan/SSD_1/BUILD/GAP8_V2/GCC_RISCV_PULPOS/SSD_tin_can_bottle:1c01580e 00000216 T S249_Conv2d_18x128x1x1_Hsigmoid
/home/bomps/Scrivania/SSD_bottle_tincan/SSD_1/BUILD/GAP8_V2/GCC_RISCV_PULPOS/SSD_tin_can_bottle:1c0429f0 00000218 d __rt_spim	/home/bomps/Scrivania/gap_8/gap_sdk/rtos/pulp/pulp-os/drivers/spi/spim-v2.c:32
/home/bomps/Scrivania/SSD_bottle_tincan/SSD_1/BUILD/GAP8_V2/GCC_RISCV_PULPOS/SSD_tin_can_bottle:1c000882 00000244 T jpeg_encoder_header	/home/bomps/Scrivania/gap_8/gap_sdk/libs/gap_lib/jpeg/jpeg_encoder.c:732
/home/bomps/Scrivania/SSD_bottle_tincan/SSD_1/BUILD/GAP8_V2/GCC_RISCV_PULPOS/SSD_tin_can_bottle:1c02b730 0000024e T __rt_spi_handle_repeat	/home/bomps/Scrivania/gap_8/gap_sdk/rtos/pulp/pulp-os/drivers/spi/spim-v2.c:371
/home/bomps/Scrivania/SSD_bottle_tincan/SSD_1/BUILD/GAP8_V2/GCC_RISCV_PULPOS/SSD_tin_can_bottle:1c013caa 00000260 T S205_Conv2d_128x512x1x1_Relu6
/home/bomps/Scrivania/SSD_bottle_tincan/SSD_1/BUILD/GAP8_V2/GCC_RISCV_PULPOS/SSD_tin_can_bottle:1c000e7e 00000262 t AppendBytes_cl	/home/bomps/Scrivania/gap_8/gap_sdk/libs/gap_lib/jpeg/cluster.c:107
/home/bomps/Scrivania/SSD_bottle_tincan/SSD_1/BUILD/GAP8_V2/GCC_RISCV_PULPOS/SSD_tin_can_bottle:1c015a24 0000027a T S253_Op_CUSTOM_0_110
/home/bomps/Scrivania/SSD_bottle_tincan/SSD_1/BUILD/GAP8_V2/GCC_RISCV_PULPOS/SSD_tin_can_bottle:1c00e99c 0000027c T S115_MatAdd_96x15x20
/home/bomps/Scrivania/SSD_bottle_tincan/SSD_1/BUILD/GAP8_V2/GCC_RISCV_PULPOS/SSD_tin_can_bottle:00000030 00000280 D periph_channels
/home/bomps/Scrivania/SSD_bottle_tincan/SSD_1/BUILD/GAP8_V2/GCC_RISCV_PULPOS/SSD_tin_can_bottle:1c0061c0 00000282 T KerMatAdd_SQ8
/home/bomps/Scrivania/SSD_bottle_tincan/SSD_1/BUILD/GAP8_V2/GCC_RISCV_PULPOS/SSD_tin_can_bottle:1c00fada 00000290 T S131_Conv2d_12x576x1x1
/home/bomps/Scrivania/SSD_bottle_tincan/SSD_1/BUILD/GAP8_V2/GCC_RISCV_PULPOS/SSD_tin_can_bottle:1c003adc 00000290 T start
/home/bomps/Scrivania/SSD_bottle_tincan/SSD_1/BUILD/GAP8_V2/GCC_RISCV_PULPOS/SSD_tin_can_bottle:1c0044e8 00000292 t CNN_Transpose_Body_fps
/home/bomps/Scrivania/SSD_bottle_tincan/SSD_1/BUILD/GAP8_V2/GCC_RISCV_PULPOS/SSD_tin_can_bottle:1c00bf72 00000292 T S66_Conv2d_64x192x1x1
/home/bomps/Scrivania/SSD_bottle_tincan/SSD_1/BUILD/GAP8_V2/GCC_RISCV_PULPOS/SSD_tin_can_bottle:1c012bfc 00000294 T S184_Conv2d_18x1280x1x1_Hsigmoid
/home/bomps/Scrivania/SSD_bottle_tincan/SSD_1/BUILD/GAP8_V2/GCC_RISCV_PULPOS/SSD_tin_can_bottle:1c02abf8 00000296 t __pi_hyper_copy_misaligned	/home/bomps/Scrivania/gap_8/gap_sdk/rtos/pulp/pulp-os/drivers/hyper/hyperram-v1.c:806
/home/bomps/Scrivania/SSD_bottle_tincan/SSD_1/BUILD/GAP8_V2/GCC_RISCV_PULPOS/SSD_tin_can_bottle:1c000324 00000298 t jpeg_encoder_process_fc.isra.7	/home/bomps/Scrivania/gap_8/gap_sdk/libs/gap_lib/jpeg/jpeg_encoder.c:475
/home/bomps/Scrivania/SSD_bottle_tincan/SSD_1/BUILD/GAP8_V2/GCC_RISCV_PULPOS/SSD_tin_can_bottle:1c004242 000002a6 T Ker_SSD_NMS
/home/bomps/Scrivania/SSD_bottle_tincan/SSD_1/BUILD/GAP8_V2/GCC_RISCV_PULPOS/SSD_tin_can_bottle:1c00fe26 000002c8 T S136_Conv2d_9x576x1x1_Hsigmoid
/home/bomps/Scrivania/SSD_bottle_tincan/SSD_1/BUILD/GAP8_V2/GCC_RISCV_PULPOS/SSD_tin_can_bottle:1c00db4e 000002e8 T S105_Conv2d_96x384x1x1
/home/bomps/Scrivania/SSD_bottle_tincan/SSD_1/BUILD/GAP8_V2/GCC_RISCV_PULPOS/SSD_tin_can_bottle:1c01284e 000002fe T S179_Conv2d_24x1280x1x1
/home/bomps/Scrivania/SSD_bottle_tincan/SSD_1/BUILD/GAP8_V2/GCC_RISCV_PULPOS/SSD_tin_can_bottle:1c00f7be 0000031c T S125_MatAdd_96x15x20
/home/bomps/Scrivania/SSD_bottle_tincan/SSD_1/BUILD/GAP8_V2/GCC_RISCV_PULPOS/SSD_tin_can_bottle:1c00a330 00000324 T S28_MatAdd_24x60x80
/home/bomps/Scrivania/SSD_bottle_tincan/SSD_1/BUILD/GAP8_V2/GCC_RISCV_PULPOS/SSD_tin_can_bottle:1c0028e8 0000032e T __umoddi3	/home/haugoug/src/riscv-gnu-toolchain/riscv-gcc/libgcc/libgcc2.c:1305
/home/bomps/Scrivania/SSD_bottle_tincan/SSD_1/BUILD/GAP8_V2/GCC_RISCV_PULPOS/SSD_tin_can_bottle:1c00ab7c 0000033c T S37_Conv2d_32x144x1x1
/home/bomps/Scrivania/SSD_bottle_tincan/SSD_1/BUILD/GAP8_V2/GCC_RISCV_PULPOS/SSD_tin_can_bottle:1c0025ac 0000033c T __udivdi3	/home/haugoug/src/riscv-gnu-toolchain/riscv-gcc/libgcc/libgcc2.c:1317
/home/bomps/Scrivania/SSD_bottle_tincan/SSD_1/BUILD/GAP8_V2/GCC_RISCV_PULPOS/SSD_tin_can_bottle:1c00c204 00000340 T S69_Conv2d_384x64x1x1_Relu6
/home/bomps/Scrivania/SSD_bottle_tincan/SSD_1/BUILD/GAP8_V2/GCC_RISCV_PULPOS/SSD_tin_can_bottle:1c00c544 00000344 T S72_Conv2d_384x1x3x3_Relu6
/home/bomps/Scrivania/SSD_bottle_tincan/SSD_1/BUILD/GAP8_V2/GCC_RISCV_PULPOS/SSD_tin_can_bottle:1c00cd64 00000344 T S82_Conv2d_384x1x3x3_Relu6
/home/bomps/Scrivania/SSD_bottle_tincan/SSD_1/BUILD/GAP8_V2/GCC_RISCV_PULPOS/SSD_tin_can_bottle:1c00f0c6 00000348 T S121_Conv2d_576x1x3x3_Relu6
/home/bomps/Scrivania/SSD_bottle_tincan/SSD_1/BUILD/GAP8_V2/GCC_RISCV_PULPOS/SSD_tin_can_bottle:1c00c888 00000348 T S75_Conv2d_64x384x1x1
/home/bomps/Scrivania/SSD_bottle_tincan/SSD_1/BUILD/GAP8_V2/GCC_RISCV_PULPOS/SSD_tin_can_bottle:1c00aeb8 0000034a T S40_Conv2d_192x32x1x1_Relu6
/home/bomps/Scrivania/SSD_bottle_tincan/SSD_1/BUILD/GAP8_V2/GCC_RISCV_PULPOS/SSD_tin_can_bottle:1c00d0a8 0000034a T S85_Conv2d_64x384x1x1
/home/bomps/Scrivania/SSD_bottle_tincan/SSD_1/BUILD/GAP8_V2/GCC_RISCV_PULPOS/SSD_tin_can_bottle:1c013f0a 00000350 T S208_Conv2d_256x128x3x3_Relu6
/home/bomps/Scrivania/SSD_bottle_tincan/SSD_1/BUILD/GAP8_V2/GCC_RISCV_PULPOS/SSD_tin_can_bottle:1c0149aa 00000350 T S224_Conv2d_256x128x3x3_Relu6
/home/bomps/Scrivania/SSD_bottle_tincan/SSD_1/BUILD/GAP8_V2/GCC_RISCV_PULPOS/SSD_tin_can_bottle:1c00b70e 00000362 T S46_Conv2d_32x192x1x1
/home/bomps/Scrivania/SSD_bottle_tincan/SSD_1/BUILD/GAP8_V2/GCC_RISCV_PULPOS/SSD_tin_can_bottle:1c00bc10 00000362 T S63_Conv2d_192x1x3x3_Relu6
/home/bomps/Scrivania/SSD_bottle_tincan/SSD_1/BUILD/GAP8_V2/GCC_RISCV_PULPOS/SSD_tin_can_bottle:1c00d7e6 00000368 T S102_Conv2d_384x1x3x3_Relu6
/home/bomps/Scrivania/SSD_bottle_tincan/SSD_1/BUILD/GAP8_V2/GCC_RISCV_PULPOS/SSD_tin_can_bottle:1c010d8c 0000037a T S150_Conv2d_960x1x3x3_Relu6
/home/bomps/Scrivania/SSD_bottle_tincan/SSD_1/BUILD/GAP8_V2/GCC_RISCV_PULPOS/SSD_tin_can_bottle:1c011106 00000392 T S153_Conv2d_160x960x1x1
/home/bomps/Scrivania/SSD_bottle_tincan/SSD_1/BUILD/GAP8_V2/GCC_RISCV_PULPOS/SSD_tin_can_bottle:1c011948 00000392 T S163_Conv2d_160x960x1x1
/home/bomps/Scrivania/SSD_bottle_tincan/SSD_1/BUILD/GAP8_V2/GCC_RISCV_PULPOS/SSD_tin_can_bottle:1c009f9e 00000392 T S27_Conv2d_24x144x1x1
/home/bomps/Scrivania/SSD_bottle_tincan/SSD_1/BUILD/GAP8_V2/GCC_RISCV_PULPOS/SSD_tin_can_bottle:1c0120c6 00000394 T S173_Conv2d_320x960x1x1
/home/bomps/Scrivania/SSD_bottle_tincan/SSD_1/BUILD/GAP8_V2/GCC_RISCV_PULPOS/SSD_tin_can_bottle:1c00e5f2 000003aa T S114_Conv2d_96x576x1x1
/home/bomps/Scrivania/SSD_bottle_tincan/SSD_1/BUILD/GAP8_V2/GCC_RISCV_PULPOS/SSD_tin_can_bottle:1c00f40e 000003b0 T S124_Conv2d_96x576x1x1
/home/bomps/Scrivania/SSD_bottle_tincan/SSD_1/BUILD/GAP8_V2/GCC_RISCV_PULPOS/SSD_tin_can_bottle:1c012f40 000003c8 T S189_Conv2d_256x1280x1x1_Relu6
/home/bomps/Scrivania/SSD_bottle_tincan/SSD_1/BUILD/GAP8_V2/GCC_RISCV_PULPOS/SSD_tin_can_bottle:1c00de36 000003cc T S108_Conv2d_576x96x1x1_Relu6
/home/bomps/Scrivania/SSD_bottle_tincan/SSD_1/BUILD/GAP8_V2/GCC_RISCV_PULPOS/SSD_tin_can_bottle:1c0101aa 000003d8 T S141_Conv2d_576x1x3x3_Relu6
/home/bomps/Scrivania/SSD_bottle_tincan/SSD_1/BUILD/GAP8_V2/GCC_RISCV_PULPOS/SSD_tin_can_bottle:1c01155e 000003ea T S157_Conv2d_960x160x1x1_Relu6
/home/bomps/Scrivania/SSD_bottle_tincan/SSD_1/BUILD/GAP8_V2/GCC_RISCV_PULPOS/SSD_tin_can_bottle:1c011cda 000003ec T S167_Conv2d_960x160x1x1_Relu6
/home/bomps/Scrivania/SSD_bottle_tincan/SSD_1/BUILD/GAP8_V2/GCC_RISCV_PULPOS/SSD_tin_can_bottle:1c00e202 000003f0 T S111_Conv2d_576x1x3x3_Relu6
/home/bomps/Scrivania/SSD_bottle_tincan/SSD_1/BUILD/GAP8_V2/GCC_RISCV_PULPOS/SSD_tin_can_bottle:1c01099a 000003f2 T S147_Conv2d_960x160x1x1_Relu6
/home/bomps/Scrivania/SSD_bottle_tincan/SSD_1/BUILD/GAP8_V2/GCC_RISCV_PULPOS/SSD_tin_can_bottle:1c01245a 000003f4 T S176_Conv2d_1280x320x1x1_Relu6
/home/bomps/Scrivania/SSD_bottle_tincan/SSD_1/BUILD/GAP8_V2/GCC_RISCV_PULPOS/SSD_tin_can_bottle:1c00d3f2 000003f4 T S99_Conv2d_384x64x1x1_Relu6
/home/bomps/Scrivania/SSD_bottle_tincan/SSD_1/BUILD/GAP8_V2/GCC_RISCV_PULPOS/SSD_tin_can_bottle:1c008536 00000402 T S9_Conv2d_16x32x1x1
/home/bomps/Scrivania/SSD_bottle_tincan/SSD_1/BUILD/GAP8_V2/GCC_RISCV_PULPOS/SSD_tin_can_bottle:1c010582 00000418 T S144_Conv2d_160x576x1x1
/home/bomps/Scrivania/SSD_bottle_tincan/SSD_1/BUILD/GAP8_V2/GCC_RISCV_PULPOS/SSD_tin_can_bottle:1c009668 0000042c T S21_Conv2d_144x24x1x1_Relu6
/home/bomps/Scrivania/SSD_bottle_tincan/SSD_1/BUILD/GAP8_V2/GCC_RISCV_PULPOS/SSD_tin_can_bottle:1c009236 00000432 T S18_Conv2d_24x96x1x1
/home/bomps/Scrivania/SSD_bottle_tincan/SSD_1/BUILD/GAP8_V2/GCC_RISCV_PULPOS/SSD_tin_can_bottle:1c008938 0000043e T S12_Conv2d_96x16x1x1_Relu6
/home/bomps/Scrivania/SSD_bottle_tincan/SSD_1/BUILD/GAP8_V2/GCC_RISCV_PULPOS/SSD_tin_can_bottle:1c007c0a 0000044a T S3_Conv2d_32x3x3x3_Relu6
/home/bomps/Scrivania/SSD_bottle_tincan/SSD_1/BUILD/GAP8_V2/GCC_RISCV_PULPOS/SSD_tin_can_bottle:1c003db4 0000048e T Ker_SSD_Decoder
/home/bomps/Scrivania/SSD_bottle_tincan/SSD_1/BUILD/GAP8_V2/GCC_RISCV_PULPOS/SSD_tin_can_bottle:1c00ec18 000004ae T S118_Conv2d_576x96x1x1_Relu6
/home/bomps/Scrivania/SSD_bottle_tincan/SSD_1/BUILD/GAP8_V2/GCC_RISCV_PULPOS/SSD_tin_can_bottle:1c013308 000004b2 T S192_Conv2d_512x256x3x3_Relu6
/home/bomps/Scrivania/SSD_bottle_tincan/SSD_1/BUILD/GAP8_V2/GCC_RISCV_PULPOS/SSD_tin_can_bottle:1c008d76 000004c0 T S15_Conv2d_96x1x3x3_Relu6
/home/bomps/Scrivania/SSD_bottle_tincan/SSD_1/BUILD/GAP8_V2/GCC_RISCV_PULPOS/SSD_tin_can_bottle:1c007462 000004c4 T KerParMatMulB32_SF_SQ8
/home/bomps/Scrivania/SSD_bottle_tincan/SSD_1/BUILD/GAP8_V2/GCC_RISCV_PULPOS/SSD_tin_can_bottle:1c008054 000004e2 T S6_Conv2d_32x1x3x3_Relu6
/home/bomps/Scrivania/SSD_bottle_tincan/SSD_1/BUILD/GAP8_V2/GCC_RISCV_PULPOS/SSD_tin_can_bottle:1c009a94 0000050a T S24_Conv2d_144x1x3x3_Relu6
/home/bomps/Scrivania/SSD_bottle_tincan/SSD_1/BUILD/GAP8_V2/GCC_RISCV_PULPOS/SSD_tin_can_bottle:1c00b202 0000050c T S43_Conv2d_192x1x3x3_Relu6
/home/bomps/Scrivania/SSD_bottle_tincan/SSD_1/BUILD/GAP8_V2/GCC_RISCV_PULPOS/SSD_tin_can_bottle:1c00a654 00000528 T S34_Conv2d_144x1x3x3_Relu6
/home/bomps/Scrivania/SSD_bottle_tincan/SSD_1/BUILD/GAP8_V2/GCC_RISCV_PULPOS/SSD_tin_can_bottle:1c00523c 000005ba T KerPar_MM_Conv1D_ReLU_SQ8
/home/bomps/Scrivania/SSD_bottle_tincan/SSD_1/BUILD/GAP8_V2/GCC_RISCV_PULPOS/SSD_tin_can_bottle:1c0010e0 000006a0 t exec_check_bitstream	/home/bomps/Scrivania/gap_8/gap_sdk/libs/gap_lib/jpeg/cluster.c:493
/home/bomps/Scrivania/SSD_bottle_tincan/SSD_1/BUILD/GAP8_V2/GCC_RISCV_PULPOS/SSD_tin_can_bottle:1c0421b4 00000788 D JpegConstants
/home/bomps/Scrivania/SSD_bottle_tincan/SSD_1/BUILD/GAP8_V2/GCC_RISCV_PULPOS/SSD_tin_can_bottle:1b0003e8 00000800 D __rt_fc_stack
/home/bomps/Scrivania/SSD_bottle_tincan/SSD_1/BUILD/GAP8_V2/GCC_RISCV_PULPOS/SSD_tin_can_bottle:1c006c52 00000810 T KerParMatMulB32_2x4_ReLU_SQ8
/home/bomps/Scrivania/SSD_bottle_tincan/SSD_1/BUILD/GAP8_V2/GCC_RISCV_PULPOS/SSD_tin_can_bottle:1c006442 00000810 T KerParMatMulB32_2x4_SQ8
/home/bomps/Scrivania/SSD_bottle_tincan/SSD_1/BUILD/GAP8_V2/GCC_RISCV_PULPOS/SSD_tin_can_bottle:1c003292 0000084a t detection_handler
/home/bomps/Scrivania/SSD_bottle_tincan/SSD_1/BUILD/GAP8_V2/GCC_RISCV_PULPOS/SSD_tin_can_bottle:1c027ed4 000008d6 t body	/home/bomps/Scrivania/gap_8/gap_sdk/rtos/pmsis/pmsis_bsp/crc/md5.c:100
/home/bomps/Scrivania/SSD_bottle_tincan/SSD_1/BUILD/GAP8_V2/GCC_RISCV_PULPOS/SSD_tin_can_bottle:1c02d190 00000ab6 T _prf	/home/bomps/Scrivania/gap_8/gap_sdk/rtos/pulp/pulp-os/libs/io/prf.c:437
/home/bomps/Scrivania/SSD_bottle_tincan/SSD_1/BUILD/GAP8_V2/GCC_RISCV_PULPOS/SSD_tin_can_bottle:1c02040c 00005726 T SSD_tin_can_bottleCNN
/home/bomps/Scrivania/SSD_bottle_tincan/SSD_1/BUILD/GAP8_V2/GCC_RISCV_PULPOS/SSD_tin_can_bottle:1c015c9e 0000a76e T SSD_tin_can_bottleCNN_Construct
/home/bomps/Scrivania/SSD_bottle_tincan/SSD_1/BUILD/GAP8_V2/GCC_RISCV_PULPOS/SSD_tin_can_bottle:1c02ece0 000134d0 d Input_1
/home/bomps/Scrivania/SSD_bottle_tincan/SSD_1/BUILD/GAP8_V2/GCC_RISCV_PULPOS/SSD_tin_can_bottle:1c000872 fffffffe T jpeg_encoder_close	/home/bomps/Scrivania/gap_8/gap_sdk/libs/gap_lib/jpeg/jpeg_encoder.c:717
