   text	   data	    bss	    dec	    hex	filename
0x2d4a4	0x15914	  0x50c	 275140	  432c4	/home/bomps/Scrivania/SSD_bottle_tincan/SSD_1/BUILD/GAP8_V2/GCC_RISCV_PULPOS/SSD_tin_can_bottle
/home/bomps/Scrivania/SSD_bottle_tincan/SSD_1/BUILD/GAP8_V2/GCC_RISCV_PULPOS/SSD_tin_can_bottle:1b000c08 00000001 D camera_isAwaked	/home/bomps/Scrivania/gap_8/gap_sdk/rtos/pulp/pulp-os/drivers_deprecated/camera/himax.c:150
/home/bomps/Scrivania/SSD_bottle_tincan/SSD_1/BUILD/GAP8_V2/GCC_RISCV_PULPOS/SSD_tin_can_bottle:00000338 00000001 D __rt_hyper_pending_emu_do_memcpy	/home/bomps/Scrivania/gap_8/gap_sdk/rtos/pulp/pulp-os/drivers/hyper/hyperram-v1.c:53
/home/bomps/Scrivania/SSD_bottle_tincan/SSD_1/BUILD/GAP8_V2/GCC_RISCV_PULPOS/SSD_tin_can_bottle:1c041e3c 00000001 B sel
/home/bomps/Scrivania/SSD_bottle_tincan/SSD_1/BUILD/GAP8_V2/GCC_RISCV_PULPOS/SSD_tin_can_bottle:1c025160 00000002 T __camera_conf_init	/home/bomps/Scrivania/gap_8/gap_sdk/rtos/pmsis/pmsis_bsp/camera/camera.c:43
/home/bomps/Scrivania/SSD_bottle_tincan/SSD_1/BUILD/GAP8_V2/GCC_RISCV_PULPOS/SSD_tin_can_bottle:1c024804 00000002 T __flash_conf_init	/home/bomps/Scrivania/gap_8/gap_sdk/rtos/pmsis/pmsis_bsp/flash/flash.c:33
/home/bomps/Scrivania/SSD_bottle_tincan/SSD_1/BUILD/GAP8_V2/GCC_RISCV_PULPOS/SSD_tin_can_bottle:1c0279d2 00000002 W illegal_insn_handler_c	/home/bomps/Scrivania/gap_8/gap_sdk/rtos/pulp/pulp-os/kernel/irq.c:89
/home/bomps/Scrivania/SSD_bottle_tincan/SSD_1/BUILD/GAP8_V2/GCC_RISCV_PULPOS/SSD_tin_can_bottle:1c026120 00000002 T __nina_w10_close	/home/bomps/Scrivania/gap_8/gap_sdk/rtos/pmsis/pmsis_bsp/transport/nina_w10/nina_w10.c:316
/home/bomps/Scrivania/SSD_bottle_tincan/SSD_1/BUILD/GAP8_V2/GCC_RISCV_PULPOS/SSD_tin_can_bottle:1c024f90 00000002 t __pi_host_fs_unmount	/home/bomps/Scrivania/gap_8/gap_sdk/rtos/pmsis/pmsis_bsp/fs/host_fs/host_fs.c:40
/home/bomps/Scrivania/SSD_bottle_tincan/SSD_1/BUILD/GAP8_V2/GCC_RISCV_PULPOS/SSD_tin_can_bottle:1c02692e 00000002 T pi_partition_table_free	/home/bomps/Scrivania/gap_8/gap_sdk/rtos/pmsis/pmsis_bsp/partition/partition.c:46
/home/bomps/Scrivania/SSD_bottle_tincan/SSD_1/BUILD/GAP8_V2/GCC_RISCV_PULPOS/SSD_tin_can_bottle:1c0280c0 00000002 T pi_task_push_delayed_us	/home/bomps/Scrivania/gap_8/gap_sdk/rtos/pulp/pulp-os/kernel/events.c:273
/home/bomps/Scrivania/SSD_bottle_tincan/SSD_1/BUILD/GAP8_V2/GCC_RISCV_PULPOS/SSD_tin_can_bottle:1c028db8 00000002 T __rt_fll_deinit	/home/bomps/Scrivania/gap_8/gap_sdk/rtos/pulp/pulp-os/kernel/gap/pmu_driver.c:876
/home/bomps/Scrivania/SSD_bottle_tincan/SSD_1/BUILD/GAP8_V2/GCC_RISCV_PULPOS/SSD_tin_can_bottle:1c028dba 00000002 T __rt_flls_constructor	/home/bomps/Scrivania/gap_8/gap_sdk/rtos/pulp/pulp-os/kernel/gap/pmu_driver.c:880
/home/bomps/Scrivania/SSD_bottle_tincan/SSD_1/BUILD/GAP8_V2/GCC_RISCV_PULPOS/SSD_tin_can_bottle:1c04161c 00000003 d ToHWDCDC_Pos	/home/bomps/Scrivania/gap_8/gap_sdk/rtos/pulp/pulp-os/kernel/gap/pmu_driver.c:192
/home/bomps/Scrivania/SSD_bottle_tincan/SSD_1/BUILD/GAP8_V2/GCC_RISCV_PULPOS/SSD_tin_can_bottle:1c041dc8 00000004 b __bsp_init_pads_done	/home/bomps/Scrivania/gap_8/gap_sdk/rtos/pmsis/pmsis_bsp/bsp/ai_deck.c:28
/home/bomps/Scrivania/SSD_bottle_tincan/SSD_1/BUILD/GAP8_V2/GCC_RISCV_PULPOS/SSD_tin_can_bottle:1c02d89c 00000004 d connection.13554
/home/bomps/Scrivania/SSD_bottle_tincan/SSD_1/BUILD/GAP8_V2/GCC_RISCV_PULPOS/SSD_tin_can_bottle:1c02cddc 00000004 t ctor_list	/home/bomps/Scrivania/gap_8/gap_sdk/rtos/pulp/pulp-os/kernel/init.c:29
/home/bomps/Scrivania/SSD_bottle_tincan/SSD_1/BUILD/GAP8_V2/GCC_RISCV_PULPOS/SSD_tin_can_bottle:1c02ce24 00000004 t dtor_list	/home/bomps/Scrivania/gap_8/gap_sdk/rtos/pulp/pulp-os/kernel/init.c:30
/home/bomps/Scrivania/SSD_bottle_tincan/SSD_1/BUILD/GAP8_V2/GCC_RISCV_PULPOS/SSD_tin_can_bottle:1c041e50 00000004 B first_delayed
/home/bomps/Scrivania/SSD_bottle_tincan/SSD_1/BUILD/GAP8_V2/GCC_RISCV_PULPOS/SSD_tin_can_bottle:1c041dbc 00000004 b l3_buff
/home/bomps/Scrivania/SSD_bottle_tincan/SSD_1/BUILD/GAP8_V2/GCC_RISCV_PULPOS/SSD_tin_can_bottle:1c02611c 00000004 T __nina_w10_connect	/home/bomps/Scrivania/gap_8/gap_sdk/rtos/pmsis/pmsis_bsp/transport/nina_w10/nina_w10.c:309
/home/bomps/Scrivania/SSD_bottle_tincan/SSD_1/BUILD/GAP8_V2/GCC_RISCV_PULPOS/SSD_tin_can_bottle:1c026122 00000004 T __nina_w10_receive_async	/home/bomps/Scrivania/gap_8/gap_sdk/rtos/pmsis/pmsis_bsp/transport/nina_w10/nina_w10.c:354
/home/bomps/Scrivania/SSD_bottle_tincan/SSD_1/BUILD/GAP8_V2/GCC_RISCV_PULPOS/SSD_tin_can_bottle:1c0250d8 00000004 t __pi_host_fs_direct_read_async
/home/bomps/Scrivania/SSD_bottle_tincan/SSD_1/BUILD/GAP8_V2/GCC_RISCV_PULPOS/SSD_tin_can_bottle:1c041dd4 00000004 b __pi_hyper_cluster_reqs_first	/home/bomps/Scrivania/gap_8/gap_sdk/rtos/pulp/pulp-os/drivers/hyper/hyperram-v1.c:62
/home/bomps/Scrivania/SSD_bottle_tincan/SSD_1/BUILD/GAP8_V2/GCC_RISCV_PULPOS/SSD_tin_can_bottle:1c027982 00000004 T pi_open_from_conf	/home/bomps/Scrivania/gap_8/gap_sdk/rtos/pulp/pulp-os/kernel/init.c:325
/home/bomps/Scrivania/SSD_bottle_tincan/SSD_1/BUILD/GAP8_V2/GCC_RISCV_PULPOS/SSD_tin_can_bottle:1c026930 00000004 T pi_partition_table_load	/home/bomps/Scrivania/gap_8/gap_sdk/rtos/pmsis/pmsis_bsp/partition/partition.c:51
/home/bomps/Scrivania/SSD_bottle_tincan/SSD_1/BUILD/GAP8_V2/GCC_RISCV_PULPOS/SSD_tin_can_bottle:1c0283c0 00000004 T pi_time_wait_us	/home/bomps/Scrivania/gap_8/gap_sdk/rtos/pulp/pulp-os/kernel/time.c:131
/home/bomps/Scrivania/SSD_bottle_tincan/SSD_1/BUILD/GAP8_V2/GCC_RISCV_PULPOS/SSD_tin_can_bottle:1c041620 00000004 D PMURetentionState
/home/bomps/Scrivania/SSD_bottle_tincan/SSD_1/BUILD/GAP8_V2/GCC_RISCV_PULPOS/SSD_tin_can_bottle:000003a4 00000004 D pwmEventsStatus	/home/bomps/Scrivania/gap_8/gap_sdk/rtos/pulp/pulp-os/drivers/pwm/pwm.c:9
/home/bomps/Scrivania/SSD_bottle_tincan/SSD_1/BUILD/GAP8_V2/GCC_RISCV_PULPOS/SSD_tin_can_bottle:1c04162c 00000004 d RetPMUStateToPMUState	/home/bomps/Scrivania/gap_8/gap_sdk/rtos/pulp/pulp-os/kernel/gap/pmu_driver.c:185
/home/bomps/Scrivania/SSD_bottle_tincan/SSD_1/BUILD/GAP8_V2/GCC_RISCV_PULPOS/SSD_tin_can_bottle:1c041e4c 00000004 B __rt_alloc_fc_tcdm
/home/bomps/Scrivania/SSD_bottle_tincan/SSD_1/BUILD/GAP8_V2/GCC_RISCV_PULPOS/SSD_tin_can_bottle:1c041e44 00000004 B __rt_alloc_l1
/home/bomps/Scrivania/SSD_bottle_tincan/SSD_1/BUILD/GAP8_V2/GCC_RISCV_PULPOS/SSD_tin_can_bottle:1c041e48 00000004 B __rt_alloc_l2
/home/bomps/Scrivania/SSD_bottle_tincan/SSD_1/BUILD/GAP8_V2/GCC_RISCV_PULPOS/SSD_tin_can_bottle:00000014 00000004 d __rt_bridge_eeprom_handle	/home/bomps/Scrivania/gap_8/gap_sdk/rtos/pulp/pulp-os/kernel/bridge.c:25
/home/bomps/Scrivania/SSD_bottle_tincan/SSD_1/BUILD/GAP8_V2/GCC_RISCV_PULPOS/SSD_tin_can_bottle:00000010 00000004 d __rt_bridge_flash_cs	/home/bomps/Scrivania/gap_8/gap_sdk/rtos/pulp/pulp-os/kernel/bridge.c:29
/home/bomps/Scrivania/SSD_bottle_tincan/SSD_1/BUILD/GAP8_V2/GCC_RISCV_PULPOS/SSD_tin_can_bottle:00000004 00000004 d __rt_bridge_flash_handle	/home/bomps/Scrivania/gap_8/gap_sdk/rtos/pulp/pulp-os/kernel/bridge.c:26
/home/bomps/Scrivania/SSD_bottle_tincan/SSD_1/BUILD/GAP8_V2/GCC_RISCV_PULPOS/SSD_tin_can_bottle:0000000c 00000004 d __rt_bridge_flash_itf	/home/bomps/Scrivania/gap_8/gap_sdk/rtos/pulp/pulp-os/kernel/bridge.c:28
/home/bomps/Scrivania/SSD_bottle_tincan/SSD_1/BUILD/GAP8_V2/GCC_RISCV_PULPOS/SSD_tin_can_bottle:00000008 00000004 d __rt_bridge_flash_type	/home/bomps/Scrivania/gap_8/gap_sdk/rtos/pulp/pulp-os/kernel/bridge.c:27
/home/bomps/Scrivania/SSD_bottle_tincan/SSD_1/BUILD/GAP8_V2/GCC_RISCV_PULPOS/SSD_tin_can_bottle:000003e0 00000004 D __rtc_handler	/home/bomps/Scrivania/gap_8/gap_sdk/rtos/pulp/pulp-os/drivers_deprecated/dolphin/rtc.c:25
/home/bomps/Scrivania/SSD_bottle_tincan/SSD_1/BUILD/GAP8_V2/GCC_RISCV_PULPOS/SSD_tin_can_bottle:10000020 00000004 D __rt_cluster_fc_task_lock	/home/bomps/Scrivania/gap_8/gap_sdk/rtos/pulp/pulp-os/kernel/cluster.c:59
/home/bomps/Scrivania/SSD_bottle_tincan/SSD_1/BUILD/GAP8_V2/GCC_RISCV_PULPOS/SSD_tin_can_bottle:00000018 00000004 D __rt_cluster_nb_active_pe
/home/bomps/Scrivania/SSD_bottle_tincan/SSD_1/BUILD/GAP8_V2/GCC_RISCV_PULPOS/SSD_tin_can_bottle:1c041e60 00000004 B __rt_cluster_tasks	/home/bomps/Scrivania/gap_8/gap_sdk/rtos/pulp/pulp-os/kernel/cluster.c:41
/home/bomps/Scrivania/SSD_bottle_tincan/SSD_1/BUILD/GAP8_V2/GCC_RISCV_PULPOS/SSD_tin_can_bottle:1b000bec 00000004 D __rt_debug_config
/home/bomps/Scrivania/SSD_bottle_tincan/SSD_1/BUILD/GAP8_V2/GCC_RISCV_PULPOS/SSD_tin_can_bottle:1b000be8 00000004 D __rt_debug_config_trace
/home/bomps/Scrivania/SSD_bottle_tincan/SSD_1/BUILD/GAP8_V2/GCC_RISCV_PULPOS/SSD_tin_can_bottle:00000014 00000004 D __rt_dma_first_pending
/home/bomps/Scrivania/SSD_bottle_tincan/SSD_1/BUILD/GAP8_V2/GCC_RISCV_PULPOS/SSD_tin_can_bottle:00000010 00000004 D __rt_dma_last_pending
/home/bomps/Scrivania/SSD_bottle_tincan/SSD_1/BUILD/GAP8_V2/GCC_RISCV_PULPOS/SSD_tin_can_bottle:1c041dd0 00000004 b __rt_fc_cluster_device	/home/bomps/Scrivania/gap_8/gap_sdk/rtos/pulp/pulp-os/kernel/pulpos_emu.c:25
/home/bomps/Scrivania/SSD_bottle_tincan/SSD_1/BUILD/GAP8_V2/GCC_RISCV_PULPOS/SSD_tin_can_bottle:1c02d88c 00000004 V __rt_fc_stack_size
/home/bomps/Scrivania/SSD_bottle_tincan/SSD_1/BUILD/GAP8_V2/GCC_RISCV_PULPOS/SSD_tin_can_bottle:00000018 00000004 D __rt_first_free
/home/bomps/Scrivania/SSD_bottle_tincan/SSD_1/BUILD/GAP8_V2/GCC_RISCV_PULPOS/SSD_tin_can_bottle:00000324 00000004 D __rt_hyper_current_task	/home/bomps/Scrivania/gap_8/gap_sdk/rtos/pulp/pulp-os/drivers/hyper/hyperram-v1.c:27
/home/bomps/Scrivania/SSD_bottle_tincan/SSD_1/BUILD/GAP8_V2/GCC_RISCV_PULPOS/SSD_tin_can_bottle:00000320 00000004 D __rt_hyper_end_task	/home/bomps/Scrivania/gap_8/gap_sdk/rtos/pulp/pulp-os/drivers/hyper/hyperram-v1.c:25
/home/bomps/Scrivania/SSD_bottle_tincan/SSD_1/BUILD/GAP8_V2/GCC_RISCV_PULPOS/SSD_tin_can_bottle:1c041dd8 00000004 b __rt_hyper_open_count	/home/bomps/Scrivania/gap_8/gap_sdk/rtos/pulp/pulp-os/drivers/hyper/hyperram-v1.c:65
/home/bomps/Scrivania/SSD_bottle_tincan/SSD_1/BUILD/GAP8_V2/GCC_RISCV_PULPOS/SSD_tin_can_bottle:00000314 00000004 D __rt_hyper_pending_addr	/home/bomps/Scrivania/gap_8/gap_sdk/rtos/pulp/pulp-os/drivers/hyper/hyperram-v1.c:33
/home/bomps/Scrivania/SSD_bottle_tincan/SSD_1/BUILD/GAP8_V2/GCC_RISCV_PULPOS/SSD_tin_can_bottle:0000030c 00000004 D __rt_hyper_pending_base	/home/bomps/Scrivania/gap_8/gap_sdk/rtos/pulp/pulp-os/drivers/hyper/hyperram-v1.c:31
/home/bomps/Scrivania/SSD_bottle_tincan/SSD_1/BUILD/GAP8_V2/GCC_RISCV_PULPOS/SSD_tin_can_bottle:00000330 00000004 D __rt_hyper_pending_emu_addr	/home/bomps/Scrivania/gap_8/gap_sdk/rtos/pulp/pulp-os/drivers/hyper/hyperram-v1.c:48
/home/bomps/Scrivania/SSD_bottle_tincan/SSD_1/BUILD/GAP8_V2/GCC_RISCV_PULPOS/SSD_tin_can_bottle:00000328 00000004 D __rt_hyper_pending_emu_channel	/home/bomps/Scrivania/gap_8/gap_sdk/rtos/pulp/pulp-os/drivers/hyper/hyperram-v1.c:46
/home/bomps/Scrivania/SSD_bottle_tincan/SSD_1/BUILD/GAP8_V2/GCC_RISCV_PULPOS/SSD_tin_can_bottle:0000032c 00000004 D __rt_hyper_pending_emu_hyper_addr	/home/bomps/Scrivania/gap_8/gap_sdk/rtos/pulp/pulp-os/drivers/hyper/hyperram-v1.c:47
/home/bomps/Scrivania/SSD_bottle_tincan/SSD_1/BUILD/GAP8_V2/GCC_RISCV_PULPOS/SSD_tin_can_bottle:0000034c 00000004 D __rt_hyper_pending_emu_length	/home/bomps/Scrivania/gap_8/gap_sdk/rtos/pulp/pulp-os/drivers/hyper/hyperram-v1.c:51
/home/bomps/Scrivania/SSD_bottle_tincan/SSD_1/BUILD/GAP8_V2/GCC_RISCV_PULPOS/SSD_tin_can_bottle:00000334 00000004 D __rt_hyper_pending_emu_size	/home/bomps/Scrivania/gap_8/gap_sdk/rtos/pulp/pulp-os/drivers/hyper/hyperram-v1.c:49
/home/bomps/Scrivania/SSD_bottle_tincan/SSD_1/BUILD/GAP8_V2/GCC_RISCV_PULPOS/SSD_tin_can_bottle:00000348 00000004 D __rt_hyper_pending_emu_size_2d	/home/bomps/Scrivania/gap_8/gap_sdk/rtos/pulp/pulp-os/drivers/hyper/hyperram-v1.c:50
/home/bomps/Scrivania/SSD_bottle_tincan/SSD_1/BUILD/GAP8_V2/GCC_RISCV_PULPOS/SSD_tin_can_bottle:00000350 00000004 D __rt_hyper_pending_emu_stride	/home/bomps/Scrivania/gap_8/gap_sdk/rtos/pulp/pulp-os/drivers/hyper/hyperram-v1.c:52
/home/bomps/Scrivania/SSD_bottle_tincan/SSD_1/BUILD/GAP8_V2/GCC_RISCV_PULPOS/SSD_tin_can_bottle:0000033c 00000004 D __rt_hyper_pending_emu_task	/home/bomps/Scrivania/gap_8/gap_sdk/rtos/pulp/pulp-os/drivers/hyper/hyperram-v1.c:54
/home/bomps/Scrivania/SSD_bottle_tincan/SSD_1/BUILD/GAP8_V2/GCC_RISCV_PULPOS/SSD_tin_can_bottle:00000310 00000004 D __rt_hyper_pending_hyper_addr	/home/bomps/Scrivania/gap_8/gap_sdk/rtos/pulp/pulp-os/drivers/hyper/hyperram-v1.c:32
/home/bomps/Scrivania/SSD_bottle_tincan/SSD_1/BUILD/GAP8_V2/GCC_RISCV_PULPOS/SSD_tin_can_bottle:00000318 00000004 D __rt_hyper_pending_repeat	/home/bomps/Scrivania/gap_8/gap_sdk/rtos/pulp/pulp-os/drivers/hyper/hyperram-v1.c:34
/home/bomps/Scrivania/SSD_bottle_tincan/SSD_1/BUILD/GAP8_V2/GCC_RISCV_PULPOS/SSD_tin_can_bottle:0000031c 00000004 D __rt_hyper_pending_repeat_size	/home/bomps/Scrivania/gap_8/gap_sdk/rtos/pulp/pulp-os/drivers/hyper/hyperram-v1.c:35
/home/bomps/Scrivania/SSD_bottle_tincan/SSD_1/BUILD/GAP8_V2/GCC_RISCV_PULPOS/SSD_tin_can_bottle:00000340 00000004 D __rt_hyper_pending_tasks	/home/bomps/Scrivania/gap_8/gap_sdk/rtos/pulp/pulp-os/drivers/hyper/hyperram-v1.c:39
/home/bomps/Scrivania/SSD_bottle_tincan/SSD_1/BUILD/GAP8_V2/GCC_RISCV_PULPOS/SSD_tin_can_bottle:00000344 00000004 D __rt_hyper_pending_tasks_last	/home/bomps/Scrivania/gap_8/gap_sdk/rtos/pulp/pulp-os/drivers/hyper/hyperram-v1.c:40
/home/bomps/Scrivania/SSD_bottle_tincan/SSD_1/BUILD/GAP8_V2/GCC_RISCV_PULPOS/SSD_tin_can_bottle:1c029c2c 00000004 T __rt_hyper_resume_copy	/home/bomps/Scrivania/gap_8/gap_sdk/rtos/pulp/pulp-os/drivers/hyper/hyperram-v1.c:988
/home/bomps/Scrivania/SSD_bottle_tincan/SSD_1/BUILD/GAP8_V2/GCC_RISCV_PULPOS/SSD_tin_can_bottle:00000308 00000004 D __rt_hyper_udma_handle
/home/bomps/Scrivania/SSD_bottle_tincan/SSD_1/BUILD/GAP8_V2/GCC_RISCV_PULPOS/SSD_tin_can_bottle:1c041ddc 00000004 b __rt_i2s_first	/home/bomps/Scrivania/gap_8/gap_sdk/rtos/pulp/pulp-os/drivers_deprecated/i2s/i2s-v1.c:40
/home/bomps/Scrivania/SSD_bottle_tincan/SSD_1/BUILD/GAP8_V2/GCC_RISCV_PULPOS/SSD_tin_can_bottle:1c02d890 00000004 V __rt_iodev
/home/bomps/Scrivania/SSD_bottle_tincan/SSD_1/BUILD/GAP8_V2/GCC_RISCV_PULPOS/SSD_tin_can_bottle:1c02d894 00000004 V __rt_iodev_uart_baudrate
/home/bomps/Scrivania/SSD_bottle_tincan/SSD_1/BUILD/GAP8_V2/GCC_RISCV_PULPOS/SSD_tin_can_bottle:1c041dc4 00000004 V __rt_iodev_uart_channel
/home/bomps/Scrivania/SSD_bottle_tincan/SSD_1/BUILD/GAP8_V2/GCC_RISCV_PULPOS/SSD_tin_can_bottle:1c041de8 00000004 b __rt_io_event_current	/home/bomps/Scrivania/gap_8/gap_sdk/rtos/pulp/pulp-os/libs/io/io.c:40
/home/bomps/Scrivania/SSD_bottle_tincan/SSD_1/BUILD/GAP8_V2/GCC_RISCV_PULPOS/SSD_tin_can_bottle:1c041dec 00000004 b __rt_io_pending_flush	/home/bomps/Scrivania/gap_8/gap_sdk/rtos/pulp/pulp-os/libs/io/io.c:50
/home/bomps/Scrivania/SSD_bottle_tincan/SSD_1/BUILD/GAP8_V2/GCC_RISCV_PULPOS/SSD_tin_can_bottle:1c041df4 00000004 b _rt_io_uart	/home/bomps/Scrivania/gap_8/gap_sdk/rtos/pulp/pulp-os/libs/io/io.c:38
/home/bomps/Scrivania/SSD_bottle_tincan/SSD_1/BUILD/GAP8_V2/GCC_RISCV_PULPOS/SSD_tin_can_bottle:1c02d898 00000004 V __rt_platform
/home/bomps/Scrivania/SSD_bottle_tincan/SSD_1/BUILD/GAP8_V2/GCC_RISCV_PULPOS/SSD_tin_can_bottle:1c041df0 00000004 b __rt_putc_host_buffer_index	/home/bomps/Scrivania/gap_8/gap_sdk/rtos/pulp/pulp-os/libs/io/io.c:48
/home/bomps/Scrivania/SSD_bottle_tincan/SSD_1/BUILD/GAP8_V2/GCC_RISCV_PULPOS/SSD_tin_can_bottle:000003dc 00000004 D __rt_rtc_init_done	/home/bomps/Scrivania/gap_8/gap_sdk/rtos/pulp/pulp-os/drivers_deprecated/dolphin/rtc.c:26
/home/bomps/Scrivania/SSD_bottle_tincan/SSD_1/BUILD/GAP8_V2/GCC_RISCV_PULPOS/SSD_tin_can_bottle:1c041e5c 00000004 B __rt_wakeup_use_fast	/home/bomps/Scrivania/gap_8/gap_sdk/rtos/pulp/pulp-os/kernel/gap/pmu_driver.c:173
/home/bomps/Scrivania/SSD_bottle_tincan/SSD_1/BUILD/GAP8_V2/GCC_RISCV_PULPOS/SSD_tin_can_bottle:1000001c 00000004 D SSD_tin_can_bottle_L1_Memory
/home/bomps/Scrivania/SSD_bottle_tincan/SSD_1/BUILD/GAP8_V2/GCC_RISCV_PULPOS/SSD_tin_can_bottle:1c040e78 00000004 D SSD_tin_can_bottle_L2_Memory
/home/bomps/Scrivania/SSD_bottle_tincan/SSD_1/BUILD/GAP8_V2/GCC_RISCV_PULPOS/SSD_tin_can_bottle:1c041db8 00000004 B SSD_tin_can_bottle_L3_Flash
/home/bomps/Scrivania/SSD_bottle_tincan/SSD_1/BUILD/GAP8_V2/GCC_RISCV_PULPOS/SSD_tin_can_bottle:1c041e40 00000004 B SSD_tin_can_bottle_L3_Memory
/home/bomps/Scrivania/SSD_bottle_tincan/SSD_1/BUILD/GAP8_V2/GCC_RISCV_PULPOS/SSD_tin_can_bottle:1c041dc0 00000004 b streamer
/home/bomps/Scrivania/SSD_bottle_tincan/SSD_1/BUILD/GAP8_V2/GCC_RISCV_PULPOS/SSD_tin_can_bottle:1c041dcc 00000004 b timer_count	/home/bomps/Scrivania/gap_8/gap_sdk/rtos/pulp/pulp-os/kernel/time.c:23
/home/bomps/Scrivania/SSD_bottle_tincan/SSD_1/BUILD/GAP8_V2/GCC_RISCV_PULPOS/SSD_tin_can_bottle:1c003df8 00000006 T main
/home/bomps/Scrivania/SSD_bottle_tincan/SSD_1/BUILD/GAP8_V2/GCC_RISCV_PULPOS/SSD_tin_can_bottle:1c02829c 00000006 T pi_cl_l1_malloc	/home/bomps/Scrivania/gap_8/gap_sdk/rtos/pulp/pulp-os/kernel/alloc.c:582
/home/bomps/Scrivania/SSD_bottle_tincan/SSD_1/BUILD/GAP8_V2/GCC_RISCV_PULPOS/SSD_tin_can_bottle:1c028fb2 00000006 T pi_cluster_conf_init	/home/bomps/Scrivania/gap_8/gap_sdk/rtos/pulp/pulp-os/kernel/cluster.c:337
/home/bomps/Scrivania/SSD_bottle_tincan/SSD_1/BUILD/GAP8_V2/GCC_RISCV_PULPOS/SSD_tin_can_bottle:1c02b1f2 00000006 T pi_gpio_conf_init	/home/bomps/Scrivania/gap_8/gap_sdk/rtos/pulp/pulp-os/drivers/gpio/gpio-v2.c:89
/home/bomps/Scrivania/SSD_bottle_tincan/SSD_1/BUILD/GAP8_V2/GCC_RISCV_PULPOS/SSD_tin_can_bottle:1c024fb6 00000006 t __pi_host_fs_seek	/home/bomps/Scrivania/gap_8/gap_sdk/rtos/pmsis/pmsis_bsp/fs/host_fs/host_fs.c:109
/home/bomps/Scrivania/SSD_bottle_tincan/SSD_1/BUILD/GAP8_V2/GCC_RISCV_PULPOS/SSD_tin_can_bottle:1c024a18 00000006 t __pi_read_fs_unmount	/home/bomps/Scrivania/gap_8/gap_sdk/rtos/pmsis/pmsis_bsp/fs/read_fs/read_fs.c:230
/home/bomps/Scrivania/SSD_bottle_tincan/SSD_1/BUILD/GAP8_V2/GCC_RISCV_PULPOS/SSD_tin_can_bottle:1c028dbc 00000006 T __rt_fll_set_freq	/home/bomps/Scrivania/gap_8/gap_sdk/rtos/pulp/pulp-os/kernel/gap/pmu_driver.c:884
/home/bomps/Scrivania/SSD_bottle_tincan/SSD_1/BUILD/GAP8_V2/GCC_RISCV_PULPOS/SSD_tin_can_bottle:1c041604 00000007 d SystemStateToSCUFastSeq	/home/bomps/Scrivania/gap_8/gap_sdk/rtos/pulp/pulp-os/kernel/gap/pmu_driver.c:176
/home/bomps/Scrivania/SSD_bottle_tincan/SSD_1/BUILD/GAP8_V2/GCC_RISCV_PULPOS/SSD_tin_can_bottle:1c026832 00000008 T extern_alloc_deinit	/home/bomps/Scrivania/gap_8/gap_sdk/rtos/pmsis/pmsis_bsp/ram/alloc_extern.c:128
/home/bomps/Scrivania/SSD_bottle_tincan/SSD_1/BUILD/GAP8_V2/GCC_RISCV_PULPOS/SSD_tin_can_bottle:1c041624 00000008 D FllsFrequency
/home/bomps/Scrivania/SSD_bottle_tincan/SSD_1/BUILD/GAP8_V2/GCC_RISCV_PULPOS/SSD_tin_can_bottle:1c000624 00000008 T jpeg_encoder_process_status
/home/bomps/Scrivania/SSD_bottle_tincan/SSD_1/BUILD/GAP8_V2/GCC_RISCV_PULPOS/SSD_tin_can_bottle:1c0280c2 00000008 T pi_cl_send_task_to_fc	/home/bomps/Scrivania/gap_8/gap_sdk/rtos/pulp/pulp-os/kernel/events.c:280
/home/bomps/Scrivania/SSD_bottle_tincan/SSD_1/BUILD/GAP8_V2/GCC_RISCV_PULPOS/SSD_tin_can_bottle:1c0248f4 00000008 t pi_flash_read_async	/home/bomps/Scrivania/gap_8/gap_sdk/rtos/pmsis/pmsis_bsp/include/bsp/flash.h:428
/home/bomps/Scrivania/SSD_bottle_tincan/SSD_1/BUILD/GAP8_V2/GCC_RISCV_PULPOS/SSD_tin_can_bottle:1c02487e 00000008 T pi_fs_open	/home/bomps/Scrivania/gap_8/gap_sdk/rtos/pmsis/pmsis_bsp/fs/fs.c:74
/home/bomps/Scrivania/SSD_bottle_tincan/SSD_1/BUILD/GAP8_V2/GCC_RISCV_PULPOS/SSD_tin_can_bottle:1c024886 00000008 T pi_fs_read_async	/home/bomps/Scrivania/gap_8/gap_sdk/rtos/pmsis/pmsis_bsp/fs/fs.c:85
/home/bomps/Scrivania/SSD_bottle_tincan/SSD_1/BUILD/GAP8_V2/GCC_RISCV_PULPOS/SSD_tin_can_bottle:1c024876 00000008 T pi_fs_unmount	/home/bomps/Scrivania/gap_8/gap_sdk/rtos/pmsis/pmsis_bsp/fs/fs.c:68
/home/bomps/Scrivania/SSD_bottle_tincan/SSD_1/BUILD/GAP8_V2/GCC_RISCV_PULPOS/SSD_tin_can_bottle:1c0248b8 00000008 T pi_fs_write_async	/home/bomps/Scrivania/gap_8/gap_sdk/rtos/pmsis/pmsis_bsp/fs/fs.c:98
/home/bomps/Scrivania/SSD_bottle_tincan/SSD_1/BUILD/GAP8_V2/GCC_RISCV_PULPOS/SSD_tin_can_bottle:1c041e54 00000008 B __rt_freq_domains
/home/bomps/Scrivania/SSD_bottle_tincan/SSD_1/BUILD/GAP8_V2/GCC_RISCV_PULPOS/SSD_tin_can_bottle:1c029c24 00000008 T __rt_hyper_resume_emu_task	/home/bomps/Scrivania/gap_8/gap_sdk/rtos/pulp/pulp-os/drivers/hyper/hyperram-v1.c:980
/home/bomps/Scrivania/SSD_bottle_tincan/SSD_1/BUILD/GAP8_V2/GCC_RISCV_PULPOS/SSD_tin_can_bottle:000002b0 00000008 D __rt_socevents_status
/home/bomps/Scrivania/SSD_bottle_tincan/SSD_1/BUILD/GAP8_V2/GCC_RISCV_PULPOS/SSD_tin_can_bottle:1c041de0 00000008 b __rt_spim_open_count	/home/bomps/Scrivania/gap_8/gap_sdk/rtos/pulp/pulp-os/drivers_deprecated/spim/spim-v2.c:26
/home/bomps/Scrivania/SSD_bottle_tincan/SSD_1/BUILD/GAP8_V2/GCC_RISCV_PULPOS/SSD_tin_can_bottle:1c0276b8 00000008 T semihost_close	/home/bomps/Scrivania/gap_8/gap_sdk/rtos/pmsis/pmsis_bsp/fs/host_fs/semihost.c:18
/home/bomps/Scrivania/SSD_bottle_tincan/SSD_1/BUILD/GAP8_V2/GCC_RISCV_PULPOS/SSD_tin_can_bottle:1c027712 00000008 T semihost_exit	/home/bomps/Scrivania/gap_8/gap_sdk/rtos/pmsis/pmsis_bsp/fs/host_fs/semihost.c:47
/home/bomps/Scrivania/SSD_bottle_tincan/SSD_1/BUILD/GAP8_V2/GCC_RISCV_PULPOS/SSD_tin_can_bottle:1c027684 00000008 T semihost_write0	/home/bomps/Scrivania/gap_8/gap_sdk/rtos/pmsis/pmsis_bsp/fs/host_fs/semihost.c:6
/home/bomps/Scrivania/SSD_bottle_tincan/SSD_1/BUILD/GAP8_V2/GCC_RISCV_PULPOS/SSD_tin_can_bottle:1c02bc84 0000000a T abort	/home/bomps/Scrivania/gap_8/gap_sdk/rtos/pulp/pulp-os/libs/io/io.c:739
/home/bomps/Scrivania/SSD_bottle_tincan/SSD_1/BUILD/GAP8_V2/GCC_RISCV_PULPOS/SSD_tin_can_bottle:1c02777e 0000000a T bsp_hyperflash_conf_init	/home/bomps/Scrivania/gap_8/gap_sdk/rtos/pmsis/pmsis_bsp/bsp/ai_deck.c:58
/home/bomps/Scrivania/SSD_bottle_tincan/SSD_1/BUILD/GAP8_V2/GCC_RISCV_PULPOS/SSD_tin_can_bottle:1c0277c2 0000000a T bsp_nina_w10_conf_init	/home/bomps/Scrivania/gap_8/gap_sdk/rtos/pmsis/pmsis_bsp/bsp/ai_deck.c:120
/home/bomps/Scrivania/SSD_bottle_tincan/SSD_1/BUILD/GAP8_V2/GCC_RISCV_PULPOS/SSD_tin_can_bottle:1c00061a 0000000a T gray_to_y
/home/bomps/Scrivania/SSD_bottle_tincan/SSD_1/BUILD/GAP8_V2/GCC_RISCV_PULPOS/SSD_tin_can_bottle:1c0252a8 0000000a T __himax_capture_async	/home/bomps/Scrivania/gap_8/gap_sdk/rtos/pmsis/pmsis_bsp/camera/himax/himax.c:475
/home/bomps/Scrivania/SSD_bottle_tincan/SSD_1/BUILD/GAP8_V2/GCC_RISCV_PULPOS/SSD_tin_can_bottle:1c02d914 0000000a D out_classes
/home/bomps/Scrivania/SSD_bottle_tincan/SSD_1/BUILD/GAP8_V2/GCC_RISCV_PULPOS/SSD_tin_can_bottle:1c02d908 0000000a D out_scores
/home/bomps/Scrivania/SSD_bottle_tincan/SSD_1/BUILD/GAP8_V2/GCC_RISCV_PULPOS/SSD_tin_can_bottle:1c029c80 0000000a T pi_cpi_conf_init	/home/bomps/Scrivania/gap_8/gap_sdk/rtos/pulp/pulp-os/drivers/cpi/cpi-v1.c:29
/home/bomps/Scrivania/SSD_bottle_tincan/SSD_1/BUILD/GAP8_V2/GCC_RISCV_PULPOS/SSD_tin_can_bottle:1c0248ea 0000000a T pi_fs_copy_async	/home/bomps/Scrivania/gap_8/gap_sdk/rtos/pmsis/pmsis_bsp/fs/fs.c:124
/home/bomps/Scrivania/SSD_bottle_tincan/SSD_1/BUILD/GAP8_V2/GCC_RISCV_PULPOS/SSD_tin_can_bottle:1c026924 0000000a T pi_partition_get_flash_offset	/home/bomps/Scrivania/gap_8/gap_sdk/rtos/pmsis/pmsis_bsp/partition/partition.c:38
/home/bomps/Scrivania/SSD_bottle_tincan/SSD_1/BUILD/GAP8_V2/GCC_RISCV_PULPOS/SSD_tin_can_bottle:1c02b462 0000000a T rt_extern_alloc_deinit	/home/bomps/Scrivania/gap_8/gap_sdk/rtos/pulp/pulp-os/kernel/alloc_extern.c:129
/home/bomps/Scrivania/SSD_bottle_tincan/SSD_1/BUILD/GAP8_V2/GCC_RISCV_PULPOS/SSD_tin_can_bottle:1c02b5c0 0000000a T __rt_himax_init	/home/bomps/Scrivania/gap_8/gap_sdk/rtos/pulp/pulp-os/drivers_deprecated/camera/himax.c:400
/home/bomps/Scrivania/SSD_bottle_tincan/SSD_1/BUILD/GAP8_V2/GCC_RISCV_PULPOS/SSD_tin_can_bottle:1c041e04 0000000c B camera
/home/bomps/Scrivania/SSD_bottle_tincan/SSD_1/BUILD/GAP8_V2/GCC_RISCV_PULPOS/SSD_tin_can_bottle:1c041e24 0000000c B cluster_dev
/home/bomps/Scrivania/SSD_bottle_tincan/SSD_1/BUILD/GAP8_V2/GCC_RISCV_PULPOS/SSD_tin_can_bottle:1c02d99c 0000000c d gpio_device
/home/bomps/Scrivania/SSD_bottle_tincan/SSD_1/BUILD/GAP8_V2/GCC_RISCV_PULPOS/SSD_tin_can_bottle:1c041df8 0000000c B HyperRam
/home/bomps/Scrivania/SSD_bottle_tincan/SSD_1/BUILD/GAP8_V2/GCC_RISCV_PULPOS/SSD_tin_can_bottle:1c0265ac 0000000c T hyperram_free	/home/bomps/Scrivania/gap_8/gap_sdk/rtos/pmsis/pmsis_bsp/ram/hyperram/hyperram.c:169
/home/bomps/Scrivania/SSD_bottle_tincan/SSD_1/BUILD/GAP8_V2/GCC_RISCV_PULPOS/SSD_tin_can_bottle:1c025154 0000000c T pi_camera_open	/home/bomps/Scrivania/gap_8/gap_sdk/rtos/pmsis/pmsis_bsp/camera/camera.c:24
/home/bomps/Scrivania/SSD_bottle_tincan/SSD_1/BUILD/GAP8_V2/GCC_RISCV_PULPOS/SSD_tin_can_bottle:1c0282a2 0000000c T pi_cl_l1_free	/home/bomps/Scrivania/gap_8/gap_sdk/rtos/pulp/pulp-os/kernel/alloc.c:587
/home/bomps/Scrivania/SSD_bottle_tincan/SSD_1/BUILD/GAP8_V2/GCC_RISCV_PULPOS/SSD_tin_can_bottle:1c0247f8 0000000c T pi_flash_open	/home/bomps/Scrivania/gap_8/gap_sdk/rtos/pmsis/pmsis_bsp/flash/flash.c:24
/home/bomps/Scrivania/SSD_bottle_tincan/SSD_1/BUILD/GAP8_V2/GCC_RISCV_PULPOS/SSD_tin_can_bottle:1c024f84 0000000c t __pi_host_fs_mount	/home/bomps/Scrivania/gap_8/gap_sdk/rtos/pmsis/pmsis_bsp/fs/host_fs/host_fs.c:34
/home/bomps/Scrivania/SSD_bottle_tincan/SSD_1/BUILD/GAP8_V2/GCC_RISCV_PULPOS/SSD_tin_can_bottle:1c026738 0000000c T pi_ram_open	/home/bomps/Scrivania/gap_8/gap_sdk/rtos/pmsis/pmsis_bsp/ram/ram.c:23
/home/bomps/Scrivania/SSD_bottle_tincan/SSD_1/BUILD/GAP8_V2/GCC_RISCV_PULPOS/SSD_tin_can_bottle:1c026080 0000000c T pi_transport_open	/home/bomps/Scrivania/gap_8/gap_sdk/rtos/pmsis/pmsis_bsp/transport/transport.c:24
/home/bomps/Scrivania/SSD_bottle_tincan/SSD_1/BUILD/GAP8_V2/GCC_RISCV_PULPOS/SSD_tin_can_bottle:00000004 0000000c D __rt_cluster_pool
/home/bomps/Scrivania/SSD_bottle_tincan/SSD_1/BUILD/GAP8_V2/GCC_RISCV_PULPOS/SSD_tin_can_bottle:1c02b3fe 0000000c T __rt_padframe_init	/home/bomps/Scrivania/gap_8/gap_sdk/rtos/pulp/pulp-os/drivers_deprecated/pads/pads-v1.c:58
/home/bomps/Scrivania/SSD_bottle_tincan/SSD_1/BUILD/GAP8_V2/GCC_RISCV_PULPOS/SSD_tin_can_bottle:1c02b4d8 0000000c T __rt_udma_channel_reg_data	/home/bomps/Scrivania/gap_8/gap_sdk/rtos/pulp/pulp-os/drivers/udma/udma-v2.c:100
/home/bomps/Scrivania/SSD_bottle_tincan/SSD_1/BUILD/GAP8_V2/GCC_RISCV_PULPOS/SSD_tin_can_bottle:1c041e30 0000000c B wifi
/home/bomps/Scrivania/SSD_bottle_tincan/SSD_1/BUILD/GAP8_V2/GCC_RISCV_PULPOS/SSD_tin_can_bottle:1c025654 0000000e t hyperflash_ioctl	/home/bomps/Scrivania/gap_8/gap_sdk/rtos/pmsis/pmsis_bsp/flash/hyperflash/hyperflash.c:285
/home/bomps/Scrivania/SSD_bottle_tincan/SSD_1/BUILD/GAP8_V2/GCC_RISCV_PULPOS/SSD_tin_can_bottle:1c025662 0000000e t hyperflash_set_reg_exec	/home/bomps/Scrivania/gap_8/gap_sdk/rtos/pmsis/pmsis_bsp/flash/hyperflash/hyperflash.c:94
/home/bomps/Scrivania/SSD_bottle_tincan/SSD_1/BUILD/GAP8_V2/GCC_RISCV_PULPOS/SSD_tin_can_bottle:1c027676 0000000e t __internal_semihost	/home/bomps/Scrivania/gap_8/gap_sdk/rtos/pmsis/pmsis_bsp/fs/host_fs/semihost.h:75
/home/bomps/Scrivania/SSD_bottle_tincan/SSD_1/BUILD/GAP8_V2/GCC_RISCV_PULPOS/SSD_tin_can_bottle:1c000874 0000000e T jpeg_encoder_conf_init	/home/bomps/Scrivania/gap_8/gap_sdk/libs/gap_lib/jpeg/jpeg_encoder.c:721
/home/bomps/Scrivania/SSD_bottle_tincan/SSD_1/BUILD/GAP8_V2/GCC_RISCV_PULPOS/SSD_tin_can_bottle:1c000864 0000000e T jpeg_encoder_stop	/home/bomps/Scrivania/gap_8/gap_sdk/libs/gap_lib/jpeg/jpeg_encoder.c:709
/home/bomps/Scrivania/SSD_bottle_tincan/SSD_1/BUILD/GAP8_V2/GCC_RISCV_PULPOS/SSD_tin_can_bottle:1c02b342 0000000e T pi_gpio_pin_notif_get	/home/bomps/Scrivania/gap_8/gap_sdk/rtos/pulp/pulp-os/drivers/gpio/gpio-v2.c:230
/home/bomps/Scrivania/SSD_bottle_tincan/SSD_1/BUILD/GAP8_V2/GCC_RISCV_PULPOS/SSD_tin_can_bottle:1c0282ae 0000000e T pi_l2_malloc	/home/bomps/Scrivania/gap_8/gap_sdk/rtos/pulp/pulp-os/kernel/alloc.c:595
/home/bomps/Scrivania/SSD_bottle_tincan/SSD_1/BUILD/GAP8_V2/GCC_RISCV_PULPOS/SSD_tin_can_bottle:1c026580 0000000e T pi_nina_w10_conf_init	/home/bomps/Scrivania/gap_8/gap_sdk/rtos/pmsis/pmsis_bsp/transport/nina_w10/nina_w10.c:371
/home/bomps/Scrivania/SSD_bottle_tincan/SSD_1/BUILD/GAP8_V2/GCC_RISCV_PULPOS/SSD_tin_can_bottle:1c02b5ee 0000000e t __rt_io_end_of_flush	/home/bomps/Scrivania/gap_8/gap_sdk/rtos/pulp/pulp-os/libs/io/io.c:366
/home/bomps/Scrivania/SSD_bottle_tincan/SSD_1/BUILD/GAP8_V2/GCC_RISCV_PULPOS/SSD_tin_can_bottle:1c0277b2 00000010 T bsp_himax_open
/home/bomps/Scrivania/SSD_bottle_tincan/SSD_1/BUILD/GAP8_V2/GCC_RISCV_PULPOS/SSD_tin_can_bottle:1c027788 00000010 T bsp_hyperflash_open
/home/bomps/Scrivania/SSD_bottle_tincan/SSD_1/BUILD/GAP8_V2/GCC_RISCV_PULPOS/SSD_tin_can_bottle:1c02776e 00000010 T bsp_hyperram_open
/home/bomps/Scrivania/SSD_bottle_tincan/SSD_1/BUILD/GAP8_V2/GCC_RISCV_PULPOS/SSD_tin_can_bottle:1c0265ca 00000010 t hyperram_copy_async	/home/bomps/Scrivania/gap_8/gap_sdk/rtos/pmsis/pmsis_bsp/ram/hyperram/hyperram.c:133
/home/bomps/Scrivania/SSD_bottle_tincan/SSD_1/BUILD/GAP8_V2/GCC_RISCV_PULPOS/SSD_tin_can_bottle:1c02b9fa 00000010 T memset	/home/bomps/Scrivania/gap_8/gap_sdk/rtos/pulp/pulp-os/libs/io/io.c:150
/home/bomps/Scrivania/SSD_bottle_tincan/SSD_1/BUILD/GAP8_V2/GCC_RISCV_PULPOS/SSD_tin_can_bottle:1c0294ee 00000010 T pi_hyper_conf_init	/home/bomps/Scrivania/gap_8/gap_sdk/rtos/pulp/pulp-os/drivers/hyper/hyperram-v1.c:200
/home/bomps/Scrivania/SSD_bottle_tincan/SSD_1/BUILD/GAP8_V2/GCC_RISCV_PULPOS/SSD_tin_can_bottle:1c0282bc 00000010 T pi_l2_free	/home/bomps/Scrivania/gap_8/gap_sdk/rtos/pulp/pulp-os/kernel/alloc.c:600
/home/bomps/Scrivania/SSD_bottle_tincan/SSD_1/BUILD/GAP8_V2/GCC_RISCV_PULPOS/SSD_tin_can_bottle:1c02493a 00000010 t __pi_read_fs_seek	/home/bomps/Scrivania/gap_8/gap_sdk/rtos/pmsis/pmsis_bsp/fs/read_fs/read_fs.c:517
/home/bomps/Scrivania/SSD_bottle_tincan/SSD_1/BUILD/GAP8_V2/GCC_RISCV_PULPOS/SSD_tin_can_bottle:1c04160c 00000010 D PMUState
/home/bomps/Scrivania/SSD_bottle_tincan/SSD_1/BUILD/GAP8_V2/GCC_RISCV_PULPOS/SSD_tin_can_bottle:1b000c0c 00000010 d __rt_io_fc_lock	/home/bomps/Scrivania/gap_8/gap_sdk/rtos/pulp/pulp-os/libs/io/io.c:35
/home/bomps/Scrivania/SSD_bottle_tincan/SSD_1/BUILD/GAP8_V2/GCC_RISCV_PULPOS/SSD_tin_can_bottle:1c02d784 00000010 V __rt_padframe_default	/home/bomps/Scrivania/gap_8/gap_sdk/rtos/pulp/pulp-os/drivers_deprecated/pads/pads-v1.c:28
/home/bomps/Scrivania/SSD_bottle_tincan/SSD_1/BUILD/GAP8_V2/GCC_RISCV_PULPOS/SSD_tin_can_bottle:1c02d794 00000010 V __rt_padframe_hyper	/home/bomps/Scrivania/gap_8/gap_sdk/rtos/pulp/pulp-os/drivers_deprecated/pads/pads-v1.c:30
/home/bomps/Scrivania/SSD_bottle_tincan/SSD_1/BUILD/GAP8_V2/GCC_RISCV_PULPOS/SSD_tin_can_bottle:1c02d7a4 00000010 V __rt_padframe_hyper_gpio	/home/bomps/Scrivania/gap_8/gap_sdk/rtos/pulp/pulp-os/drivers_deprecated/pads/pads-v1.c:32
/home/bomps/Scrivania/SSD_bottle_tincan/SSD_1/BUILD/GAP8_V2/GCC_RISCV_PULPOS/SSD_tin_can_bottle:1c041da8 00000010 b __rt_uart	/home/bomps/Scrivania/gap_8/gap_sdk/rtos/pulp/pulp-os/drivers_deprecated/uart/uart.c:43
/home/bomps/Scrivania/SSD_bottle_tincan/SSD_1/BUILD/GAP8_V2/GCC_RISCV_PULPOS/SSD_tin_can_bottle:1c02ca4e 00000010 T rt_uart_conf_init
/home/bomps/Scrivania/SSD_bottle_tincan/SSD_1/BUILD/GAP8_V2/GCC_RISCV_PULPOS/SSD_tin_can_bottle:1c0265b8 00000012 t hyperram_copy_2d_async	/home/bomps/Scrivania/gap_8/gap_sdk/rtos/pmsis/pmsis_bsp/ram/hyperram/hyperram.c:145
/home/bomps/Scrivania/SSD_bottle_tincan/SSD_1/BUILD/GAP8_V2/GCC_RISCV_PULPOS/SSD_tin_can_bottle:1c024838 00000012 T pi_fs_conf_init	/home/bomps/Scrivania/gap_8/gap_sdk/rtos/pmsis/pmsis_bsp/fs/fs.c:26
/home/bomps/Scrivania/SSD_bottle_tincan/SSD_1/BUILD/GAP8_V2/GCC_RISCV_PULPOS/SSD_tin_can_bottle:1c02608c 00000012 T pi_transport_connect	/home/bomps/Scrivania/gap_8/gap_sdk/rtos/pmsis/pmsis_bsp/transport/transport.c:34
/home/bomps/Scrivania/SSD_bottle_tincan/SSD_1/BUILD/GAP8_V2/GCC_RISCV_PULPOS/SSD_tin_can_bottle:1c028da6 00000012 T __rt_fll_init	/home/bomps/Scrivania/gap_8/gap_sdk/rtos/pulp/pulp-os/kernel/gap/pmu_driver.c:871
/home/bomps/Scrivania/SSD_bottle_tincan/SSD_1/BUILD/GAP8_V2/GCC_RISCV_PULPOS/SSD_tin_can_bottle:1c02b5ca 00000012 T __rt_rtc_init	/home/bomps/Scrivania/gap_8/gap_sdk/rtos/pulp/pulp-os/drivers_deprecated/dolphin/rtc.c:414
/home/bomps/Scrivania/SSD_bottle_tincan/SSD_1/BUILD/GAP8_V2/GCC_RISCV_PULPOS/SSD_tin_can_bottle:1c02b5dc 00000012 T __rt_spim_init	/home/bomps/Scrivania/gap_8/gap_sdk/rtos/pulp/pulp-os/drivers_deprecated/spim/spim-v2.c:446
/home/bomps/Scrivania/SSD_bottle_tincan/SSD_1/BUILD/GAP8_V2/GCC_RISCV_PULPOS/SSD_tin_can_bottle:1c000ac6 00000014 T jpeg_encoder_footer	/home/bomps/Scrivania/gap_8/gap_sdk/libs/gap_lib/jpeg/jpeg_encoder.c:928
/home/bomps/Scrivania/SSD_bottle_tincan/SSD_1/BUILD/GAP8_V2/GCC_RISCV_PULPOS/SSD_tin_can_bottle:1c02942c 00000014 t l2_memcpy	/home/bomps/Scrivania/gap_8/gap_sdk/rtos/pulp/pulp-os/drivers/hyper/hyperram-v1.c:897
/home/bomps/Scrivania/SSD_bottle_tincan/SSD_1/BUILD/GAP8_V2/GCC_RISCV_PULPOS/SSD_tin_can_bottle:1c02d758 00000014 d nina_w10_api	/home/bomps/Scrivania/gap_8/gap_sdk/rtos/pmsis/pmsis_bsp/transport/nina_w10/nina_w10.c:361
/home/bomps/Scrivania/SSD_bottle_tincan/SSD_1/BUILD/GAP8_V2/GCC_RISCV_PULPOS/SSD_tin_can_bottle:1c02a0ce 00000014 T pi_i2c_conf_init	/home/bomps/Scrivania/gap_8/gap_sdk/rtos/pulp/pulp-os/drivers/i2c/i2c-v2.c:300
/home/bomps/Scrivania/SSD_bottle_tincan/SSD_1/BUILD/GAP8_V2/GCC_RISCV_PULPOS/SSD_tin_can_bottle:1c029d72 00000014 t __rt_cpi_init	/home/bomps/Scrivania/gap_8/gap_sdk/rtos/pulp/pulp-os/drivers/cpi/cpi-v1.c:115
/home/bomps/Scrivania/SSD_bottle_tincan/SSD_1/BUILD/GAP8_V2/GCC_RISCV_PULPOS/SSD_tin_can_bottle:1c0280ac 00000014 T __rt_event_sched_init	/home/bomps/Scrivania/gap_8/gap_sdk/rtos/pulp/pulp-os/kernel/events.c:264
/home/bomps/Scrivania/SSD_bottle_tincan/SSD_1/BUILD/GAP8_V2/GCC_RISCV_PULPOS/SSD_tin_can_bottle:0000001c 00000014 D __rt_sched
/home/bomps/Scrivania/SSD_bottle_tincan/SSD_1/BUILD/GAP8_V2/GCC_RISCV_PULPOS/SSD_tin_can_bottle:1c02b9b0 00000014 T strcmp	/home/bomps/Scrivania/gap_8/gap_sdk/rtos/pulp/pulp-os/libs/io/io.c:97
/home/bomps/Scrivania/SSD_bottle_tincan/SSD_1/BUILD/GAP8_V2/GCC_RISCV_PULPOS/SSD_tin_can_bottle:1c041e10 00000014 B text_streamer
/home/bomps/Scrivania/SSD_bottle_tincan/SSD_1/BUILD/GAP8_V2/GCC_RISCV_PULPOS/SSD_tin_can_bottle:1c0297fa 00000016 T pi_hyper_read_async	/home/bomps/Scrivania/gap_8/gap_sdk/rtos/pulp/pulp-os/drivers/hyper/hyperram-v1.c:380
/home/bomps/Scrivania/SSD_bottle_tincan/SSD_1/BUILD/GAP8_V2/GCC_RISCV_PULPOS/SSD_tin_can_bottle:1c0276fc 00000016 T semihost_seek	/home/bomps/Scrivania/gap_8/gap_sdk/rtos/pmsis/pmsis_bsp/fs/host_fs/semihost.c:36
/home/bomps/Scrivania/SSD_bottle_tincan/SSD_1/BUILD/GAP8_V2/GCC_RISCV_PULPOS/SSD_tin_can_bottle:1c02b9e4 00000016 T strlen	/home/bomps/Scrivania/gap_8/gap_sdk/rtos/pulp/pulp-os/libs/io/io.c:124
/home/bomps/Scrivania/SSD_bottle_tincan/SSD_1/BUILD/GAP8_V2/GCC_RISCV_PULPOS/SSD_tin_can_bottle:1c027756 00000018 T bsp_hyperram_conf_init	/home/bomps/Scrivania/gap_8/gap_sdk/rtos/pmsis/pmsis_bsp/bsp/ai_deck.c:40
/home/bomps/Scrivania/SSD_bottle_tincan/SSD_1/BUILD/GAP8_V2/GCC_RISCV_PULPOS/SSD_tin_can_bottle:1b000bf0 00000018 d cbsys_first	/home/bomps/Scrivania/gap_8/gap_sdk/rtos/pulp/pulp-os/kernel/utils.c:30
/home/bomps/Scrivania/SSD_bottle_tincan/SSD_1/BUILD/GAP8_V2/GCC_RISCV_PULPOS/SSD_tin_can_bottle:1c02d00c 00000018 r FractionExpLUT
/home/bomps/Scrivania/SSD_bottle_tincan/SSD_1/BUILD/GAP8_V2/GCC_RISCV_PULPOS/SSD_tin_can_bottle:1c02d76c 00000018 d hyperram_api	/home/bomps/Scrivania/gap_8/gap_sdk/rtos/pmsis/pmsis_bsp/ram/hyperram/hyperram.c:225
/home/bomps/Scrivania/SSD_bottle_tincan/SSD_1/BUILD/GAP8_V2/GCC_RISCV_PULPOS/SSD_tin_can_bottle:1c02d024 00000018 r IntegerExpLUT
/home/bomps/Scrivania/SSD_bottle_tincan/SSD_1/BUILD/GAP8_V2/GCC_RISCV_PULPOS/SSD_tin_can_bottle:1c026104 00000018 t __nina_w10_append_string	/home/bomps/Scrivania/gap_8/gap_sdk/rtos/pmsis/pmsis_bsp/transport/nina_w10/nina_w10.c:112
/home/bomps/Scrivania/SSD_bottle_tincan/SSD_1/BUILD/GAP8_V2/GCC_RISCV_PULPOS/SSD_tin_can_bottle:1c02b32a 00000018 T pi_gpio_pin_notif_clear	/home/bomps/Scrivania/gap_8/gap_sdk/rtos/pulp/pulp-os/drivers/gpio/gpio-v2.c:221
/home/bomps/Scrivania/SSD_bottle_tincan/SSD_1/BUILD/GAP8_V2/GCC_RISCV_PULPOS/SSD_tin_can_bottle:1c029bf2 00000018 T pi_hyper_read_2d_async	/home/bomps/Scrivania/gap_8/gap_sdk/rtos/pulp/pulp-os/drivers/hyper/hyperram-v1.c:420
/home/bomps/Scrivania/SSD_bottle_tincan/SSD_1/BUILD/GAP8_V2/GCC_RISCV_PULPOS/SSD_tin_can_bottle:1c029832 00000018 T pi_hyper_write_async	/home/bomps/Scrivania/gap_8/gap_sdk/rtos/pulp/pulp-os/drivers/hyper/hyperram-v1.c:400
/home/bomps/Scrivania/SSD_bottle_tincan/SSD_1/BUILD/GAP8_V2/GCC_RISCV_PULPOS/SSD_tin_can_bottle:1c0249a4 00000018 t __pi_read_fs_copy_2d_async	/home/bomps/Scrivania/gap_8/gap_sdk/rtos/pmsis/pmsis_bsp/fs/read_fs/read_fs.c:657
/home/bomps/Scrivania/SSD_bottle_tincan/SSD_1/BUILD/GAP8_V2/GCC_RISCV_PULPOS/SSD_tin_can_bottle:1c02498c 00000018 t __pi_read_fs_copy_async	/home/bomps/Scrivania/gap_8/gap_sdk/rtos/pmsis/pmsis_bsp/fs/read_fs/read_fs.c:648
/home/bomps/Scrivania/SSD_bottle_tincan/SSD_1/BUILD/GAP8_V2/GCC_RISCV_PULPOS/SSD_tin_can_bottle:1c000602 00000018 T rgb_to_cr
/home/bomps/Scrivania/SSD_bottle_tincan/SSD_1/BUILD/GAP8_V2/GCC_RISCV_PULPOS/SSD_tin_can_bottle:1c02d7b4 00000018 V __rt_padframe_profiles
/home/bomps/Scrivania/SSD_bottle_tincan/SSD_1/BUILD/GAP8_V2/GCC_RISCV_PULPOS/SSD_tin_can_bottle:1c0282cc 00000018 t __rt_time_poweroff	/home/bomps/Scrivania/gap_8/gap_sdk/rtos/pulp/pulp-os/kernel/time.c:28
/home/bomps/Scrivania/SSD_bottle_tincan/SSD_1/BUILD/GAP8_V2/GCC_RISCV_PULPOS/SSD_tin_can_bottle:1c0282e4 00000018 t __rt_time_poweron	/home/bomps/Scrivania/gap_8/gap_sdk/rtos/pulp/pulp-os/kernel/time.c:37
/home/bomps/Scrivania/SSD_bottle_tincan/SSD_1/BUILD/GAP8_V2/GCC_RISCV_PULPOS/SSD_tin_can_bottle:1c02b4c0 00000018 T __rt_udma_channel_init	/home/bomps/Scrivania/gap_8/gap_sdk/rtos/pulp/pulp-os/drivers/udma/udma-v2.c:89
/home/bomps/Scrivania/SSD_bottle_tincan/SSD_1/BUILD/GAP8_V2/GCC_RISCV_PULPOS/SSD_tin_can_bottle:1c027f14 00000018 T __rt_wait_event_prepare_blocking	/home/bomps/Scrivania/gap_8/gap_sdk/rtos/pulp/pulp-os/kernel/events.c:42
/home/bomps/Scrivania/SSD_bottle_tincan/SSD_1/BUILD/GAP8_V2/GCC_RISCV_PULPOS/SSD_tin_can_bottle:1c027798 0000001a T bsp_himax_conf_init	/home/bomps/Scrivania/gap_8/gap_sdk/rtos/pmsis/pmsis_bsp/bsp/ai_deck.c:105
/home/bomps/Scrivania/SSD_bottle_tincan/SSD_1/BUILD/GAP8_V2/GCC_RISCV_PULPOS/SSD_tin_can_bottle:1c02bbcc 0000001a T fputc_locked
/home/bomps/Scrivania/SSD_bottle_tincan/SSD_1/BUILD/GAP8_V2/GCC_RISCV_PULPOS/SSD_tin_can_bottle:1c0251f0 0000001a T __himax_reg_set	/home/bomps/Scrivania/gap_8/gap_sdk/rtos/pmsis/pmsis_bsp/camera/himax/himax.c:484
/home/bomps/Scrivania/SSD_bottle_tincan/SSD_1/BUILD/GAP8_V2/GCC_RISCV_PULPOS/SSD_tin_can_bottle:1c02573a 0000001a t hyperflash_copy_2d_async
/home/bomps/Scrivania/SSD_bottle_tincan/SSD_1/BUILD/GAP8_V2/GCC_RISCV_PULPOS/SSD_tin_can_bottle:1c026690 0000001a T pi_hyperram_conf_init	/home/bomps/Scrivania/gap_8/gap_sdk/rtos/pmsis/pmsis_bsp/ram/hyperram/hyperram.c:235
/home/bomps/Scrivania/SSD_bottle_tincan/SSD_1/BUILD/GAP8_V2/GCC_RISCV_PULPOS/SSD_tin_can_bottle:1c029c0a 0000001a T pi_hyper_write_2d_async	/home/bomps/Scrivania/gap_8/gap_sdk/rtos/pulp/pulp-os/drivers/hyper/hyperram-v1.c:440
/home/bomps/Scrivania/SSD_bottle_tincan/SSD_1/BUILD/GAP8_V2/GCC_RISCV_PULPOS/SSD_tin_can_bottle:1c0005e8 0000001a T rgb_to_cb
/home/bomps/Scrivania/SSD_bottle_tincan/SSD_1/BUILD/GAP8_V2/GCC_RISCV_PULPOS/SSD_tin_can_bottle:1c027fa2 0000001a T rt_event_get	/home/bomps/Scrivania/gap_8/gap_sdk/rtos/pulp/pulp-os/kernel/events.c:105
/home/bomps/Scrivania/SSD_bottle_tincan/SSD_1/BUILD/GAP8_V2/GCC_RISCV_PULPOS/SSD_tin_can_bottle:1c028092 0000001a T rt_event_wait	/home/bomps/Scrivania/gap_8/gap_sdk/rtos/pulp/pulp-os/kernel/events.c:257
/home/bomps/Scrivania/SSD_bottle_tincan/SSD_1/BUILD/GAP8_V2/GCC_RISCV_PULPOS/SSD_tin_can_bottle:1c02ba40 0000001a T strchr	/home/bomps/Scrivania/gap_8/gap_sdk/rtos/pulp/pulp-os/libs/io/io.c:278
/home/bomps/Scrivania/SSD_bottle_tincan/SSD_1/BUILD/GAP8_V2/GCC_RISCV_PULPOS/SSD_tin_can_bottle:1c02d6e8 0000001c d himax_api	/home/bomps/Scrivania/gap_8/gap_sdk/rtos/pmsis/pmsis_bsp/camera/himax/himax.c:502
/home/bomps/Scrivania/SSD_bottle_tincan/SSD_1/BUILD/GAP8_V2/GCC_RISCV_PULPOS/SSD_tin_can_bottle:1c041b20 0000001c b HyperFlash
/home/bomps/Scrivania/SSD_bottle_tincan/SSD_1/BUILD/GAP8_V2/GCC_RISCV_PULPOS/SSD_tin_can_bottle:1c025c08 0000001c t hyperflash_copy_async	/home/bomps/Scrivania/gap_8/gap_sdk/rtos/pmsis/pmsis_bsp/flash/hyperflash/hyperflash.c:844
/home/bomps/Scrivania/SSD_bottle_tincan/SSD_1/BUILD/GAP8_V2/GCC_RISCV_PULPOS/SSD_tin_can_bottle:1c0250dc 0000001c t __pi_host_fs_close	/home/bomps/Scrivania/gap_8/gap_sdk/rtos/pmsis/pmsis_bsp/fs/host_fs/host_fs.c:67
/home/bomps/Scrivania/SSD_bottle_tincan/SSD_1/BUILD/GAP8_V2/GCC_RISCV_PULPOS/SSD_tin_can_bottle:1c007b26 0000001c t pi_ram_copy_async.constprop.9
/home/bomps/Scrivania/SSD_bottle_tincan/SSD_1/BUILD/GAP8_V2/GCC_RISCV_PULPOS/SSD_tin_can_bottle:1c025638 0000001c t __rt_event_enqueue	/home/bomps/Scrivania/gap_8/gap_sdk/install/GAP8_V3/include/rt/rt_event.h:397
/home/bomps/Scrivania/SSD_bottle_tincan/SSD_1/BUILD/GAP8_V2/GCC_RISCV_PULPOS/SSD_tin_can_bottle:1c027c56 0000001c t __rt_event_enqueue	/home/bomps/Scrivania/gap_8/gap_sdk/install/GAP8_V3/include/rt/rt_event.h:397
/home/bomps/Scrivania/SSD_bottle_tincan/SSD_1/BUILD/GAP8_V2/GCC_RISCV_PULPOS/SSD_tin_can_bottle:1c02d5c8 0000001c D std_dc_chrominance_huff	/home/bomps/Scrivania/gap_8/gap_sdk/libs/gap_lib/jpeg/jpeg_encoder.c:67
/home/bomps/Scrivania/SSD_bottle_tincan/SSD_1/BUILD/GAP8_V2/GCC_RISCV_PULPOS/SSD_tin_can_bottle:1c02d4f8 0000001c D std_dc_luminance_huff	/home/bomps/Scrivania/gap_8/gap_sdk/libs/gap_lib/jpeg/jpeg_encoder.c:31
/home/bomps/Scrivania/SSD_bottle_tincan/SSD_1/BUILD/GAP8_V2/GCC_RISCV_PULPOS/SSD_tin_can_bottle:1c02528a 0000001e T __himax_reg_get	/home/bomps/Scrivania/gap_8/gap_sdk/rtos/pmsis/pmsis_bsp/camera/himax/himax.c:493
/home/bomps/Scrivania/SSD_bottle_tincan/SSD_1/BUILD/GAP8_V2/GCC_RISCV_PULPOS/SSD_tin_can_bottle:1c025c24 0000001e t hyperflash_close	/home/bomps/Scrivania/gap_8/gap_sdk/rtos/pmsis/pmsis_bsp/flash/hyperflash/hyperflash.c:276
/home/bomps/Scrivania/SSD_bottle_tincan/SSD_1/BUILD/GAP8_V2/GCC_RISCV_PULPOS/SSD_tin_can_bottle:1c02658e 0000001e T hyperram_alloc	/home/bomps/Scrivania/gap_8/gap_sdk/rtos/pmsis/pmsis_bsp/ram/hyperram/hyperram.c:158
/home/bomps/Scrivania/SSD_bottle_tincan/SSD_1/BUILD/GAP8_V2/GCC_RISCV_PULPOS/SSD_tin_can_bottle:1c02940e 0000001e T pi_pad_init	/home/bomps/Scrivania/gap_8/gap_sdk/rtos/pulp/pulp-os/drivers/pads/pads-v1.c:31
/home/bomps/Scrivania/SSD_bottle_tincan/SSD_1/BUILD/GAP8_V2/GCC_RISCV_PULPOS/SSD_tin_can_bottle:1c02671a 0000001e t __pi_ram_cluster_req_done	/home/bomps/Scrivania/gap_8/gap_sdk/rtos/pmsis/pmsis_bsp/ram/ram.c:55
/home/bomps/Scrivania/SSD_bottle_tincan/SSD_1/BUILD/GAP8_V2/GCC_RISCV_PULPOS/SSD_tin_can_bottle:1c027d9c 0000001e T __rt_bridge_set_available	/home/bomps/Scrivania/gap_8/gap_sdk/rtos/pulp/pulp-os/kernel/bridge.c:725
/home/bomps/Scrivania/SSD_bottle_tincan/SSD_1/BUILD/GAP8_V2/GCC_RISCV_PULPOS/SSD_tin_can_bottle:1c0276c0 0000001e T semihost_read	/home/bomps/Scrivania/gap_8/gap_sdk/rtos/pmsis/pmsis_bsp/fs/host_fs/semihost.c:24
/home/bomps/Scrivania/SSD_bottle_tincan/SSD_1/BUILD/GAP8_V2/GCC_RISCV_PULPOS/SSD_tin_can_bottle:1c0276de 0000001e T semihost_write	/home/bomps/Scrivania/gap_8/gap_sdk/rtos/pmsis/pmsis_bsp/fs/host_fs/semihost.c:30
/home/bomps/Scrivania/SSD_bottle_tincan/SSD_1/BUILD/GAP8_V2/GCC_RISCV_PULPOS/SSD_tin_can_bottle:1c041980 00000020 b buffer
/home/bomps/Scrivania/SSD_bottle_tincan/SSD_1/BUILD/GAP8_V2/GCC_RISCV_PULPOS/SSD_tin_can_bottle:1c025162 00000020 t __himax_reg_write	/home/bomps/Scrivania/gap_8/gap_sdk/rtos/pmsis/pmsis_bsp/camera/himax/himax.c:163
/home/bomps/Scrivania/SSD_bottle_tincan/SSD_1/BUILD/GAP8_V2/GCC_RISCV_PULPOS/SSD_tin_can_bottle:1c000822 00000020 T jpeg_encoder_open	/home/bomps/Scrivania/gap_8/gap_sdk/libs/gap_lib/jpeg/jpeg_encoder.c:685
/home/bomps/Scrivania/SSD_bottle_tincan/SSD_1/BUILD/GAP8_V2/GCC_RISCV_PULPOS/SSD_tin_can_bottle:1c02bdbe 00000020 t _rlrshift	/home/bomps/Scrivania/gap_8/gap_sdk/rtos/pulp/pulp-os/libs/io/prf.c:122
/home/bomps/Scrivania/SSD_bottle_tincan/SSD_1/BUILD/GAP8_V2/GCC_RISCV_PULPOS/SSD_tin_can_bottle:1c027c72 00000020 t __rt_bridge_check_bridge_req.part.5	/home/bomps/Scrivania/gap_8/gap_sdk/rtos/pulp/pulp-os/kernel/bridge.c:638
/home/bomps/Scrivania/SSD_bottle_tincan/SSD_1/BUILD/GAP8_V2/GCC_RISCV_PULPOS/SSD_tin_can_bottle:1c041c70 00000020 b __rt_cpi	/home/bomps/Scrivania/gap_8/gap_sdk/rtos/pulp/pulp-os/drivers/cpi/cpi-v1.c:23
/home/bomps/Scrivania/SSD_bottle_tincan/SSD_1/BUILD/GAP8_V2/GCC_RISCV_PULPOS/SSD_tin_can_bottle:1c02b6e8 00000020 t rt_event_execute.isra.4.constprop.12	/home/bomps/Scrivania/gap_8/gap_sdk/rtos/pulp/pulp-os/libs/io/io.c:795
/home/bomps/Scrivania/SSD_bottle_tincan/SSD_1/BUILD/GAP8_V2/GCC_RISCV_PULPOS/SSD_tin_can_bottle:1c0280ca 00000020 T rt_user_alloc_init	/home/bomps/Scrivania/gap_8/gap_sdk/rtos/pulp/pulp-os/kernel/alloc.c:193
/home/bomps/Scrivania/SSD_bottle_tincan/SSD_1/BUILD/GAP8_V2/GCC_RISCV_PULPOS/SSD_tin_can_bottle:1c00300c 00000020 t RunNetwork
/home/bomps/Scrivania/SSD_bottle_tincan/SSD_1/BUILD/GAP8_V2/GCC_RISCV_PULPOS/SSD_tin_can_bottle:1c02b9c4 00000020 T strncmp	/home/bomps/Scrivania/gap_8/gap_sdk/rtos/pulp/pulp-os/libs/io/io.c:108
/home/bomps/Scrivania/SSD_bottle_tincan/SSD_1/BUILD/GAP8_V2/GCC_RISCV_PULPOS/SSD_tin_can_bottle:1c0265da 00000022 t hyperram_close	/home/bomps/Scrivania/gap_8/gap_sdk/rtos/pmsis/pmsis_bsp/ram/hyperram/hyperram.c:123
/home/bomps/Scrivania/SSD_bottle_tincan/SSD_1/BUILD/GAP8_V2/GCC_RISCV_PULPOS/SSD_tin_can_bottle:1c000842 00000022 T jpeg_encoder_start	/home/bomps/Scrivania/gap_8/gap_sdk/libs/gap_lib/jpeg/jpeg_encoder.c:698
/home/bomps/Scrivania/SSD_bottle_tincan/SSD_1/BUILD/GAP8_V2/GCC_RISCV_PULPOS/SSD_tin_can_bottle:1c029810 00000022 T pi_hyper_read	/home/bomps/Scrivania/gap_8/gap_sdk/rtos/pulp/pulp-os/drivers/hyper/hyperram-v1.c:390
/home/bomps/Scrivania/SSD_bottle_tincan/SSD_1/BUILD/GAP8_V2/GCC_RISCV_PULPOS/SSD_tin_can_bottle:1c02984a 00000022 T pi_hyper_write	/home/bomps/Scrivania/gap_8/gap_sdk/rtos/pulp/pulp-os/drivers/hyper/hyperram-v1.c:411
/home/bomps/Scrivania/SSD_bottle_tincan/SSD_1/BUILD/GAP8_V2/GCC_RISCV_PULPOS/SSD_tin_can_bottle:1c02ac08 00000022 t pos_spim_send_handle_misaligned	/home/bomps/Scrivania/gap_8/gap_sdk/rtos/pulp/pulp-os/drivers/spi/spim-v2.c:1007
/home/bomps/Scrivania/SSD_bottle_tincan/SSD_1/BUILD/GAP8_V2/GCC_RISCV_PULPOS/SSD_tin_can_bottle:1c027ddc 00000022 T __rt_bridge_clear_notif	/home/bomps/Scrivania/gap_8/gap_sdk/rtos/pulp/pulp-os/kernel/bridge.c:838
/home/bomps/Scrivania/SSD_bottle_tincan/SSD_1/BUILD/GAP8_V2/GCC_RISCV_PULPOS/SSD_tin_can_bottle:1c027dba 00000022 T __rt_bridge_send_notif	/home/bomps/Scrivania/gap_8/gap_sdk/rtos/pulp/pulp-os/kernel/bridge.c:821
/home/bomps/Scrivania/SSD_bottle_tincan/SSD_1/BUILD/GAP8_V2/GCC_RISCV_PULPOS/SSD_tin_can_bottle:1c027fbc 00000022 T rt_event_get_blocking	/home/bomps/Scrivania/gap_8/gap_sdk/rtos/pulp/pulp-os/kernel/events.c:127
/home/bomps/Scrivania/SSD_bottle_tincan/SSD_1/BUILD/GAP8_V2/GCC_RISCV_PULPOS/SSD_tin_can_bottle:1c02c956 00000022 t __rt_uart_setfreq_after	/home/bomps/Scrivania/gap_8/gap_sdk/rtos/pulp/pulp-os/drivers_deprecated/uart/uart.c:135
/home/bomps/Scrivania/SSD_bottle_tincan/SSD_1/BUILD/GAP8_V2/GCC_RISCV_PULPOS/SSD_tin_can_bottle:1c027b60 00000022 T __rt_utils_init	/home/bomps/Scrivania/gap_8/gap_sdk/rtos/pulp/pulp-os/kernel/utils.c:84
/home/bomps/Scrivania/SSD_bottle_tincan/SSD_1/BUILD/GAP8_V2/GCC_RISCV_PULPOS/SSD_tin_can_bottle:1c026b0a 00000024 T flash_partition_table_free	/home/bomps/Scrivania/gap_8/gap_sdk/rtos/pmsis/pmsis_bsp/partition/flash_partition.c:221
/home/bomps/Scrivania/SSD_bottle_tincan/SSD_1/BUILD/GAP8_V2/GCC_RISCV_PULPOS/SSD_tin_can_bottle:1c025444 00000024 t __himax_standby
/home/bomps/Scrivania/SSD_bottle_tincan/SSD_1/BUILD/GAP8_V2/GCC_RISCV_PULPOS/SSD_tin_can_bottle:1c025f22 00000024 t hyperflash_erase	/home/bomps/Scrivania/gap_8/gap_sdk/rtos/pmsis/pmsis_bsp/flash/hyperflash/hyperflash.c:899
/home/bomps/Scrivania/SSD_bottle_tincan/SSD_1/BUILD/GAP8_V2/GCC_RISCV_PULPOS/SSD_tin_can_bottle:1c025d52 00000024 t hyperflash_erase_chip	/home/bomps/Scrivania/gap_8/gap_sdk/rtos/pmsis/pmsis_bsp/flash/hyperflash/hyperflash.c:883
/home/bomps/Scrivania/SSD_bottle_tincan/SSD_1/BUILD/GAP8_V2/GCC_RISCV_PULPOS/SSD_tin_can_bottle:1c025d2e 00000024 t hyperflash_erase_sector	/home/bomps/Scrivania/gap_8/gap_sdk/rtos/pmsis/pmsis_bsp/flash/hyperflash/hyperflash.c:891
/home/bomps/Scrivania/SSD_bottle_tincan/SSD_1/BUILD/GAP8_V2/GCC_RISCV_PULPOS/SSD_tin_can_bottle:1c025de2 00000024 t hyperflash_program	/home/bomps/Scrivania/gap_8/gap_sdk/rtos/pmsis/pmsis_bsp/flash/hyperflash/hyperflash.c:875
/home/bomps/Scrivania/SSD_bottle_tincan/SSD_1/BUILD/GAP8_V2/GCC_RISCV_PULPOS/SSD_tin_can_bottle:1c025d76 00000024 t hyperflash_read	/home/bomps/Scrivania/gap_8/gap_sdk/rtos/pmsis/pmsis_bsp/flash/hyperflash/hyperflash.c:866
/home/bomps/Scrivania/SSD_bottle_tincan/SSD_1/BUILD/GAP8_V2/GCC_RISCV_PULPOS/SSD_tin_can_bottle:1c025d9a 00000024 t hyperflash_reg_get	/home/bomps/Scrivania/gap_8/gap_sdk/rtos/pmsis/pmsis_bsp/flash/hyperflash/hyperflash.c:916
/home/bomps/Scrivania/SSD_bottle_tincan/SSD_1/BUILD/GAP8_V2/GCC_RISCV_PULPOS/SSD_tin_can_bottle:1c025dbe 00000024 t hyperflash_reg_set	/home/bomps/Scrivania/gap_8/gap_sdk/rtos/pmsis/pmsis_bsp/flash/hyperflash/hyperflash.c:908
/home/bomps/Scrivania/SSD_bottle_tincan/SSD_1/BUILD/GAP8_V2/GCC_RISCV_PULPOS/SSD_tin_can_bottle:1c029f92 00000024 T pi_i2c_read	/home/bomps/Scrivania/gap_8/gap_sdk/rtos/pulp/pulp-os/drivers/i2c/i2c-v2.c:230
/home/bomps/Scrivania/SSD_bottle_tincan/SSD_1/BUILD/GAP8_V2/GCC_RISCV_PULPOS/SSD_tin_can_bottle:1c029eb2 00000024 T pi_i2c_write	/home/bomps/Scrivania/gap_8/gap_sdk/rtos/pulp/pulp-os/drivers/i2c/i2c-v2.c:182
/home/bomps/Scrivania/SSD_bottle_tincan/SSD_1/BUILD/GAP8_V2/GCC_RISCV_PULPOS/SSD_tin_can_bottle:1c0281dc 00000024 T __rt_alloc_init_l1	/home/bomps/Scrivania/gap_8/gap_sdk/rtos/pulp/pulp-os/kernel/alloc.c:445
/home/bomps/Scrivania/SSD_bottle_tincan/SSD_1/BUILD/GAP8_V2/GCC_RISCV_PULPOS/SSD_tin_can_bottle:1c0249bc 00000024 t rt_event_enqueue	/home/bomps/Scrivania/gap_8/gap_sdk/install/GAP8_V3/include/rt/rt_event.h:411
/home/bomps/Scrivania/SSD_bottle_tincan/SSD_1/BUILD/GAP8_V2/GCC_RISCV_PULPOS/SSD_tin_can_bottle:1c024f92 00000024 t rt_event_enqueue	/home/bomps/Scrivania/gap_8/gap_sdk/install/GAP8_V3/include/rt/rt_event.h:411
/home/bomps/Scrivania/SSD_bottle_tincan/SSD_1/BUILD/GAP8_V2/GCC_RISCV_PULPOS/SSD_tin_can_bottle:1c029440 00000024 t rt_event_enqueue	/home/bomps/Scrivania/gap_8/gap_sdk/install/GAP8_V3/include/rt/rt_event.h:411
/home/bomps/Scrivania/SSD_bottle_tincan/SSD_1/BUILD/GAP8_V2/GCC_RISCV_PULPOS/SSD_tin_can_bottle:1c027fde 00000024 T rt_event_push	/home/bomps/Scrivania/gap_8/gap_sdk/rtos/pulp/pulp-os/kernel/events.c:139
/home/bomps/Scrivania/SSD_bottle_tincan/SSD_1/BUILD/GAP8_V2/GCC_RISCV_PULPOS/SSD_tin_can_bottle:1c02839c 00000024 T rt_time_wait_us	/home/bomps/Scrivania/gap_8/gap_sdk/rtos/pulp/pulp-os/kernel/time.c:124
/home/bomps/Scrivania/SSD_bottle_tincan/SSD_1/BUILD/GAP8_V2/GCC_RISCV_PULPOS/SSD_tin_can_bottle:1c02c932 00000024 t __rt_uart_setup.isra.5	/home/bomps/Scrivania/gap_8/gap_sdk/rtos/pulp/pulp-os/drivers_deprecated/uart/uart.c:222
/home/bomps/Scrivania/SSD_bottle_tincan/SSD_1/BUILD/GAP8_V2/GCC_RISCV_PULPOS/SSD_tin_can_bottle:1c0277cc 00000026 t cluster_start	/home/bomps/Scrivania/gap_8/gap_sdk/rtos/pulp/pulp-os/kernel/init.c:198
/home/bomps/Scrivania/SSD_bottle_tincan/SSD_1/BUILD/GAP8_V2/GCC_RISCV_PULPOS/SSD_tin_can_bottle:1c025468 00000026 t __himax_close	/home/bomps/Scrivania/gap_8/gap_sdk/rtos/pmsis/pmsis_bsp/camera/himax/himax.c:423
/home/bomps/Scrivania/SSD_bottle_tincan/SSD_1/BUILD/GAP8_V2/GCC_RISCV_PULPOS/SSD_tin_can_bottle:1c001cb6 00000026 T __jpeg_encoder_stop_cl	/home/bomps/Scrivania/gap_8/gap_sdk/libs/gap_lib/jpeg/cluster.c:799
/home/bomps/Scrivania/SSD_bottle_tincan/SSD_1/BUILD/GAP8_V2/GCC_RISCV_PULPOS/SSD_tin_can_bottle:1c02506a 00000026 t __pi_host_fs_read_async	/home/bomps/Scrivania/gap_8/gap_sdk/rtos/pmsis/pmsis_bsp/fs/host_fs/host_fs.c:74
/home/bomps/Scrivania/SSD_bottle_tincan/SSD_1/BUILD/GAP8_V2/GCC_RISCV_PULPOS/SSD_tin_can_bottle:1c02b0ec 00000026 T pi_spi_conf_init	/home/bomps/Scrivania/gap_8/gap_sdk/rtos/pulp/pulp-os/drivers/spi/spim-v2.c:1361
/home/bomps/Scrivania/SSD_bottle_tincan/SSD_1/BUILD/GAP8_V2/GCC_RISCV_PULPOS/SSD_tin_can_bottle:1c0282fc 00000026 T rt_time_get_us	/home/bomps/Scrivania/gap_8/gap_sdk/rtos/pulp/pulp-os/kernel/time.c:45
/home/bomps/Scrivania/SSD_bottle_tincan/SSD_1/BUILD/GAP8_V2/GCC_RISCV_PULPOS/SSD_tin_can_bottle:1c02c90c 00000026 T __rt_uart_cluster_req_done	/home/bomps/Scrivania/gap_8/gap_sdk/rtos/pulp/pulp-os/drivers_deprecated/uart/uart.c:253
/home/bomps/Scrivania/SSD_bottle_tincan/SSD_1/BUILD/GAP8_V2/GCC_RISCV_PULPOS/SSD_tin_can_bottle:1c0288a2 00000026 t soc_eu_fcEventMask_setEvent	/home/bomps/Scrivania/gap_8/gap_sdk/install/GAP8_V3/include/hal/soc_eu/soc_eu_v1.h:60
/home/bomps/Scrivania/SSD_bottle_tincan/SSD_1/BUILD/GAP8_V2/GCC_RISCV_PULPOS/SSD_tin_can_bottle:1c029d86 00000026 t soc_eu_fcEventMask_setEvent	/home/bomps/Scrivania/gap_8/gap_sdk/install/GAP8_V3/include/hal/soc_eu/soc_eu_v1.h:60
/home/bomps/Scrivania/SSD_bottle_tincan/SSD_1/BUILD/GAP8_V2/GCC_RISCV_PULPOS/SSD_tin_can_bottle:1c02a1e4 00000026 t soc_eu_fcEventMask_setEvent	/home/bomps/Scrivania/gap_8/gap_sdk/install/GAP8_V3/include/hal/soc_eu/soc_eu_v1.h:60
/home/bomps/Scrivania/SSD_bottle_tincan/SSD_1/BUILD/GAP8_V2/GCC_RISCV_PULPOS/SSD_tin_can_bottle:1c02ca28 00000026 t soc_eu_fcEventMask_setEvent	/home/bomps/Scrivania/gap_8/gap_sdk/install/GAP8_V3/include/hal/soc_eu/soc_eu_v1.h:60
/home/bomps/Scrivania/SSD_bottle_tincan/SSD_1/BUILD/GAP8_V2/GCC_RISCV_PULPOS/SSD_tin_can_bottle:1c0079b2 00000028 t pi_cl_ram_copy_wait
/home/bomps/Scrivania/SSD_bottle_tincan/SSD_1/BUILD/GAP8_V2/GCC_RISCV_PULPOS/SSD_tin_can_bottle:1c02d6c0 00000028 D __pi_host_fs_api
/home/bomps/Scrivania/SSD_bottle_tincan/SSD_1/BUILD/GAP8_V2/GCC_RISCV_PULPOS/SSD_tin_can_bottle:1c02d698 00000028 D __pi_read_fs_api
/home/bomps/Scrivania/SSD_bottle_tincan/SSD_1/BUILD/GAP8_V2/GCC_RISCV_PULPOS/SSD_tin_can_bottle:1c02bbe6 00000028 T _prf_locked	/home/bomps/Scrivania/gap_8/gap_sdk/rtos/pulp/pulp-os/libs/io/io.c:626
/home/bomps/Scrivania/SSD_bottle_tincan/SSD_1/BUILD/GAP8_V2/GCC_RISCV_PULPOS/SSD_tin_can_bottle:1c02795a 00000028 T __rt_deinit	/home/bomps/Scrivania/gap_8/gap_sdk/rtos/pulp/pulp-os/kernel/init.c:163
/home/bomps/Scrivania/SSD_bottle_tincan/SSD_1/BUILD/GAP8_V2/GCC_RISCV_PULPOS/SSD_tin_can_bottle:1c027eec 00000028 T __rt_event_init	/home/bomps/Scrivania/gap_8/gap_sdk/rtos/pulp/pulp-os/kernel/events.c:32
/home/bomps/Scrivania/SSD_bottle_tincan/SSD_1/BUILD/GAP8_V2/GCC_RISCV_PULPOS/SSD_tin_can_bottle:1c041e64 00000028 B __rt_fc_cluster_data
/home/bomps/Scrivania/SSD_bottle_tincan/SSD_1/BUILD/GAP8_V2/GCC_RISCV_PULPOS/SSD_tin_can_bottle:1c02b988 00000028 t __rt_io_stop	/home/bomps/Scrivania/gap_8/gap_sdk/rtos/pulp/pulp-os/libs/io/io.c:769
/home/bomps/Scrivania/SSD_bottle_tincan/SSD_1/BUILD/GAP8_V2/GCC_RISCV_PULPOS/SSD_tin_can_bottle:1c02b3d6 00000028 T rt_padframe_set	/home/bomps/Scrivania/gap_8/gap_sdk/rtos/pulp/pulp-os/drivers_deprecated/pads/pads-v1.c:77
/home/bomps/Scrivania/SSD_bottle_tincan/SSD_1/BUILD/GAP8_V2/GCC_RISCV_PULPOS/SSD_tin_can_bottle:000002b8 00000028 D __rt_udma_extra_callback
/home/bomps/Scrivania/SSD_bottle_tincan/SSD_1/BUILD/GAP8_V2/GCC_RISCV_PULPOS/SSD_tin_can_bottle:000002e0 00000028 D __rt_udma_extra_callback_arg
/home/bomps/Scrivania/SSD_bottle_tincan/SSD_1/BUILD/GAP8_V2/GCC_RISCV_PULPOS/SSD_tin_can_bottle:1c02488e 0000002a T pi_fs_read	/home/bomps/Scrivania/gap_8/gap_sdk/rtos/pmsis/pmsis_bsp/fs/fs.c:90
/home/bomps/Scrivania/SSD_bottle_tincan/SSD_1/BUILD/GAP8_V2/GCC_RISCV_PULPOS/SSD_tin_can_bottle:1c0248c0 0000002a T pi_fs_write	/home/bomps/Scrivania/gap_8/gap_sdk/rtos/pmsis/pmsis_bsp/fs/fs.c:103
/home/bomps/Scrivania/SSD_bottle_tincan/SSD_1/BUILD/GAP8_V2/GCC_RISCV_PULPOS/SSD_tin_can_bottle:1c025040 0000002a t __pi_host_fs_write_async	/home/bomps/Scrivania/gap_8/gap_sdk/rtos/pmsis/pmsis_bsp/fs/host_fs/host_fs.c:100
/home/bomps/Scrivania/SSD_bottle_tincan/SSD_1/BUILD/GAP8_V2/GCC_RISCV_PULPOS/SSD_tin_can_bottle:1c028200 0000002a T __rt_alloc_init_l1_for_fc	/home/bomps/Scrivania/gap_8/gap_sdk/rtos/pulp/pulp-os/kernel/alloc.c:452
/home/bomps/Scrivania/SSD_bottle_tincan/SSD_1/BUILD/GAP8_V2/GCC_RISCV_PULPOS/SSD_tin_can_bottle:1c02b518 0000002a t __rt_i2s_setfreq_after	/home/bomps/Scrivania/gap_8/gap_sdk/rtos/pulp/pulp-os/drivers_deprecated/i2s/i2s-v1.c:235
/home/bomps/Scrivania/SSD_bottle_tincan/SSD_1/BUILD/GAP8_V2/GCC_RISCV_PULPOS/SSD_tin_can_bottle:1c025d02 0000002c t hyperflash_copy_2d	/home/bomps/Scrivania/gap_8/gap_sdk/rtos/pmsis/pmsis_bsp/flash/hyperflash/hyperflash.c:934
/home/bomps/Scrivania/SSD_bottle_tincan/SSD_1/BUILD/GAP8_V2/GCC_RISCV_PULPOS/SSD_tin_can_bottle:1c026196 0000002c t __nina_w10_setup_resume	/home/bomps/Scrivania/gap_8/gap_sdk/rtos/pmsis/pmsis_bsp/transport/nina_w10/nina_w10.c:135
/home/bomps/Scrivania/SSD_bottle_tincan/SSD_1/BUILD/GAP8_V2/GCC_RISCV_PULPOS/SSD_tin_can_bottle:1c02484a 0000002c T pi_fs_mount	/home/bomps/Scrivania/gap_8/gap_sdk/rtos/pmsis/pmsis_bsp/fs/fs.c:40
/home/bomps/Scrivania/SSD_bottle_tincan/SSD_1/BUILD/GAP8_V2/GCC_RISCV_PULPOS/SSD_tin_can_bottle:1c0294c2 0000002c T __pi_hyper_pin_reset_settings	/home/bomps/Scrivania/gap_8/gap_sdk/rtos/pulp/pulp-os/drivers/hyper/hyperram-v1.c:189
/home/bomps/Scrivania/SSD_bottle_tincan/SSD_1/BUILD/GAP8_V2/GCC_RISCV_PULPOS/SSD_tin_can_bottle:1c029496 0000002c T __pi_hyper_pin_settings	/home/bomps/Scrivania/gap_8/gap_sdk/rtos/pulp/pulp-os/drivers/hyper/hyperram-v1.c:181
/home/bomps/Scrivania/SSD_bottle_tincan/SSD_1/BUILD/GAP8_V2/GCC_RISCV_PULPOS/SSD_tin_can_bottle:1c02a13a 0000002c t pos_spim_enqueue_to_pending_7	/home/bomps/Scrivania/gap_8/gap_sdk/rtos/pulp/pulp-os/drivers/spi/spim-v2.c:323
/home/bomps/Scrivania/SSD_bottle_tincan/SSD_1/BUILD/GAP8_V2/GCC_RISCV_PULPOS/SSD_tin_can_bottle:1c02bd00 0000002c T printf	/home/bomps/Scrivania/gap_8/gap_sdk/rtos/pulp/pulp-os/libs/io/fprintf.c:41
/home/bomps/Scrivania/SSD_bottle_tincan/SSD_1/BUILD/GAP8_V2/GCC_RISCV_PULPOS/SSD_tin_can_bottle:1c02bba0 0000002c T puts	/home/bomps/Scrivania/gap_8/gap_sdk/rtos/pulp/pulp-os/libs/io/io.c:576
/home/bomps/Scrivania/SSD_bottle_tincan/SSD_1/BUILD/GAP8_V2/GCC_RISCV_PULPOS/SSD_tin_can_bottle:1c0005bc 0000002c T rgb_to_y
/home/bomps/Scrivania/SSD_bottle_tincan/SSD_1/BUILD/GAP8_V2/GCC_RISCV_PULPOS/SSD_tin_can_bottle:1c02b542 0000002c t __rt_i2s_setfreq_before	/home/bomps/Scrivania/gap_8/gap_sdk/rtos/pulp/pulp-os/drivers_deprecated/i2s/i2s-v1.c:219
/home/bomps/Scrivania/SSD_bottle_tincan/SSD_1/BUILD/GAP8_V2/GCC_RISCV_PULPOS/SSD_tin_can_bottle:1c041bc4 0000002c b __rt_pulpos_emu_global_cluster_task	/home/bomps/Scrivania/gap_8/gap_sdk/rtos/pulp/pulp-os/kernel/pulpos_emu.c:26
/home/bomps/Scrivania/SSD_bottle_tincan/SSD_1/BUILD/GAP8_V2/GCC_RISCV_PULPOS/SSD_tin_can_bottle:1c02c9ba 0000002c t __rt_uart_setfreq_before	/home/bomps/Scrivania/gap_8/gap_sdk/rtos/pulp/pulp-os/drivers_deprecated/uart/uart.c:102
/home/bomps/Scrivania/SSD_bottle_tincan/SSD_1/BUILD/GAP8_V2/GCC_RISCV_PULPOS/SSD_tin_can_bottle:1c028066 0000002c T __rt_wait_event	/home/bomps/Scrivania/gap_8/gap_sdk/rtos/pulp/pulp-os/kernel/events.c:247
/home/bomps/Scrivania/SSD_bottle_tincan/SSD_1/BUILD/GAP8_V2/GCC_RISCV_PULPOS/SSD_tin_can_bottle:1c02768c 0000002c T semihost_open	/home/bomps/Scrivania/gap_8/gap_sdk/rtos/pmsis/pmsis_bsp/fs/host_fs/semihost.c:11
/home/bomps/Scrivania/SSD_bottle_tincan/SSD_1/BUILD/GAP8_V2/GCC_RISCV_PULPOS/SSD_tin_can_bottle:1c028876 0000002c t SetFllMultDivFactors
/home/bomps/Scrivania/SSD_bottle_tincan/SSD_1/BUILD/GAP8_V2/GCC_RISCV_PULPOS/SSD_tin_can_bottle:1c02d970 0000002c D task
/home/bomps/Scrivania/SSD_bottle_tincan/SSD_1/BUILD/GAP8_V2/GCC_RISCV_PULPOS/SSD_tin_can_bottle:1c025e06 0000002e t hyperflash_copy	/home/bomps/Scrivania/gap_8/gap_sdk/rtos/pmsis/pmsis_bsp/flash/hyperflash/hyperflash.c:924
/home/bomps/Scrivania/SSD_bottle_tincan/SSD_1/BUILD/GAP8_V2/GCC_RISCV_PULPOS/SSD_tin_can_bottle:1c02560a 0000002e T pi_himax_conf_init	/home/bomps/Scrivania/gap_8/gap_sdk/rtos/pmsis/pmsis_bsp/camera/himax/himax.c:512
/home/bomps/Scrivania/SSD_bottle_tincan/SSD_1/BUILD/GAP8_V2/GCC_RISCV_PULPOS/SSD_tin_can_bottle:1c0281ae 0000002e T rt_free
/home/bomps/Scrivania/SSD_bottle_tincan/SSD_1/BUILD/GAP8_V2/GCC_RISCV_PULPOS/SSD_tin_can_bottle:1c028676 0000002e T __rt_periph_get_event	/home/bomps/Scrivania/gap_8/gap_sdk/rtos/pulp/pulp-os/kernel/periph-v2.c:219
/home/bomps/Scrivania/SSD_bottle_tincan/SSD_1/BUILD/GAP8_V2/GCC_RISCV_PULPOS/SSD_tin_can_bottle:1c0251c0 00000030 t __himax_set_qqvga	/home/bomps/Scrivania/gap_8/gap_sdk/rtos/pmsis/pmsis_bsp/camera/himax/himax.c:214
/home/bomps/Scrivania/SSD_bottle_tincan/SSD_1/BUILD/GAP8_V2/GCC_RISCV_PULPOS/SSD_tin_can_bottle:1c025f46 00000030 t hyperflash_get_status_reg	/home/bomps/Scrivania/gap_8/gap_sdk/rtos/pmsis/pmsis_bsp/flash/hyperflash/hyperflash.c:184
/home/bomps/Scrivania/SSD_bottle_tincan/SSD_1/BUILD/GAP8_V2/GCC_RISCV_PULPOS/SSD_tin_can_bottle:1c0260d4 00000030 T pi_transport_send	/home/bomps/Scrivania/gap_8/gap_sdk/rtos/pmsis/pmsis_bsp/transport/transport.c:64
/home/bomps/Scrivania/SSD_bottle_tincan/SSD_1/BUILD/GAP8_V2/GCC_RISCV_PULPOS/SSD_tin_can_bottle:1c0418d0 00000030 d pos_spim_l2	/home/bomps/Scrivania/gap_8/gap_sdk/rtos/pulp/pulp-os/drivers/spi/spim-v2.c:33
/home/bomps/Scrivania/SSD_bottle_tincan/SSD_1/BUILD/GAP8_V2/GCC_RISCV_PULPOS/SSD_tin_can_bottle:1c02817e 00000030 T rt_alloc
/home/bomps/Scrivania/SSD_bottle_tincan/SSD_1/BUILD/GAP8_V2/GCC_RISCV_PULPOS/SSD_tin_can_bottle:1c027b30 00000030 T __rt_cbsys_exec	/home/bomps/Scrivania/gap_8/gap_sdk/rtos/pulp/pulp-os/kernel/utils.c:71
/home/bomps/Scrivania/SSD_bottle_tincan/SSD_1/BUILD/GAP8_V2/GCC_RISCV_PULPOS/SSD_tin_can_bottle:1c027470 00000032 T MD5_Init	/home/bomps/Scrivania/gap_8/gap_sdk/rtos/pmsis/pmsis_bsp/crc/md5.c:207
/home/bomps/Scrivania/SSD_bottle_tincan/SSD_1/BUILD/GAP8_V2/GCC_RISCV_PULPOS/SSD_tin_can_bottle:1c029090 00000032 T pi_cluster_close	/home/bomps/Scrivania/gap_8/gap_sdk/rtos/pulp/pulp-os/kernel/cluster.c:370
/home/bomps/Scrivania/SSD_bottle_tincan/SSD_1/BUILD/GAP8_V2/GCC_RISCV_PULPOS/SSD_tin_can_bottle:1c02b25c 00000032 T pi_gpio_pin_write	/home/bomps/Scrivania/gap_8/gap_sdk/rtos/pulp/pulp-os/drivers/gpio/gpio-v2.c:158
/home/bomps/Scrivania/SSD_bottle_tincan/SSD_1/BUILD/GAP8_V2/GCC_RISCV_PULPOS/SSD_tin_can_bottle:1c02601c 00000032 T pi_hyperflash_conf_init	/home/bomps/Scrivania/gap_8/gap_sdk/rtos/pmsis/pmsis_bsp/flash/hyperflash/hyperflash.c:970
/home/bomps/Scrivania/SSD_bottle_tincan/SSD_1/BUILD/GAP8_V2/GCC_RISCV_PULPOS/SSD_tin_can_bottle:1c024806 00000032 t pi_task_wait_on.isra.3	/home/bomps/Scrivania/gap_8/gap_sdk/rtos/pmsis/pmsis_bsp/fs/fs.c:122
/home/bomps/Scrivania/SSD_bottle_tincan/SSD_1/BUILD/GAP8_V2/GCC_RISCV_PULPOS/SSD_tin_can_bottle:1c025cd0 00000032 t pi_task_wait_on.isra.3	/home/bomps/Scrivania/gap_8/gap_sdk/rtos/pmsis/pmsis_bsp/flash/hyperflash/hyperflash.c:219
/home/bomps/Scrivania/SSD_bottle_tincan/SSD_1/BUILD/GAP8_V2/GCC_RISCV_PULPOS/SSD_tin_can_bottle:1c02604e 00000032 t pi_task_wait_on.isra.3	/home/bomps/Scrivania/gap_8/gap_sdk/rtos/pmsis/pmsis_bsp/include/bsp/transport.h:77
/home/bomps/Scrivania/SSD_bottle_tincan/SSD_1/BUILD/GAP8_V2/GCC_RISCV_PULPOS/SSD_tin_can_bottle:1c029dac 00000032 t pi_task_wait_on.isra.3	/home/bomps/Scrivania/gap_8/gap_sdk/install/GAP8_V3/include/hal/soc_eu/soc_eu_v1.h:55
/home/bomps/Scrivania/SSD_bottle_tincan/SSD_1/BUILD/GAP8_V2/GCC_RISCV_PULPOS/SSD_tin_can_bottle:1c029464 00000032 t pi_task_wait_on.isra.4	/home/bomps/Scrivania/gap_8/gap_sdk/rtos/pulp/pulp-os/drivers/hyper/hyperram-v1.c:1039
/home/bomps/Scrivania/SSD_bottle_tincan/SSD_1/BUILD/GAP8_V2/GCC_RISCV_PULPOS/SSD_tin_can_bottle:1c027b82 00000032 T __rt_fc_lock	/home/bomps/Scrivania/gap_8/gap_sdk/rtos/pulp/pulp-os/kernel/utils.c:92
/home/bomps/Scrivania/SSD_bottle_tincan/SSD_1/BUILD/GAP8_V2/GCC_RISCV_PULPOS/SSD_tin_can_bottle:000003a8 00000034 D dev_rtc	/home/bomps/Scrivania/gap_8/gap_sdk/rtos/pulp/pulp-os/drivers_deprecated/dolphin/rtc.c:24
/home/bomps/Scrivania/SSD_bottle_tincan/SSD_1/BUILD/GAP8_V2/GCC_RISCV_PULPOS/SSD_tin_can_bottle:1c02be22 00000034 t _get_digit	/home/bomps/Scrivania/gap_8/gap_sdk/rtos/pulp/pulp-os/libs/io/prf.c:167
/home/bomps/Scrivania/SSD_bottle_tincan/SSD_1/BUILD/GAP8_V2/GCC_RISCV_PULPOS/SSD_tin_can_bottle:1c02d3bc 00000034 r __hyper_pad	/home/bomps/Scrivania/gap_8/gap_sdk/rtos/pulp/pulp-os/drivers/hyper/hyperram-v1.c:164
/home/bomps/Scrivania/SSD_bottle_tincan/SSD_1/BUILD/GAP8_V2/GCC_RISCV_PULPOS/SSD_tin_can_bottle:1c0293da 00000034 T pi_pad_set_function	/home/bomps/Scrivania/gap_8/gap_sdk/rtos/pulp/pulp-os/drivers/pads/pads-v1.c:24
/home/bomps/Scrivania/SSD_bottle_tincan/SSD_1/BUILD/GAP8_V2/GCC_RISCV_PULPOS/SSD_tin_can_bottle:1c02ac2a 00000034 t pos_spim_send_handle_misaligned_2d	/home/bomps/Scrivania/gap_8/gap_sdk/rtos/pulp/pulp-os/drivers/spi/spim-v2.c:1022
/home/bomps/Scrivania/SSD_bottle_tincan/SSD_1/BUILD/GAP8_V2/GCC_RISCV_PULPOS/SSD_tin_can_bottle:1c027eb8 00000034 T __rt_bridge_init	/home/bomps/Scrivania/gap_8/gap_sdk/rtos/pulp/pulp-os/kernel/bridge.c:851
/home/bomps/Scrivania/SSD_bottle_tincan/SSD_1/BUILD/GAP8_V2/GCC_RISCV_PULPOS/SSD_tin_can_bottle:1c027bb4 00000034 T __rt_fc_unlock	/home/bomps/Scrivania/gap_8/gap_sdk/rtos/pulp/pulp-os/kernel/utils.c:127
/home/bomps/Scrivania/SSD_bottle_tincan/SSD_1/BUILD/GAP8_V2/GCC_RISCV_PULPOS/SSD_tin_can_bottle:1c02b4e4 00000034 t __rt_i2s_resume	/home/bomps/Scrivania/gap_8/gap_sdk/rtos/pulp/pulp-os/drivers_deprecated/i2s/i2s-v1.c:186
/home/bomps/Scrivania/SSD_bottle_tincan/SSD_1/BUILD/GAP8_V2/GCC_RISCV_PULPOS/SSD_tin_can_bottle:1c02b778 00000034 t __rt_putc_host_cluster_req	/home/bomps/Scrivania/gap_8/gap_sdk/rtos/pulp/pulp-os/libs/io/io.c:451
/home/bomps/Scrivania/SSD_bottle_tincan/SSD_1/BUILD/GAP8_V2/GCC_RISCV_PULPOS/SSD_tin_can_bottle:1c02cb3a 00000034 T rt_uart_cluster_write	/home/bomps/Scrivania/gap_8/gap_sdk/rtos/pulp/pulp-os/drivers_deprecated/uart/uart.c:277
/home/bomps/Scrivania/SSD_bottle_tincan/SSD_1/BUILD/GAP8_V2/GCC_RISCV_PULPOS/SSD_tin_can_bottle:1c02ba0a 00000036 T memcpy	/home/bomps/Scrivania/gap_8/gap_sdk/rtos/pulp/pulp-os/libs/io/io.c:159
/home/bomps/Scrivania/SSD_bottle_tincan/SSD_1/BUILD/GAP8_V2/GCC_RISCV_PULPOS/SSD_tin_can_bottle:1c029d3c 00000036 T pi_cpi_capture_async	/home/bomps/Scrivania/gap_8/gap_sdk/rtos/pulp/pulp-os/drivers/cpi/cpi-v1.c:102
/home/bomps/Scrivania/SSD_bottle_tincan/SSD_1/BUILD/GAP8_V2/GCC_RISCV_PULPOS/SSD_tin_can_bottle:1c02b3a0 00000036 T pi_gpio_pin_configure	/home/bomps/Scrivania/gap_8/gap_sdk/rtos/pulp/pulp-os/drivers/gpio/gpio-v2.c:146
/home/bomps/Scrivania/SSD_bottle_tincan/SSD_1/BUILD/GAP8_V2/GCC_RISCV_PULPOS/SSD_tin_can_bottle:1c02609e 00000036 T pi_transport_send_header	/home/bomps/Scrivania/gap_8/gap_sdk/rtos/pmsis/pmsis_bsp/transport/transport.c:53
/home/bomps/Scrivania/SSD_bottle_tincan/SSD_1/BUILD/GAP8_V2/GCC_RISCV_PULPOS/SSD_tin_can_bottle:1c027c20 00000036 T __rt_fc_cluster_unlock	/home/bomps/Scrivania/gap_8/gap_sdk/rtos/pulp/pulp-os/kernel/utils.c:199
/home/bomps/Scrivania/SSD_bottle_tincan/SSD_1/BUILD/GAP8_V2/GCC_RISCV_PULPOS/SSD_tin_can_bottle:1c001c04 00000038 T __jpeg_encoder_process_cl	/home/bomps/Scrivania/gap_8/gap_sdk/libs/gap_lib/jpeg/cluster.c:742
/home/bomps/Scrivania/SSD_bottle_tincan/SSD_1/BUILD/GAP8_V2/GCC_RISCV_PULPOS/SSD_tin_can_bottle:1c0249e0 00000038 t __pi_fs_free	/home/bomps/Scrivania/gap_8/gap_sdk/rtos/pmsis/pmsis_bsp/fs/read_fs/read_fs.c:122
/home/bomps/Scrivania/SSD_bottle_tincan/SSD_1/BUILD/GAP8_V2/GCC_RISCV_PULPOS/SSD_tin_can_bottle:1c02b28e 00000038 T pi_gpio_pin_read	/home/bomps/Scrivania/gap_8/gap_sdk/rtos/pulp/pulp-os/drivers/gpio/gpio-v2.c:171
/home/bomps/Scrivania/SSD_bottle_tincan/SSD_1/BUILD/GAP8_V2/GCC_RISCV_PULPOS/SSD_tin_can_bottle:1c007a56 00000038 t pi_task_wait_on.isra.4
/home/bomps/Scrivania/SSD_bottle_tincan/SSD_1/BUILD/GAP8_V2/GCC_RISCV_PULPOS/SSD_tin_can_bottle:1c027be8 00000038 T __rt_fc_cluster_lock	/home/bomps/Scrivania/gap_8/gap_sdk/rtos/pulp/pulp-os/kernel/utils.c:189
/home/bomps/Scrivania/SSD_bottle_tincan/SSD_1/BUILD/GAP8_V2/GCC_RISCV_PULPOS/SSD_tin_can_bottle:1c02a1aa 0000003a t __rt_spi_get_div.isra.1	/home/bomps/Scrivania/gap_8/gap_sdk/rtos/pulp/pulp-os/drivers/spi/spim-v2.c:1318
/home/bomps/Scrivania/SSD_bottle_tincan/SSD_1/BUILD/GAP8_V2/GCC_RISCV_PULPOS/SSD_tin_can_bottle:1c02771a 0000003c t __bsp_init_pads
/home/bomps/Scrivania/SSD_bottle_tincan/SSD_1/BUILD/GAP8_V2/GCC_RISCV_PULPOS/SSD_tin_can_bottle:1c02524e 0000003c t __himax_reset	/home/bomps/Scrivania/gap_8/gap_sdk/rtos/pmsis/pmsis_bsp/camera/himax/himax.c:203
/home/bomps/Scrivania/SSD_bottle_tincan/SSD_1/BUILD/GAP8_V2/GCC_RISCV_PULPOS/SSD_tin_can_bottle:1c007c0c 0000003c t pi_cl_team_fork.constprop.12
/home/bomps/Scrivania/SSD_bottle_tincan/SSD_1/BUILD/GAP8_V2/GCC_RISCV_PULPOS/SSD_tin_can_bottle:1c029132 0000003c T __rt_cluster_new	/home/bomps/Scrivania/gap_8/gap_sdk/rtos/pulp/pulp-os/kernel/cluster.c:445
/home/bomps/Scrivania/SSD_bottle_tincan/SSD_1/BUILD/GAP8_V2/GCC_RISCV_PULPOS/SSD_tin_can_bottle:1c02916e 0000003c t __rt_cluster_pulpos_emu_init	/home/bomps/Scrivania/gap_8/gap_sdk/rtos/pulp/pulp-os/kernel/pulpos_emu.c:29
/home/bomps/Scrivania/SSD_bottle_tincan/SSD_1/BUILD/GAP8_V2/GCC_RISCV_PULPOS/SSD_tin_can_bottle:1c02bab8 0000003c T __rt_putc_uart	/home/bomps/Scrivania/gap_8/gap_sdk/rtos/pulp/pulp-os/libs/io/io.c:412
/home/bomps/Scrivania/SSD_bottle_tincan/SSD_1/BUILD/GAP8_V2/GCC_RISCV_PULPOS/SSD_tin_can_bottle:1c025182 0000003e t __himax_init_regs	/home/bomps/Scrivania/gap_8/gap_sdk/rtos/pmsis/pmsis_bsp/camera/himax/himax.c:192
/home/bomps/Scrivania/SSD_bottle_tincan/SSD_1/BUILD/GAP8_V2/GCC_RISCV_PULPOS/SSD_tin_can_bottle:1c0248fc 0000003e t __pi_read_fs_write	/home/bomps/Scrivania/gap_8/gap_sdk/rtos/pmsis/pmsis_bsp/fs/read_fs/read_fs.c:499
/home/bomps/Scrivania/SSD_bottle_tincan/SSD_1/BUILD/GAP8_V2/GCC_RISCV_PULPOS/SSD_tin_can_bottle:1c027af2 0000003e T __rt_cbsys_add	/home/bomps/Scrivania/gap_8/gap_sdk/rtos/pulp/pulp-os/kernel/utils.c:57
/home/bomps/Scrivania/SSD_bottle_tincan/SSD_1/BUILD/GAP8_V2/GCC_RISCV_PULPOS/SSD_tin_can_bottle:1c0287a2 0000003e T __rt_freq_init	/home/bomps/Scrivania/gap_8/gap_sdk/rtos/pulp/pulp-os/kernel/gap/freq.c:62
/home/bomps/Scrivania/SSD_bottle_tincan/SSD_1/BUILD/GAP8_V2/GCC_RISCV_PULPOS/SSD_tin_can_bottle:1c025670 00000040 t hyperflash_stall_task	/home/bomps/Scrivania/gap_8/gap_sdk/rtos/pmsis/pmsis_bsp/flash/hyperflash/hyperflash.c:489
/home/bomps/Scrivania/SSD_bottle_tincan/SSD_1/BUILD/GAP8_V2/GCC_RISCV_PULPOS/SSD_tin_can_bottle:1c003dfe 00000042 T Ker_SSD_Init
/home/bomps/Scrivania/SSD_bottle_tincan/SSD_1/BUILD/GAP8_V2/GCC_RISCV_PULPOS/SSD_tin_can_bottle:1c026744 00000042 T pi_cl_ram_copy	/home/bomps/Scrivania/gap_8/gap_sdk/rtos/pmsis/pmsis_bsp/ram/ram.c:71
/home/bomps/Scrivania/SSD_bottle_tincan/SSD_1/BUILD/GAP8_V2/GCC_RISCV_PULPOS/SSD_tin_can_bottle:1c02494a 00000042 t __pi_read_fs_direct_read_async	/home/bomps/Scrivania/gap_8/gap_sdk/rtos/pmsis/pmsis_bsp/fs/read_fs/read_fs.c:624
/home/bomps/Scrivania/SSD_bottle_tincan/SSD_1/BUILD/GAP8_V2/GCC_RISCV_PULPOS/SSD_tin_can_bottle:1c024f42 00000042 t __pi_read_fs_read_async	/home/bomps/Scrivania/gap_8/gap_sdk/rtos/pmsis/pmsis_bsp/fs/read_fs/read_fs.c:586
/home/bomps/Scrivania/SSD_bottle_tincan/SSD_1/BUILD/GAP8_V2/GCC_RISCV_PULPOS/SSD_tin_can_bottle:1c027dfe 00000042 T __rt_bridge_printf_flush
/home/bomps/Scrivania/SSD_bottle_tincan/SSD_1/BUILD/GAP8_V2/GCC_RISCV_PULPOS/SSD_tin_can_bottle:1c02b64c 00000042 t __rt_do_putc_host	/home/bomps/Scrivania/gap_8/gap_sdk/rtos/pulp/pulp-os/libs/io/io.c:430
/home/bomps/Scrivania/SSD_bottle_tincan/SSD_1/BUILD/GAP8_V2/GCC_RISCV_PULPOS/SSD_tin_can_bottle:1c02c9e6 00000042 t __rt_uart_cluster_req	/home/bomps/Scrivania/gap_8/gap_sdk/rtos/pulp/pulp-os/drivers_deprecated/uart/uart.c:266
/home/bomps/Scrivania/SSD_bottle_tincan/SSD_1/BUILD/GAP8_V2/GCC_RISCV_PULPOS/SSD_tin_can_bottle:1c02c978 00000042 t __rt_uart_wait_tx_done.isra.6	/home/bomps/Scrivania/gap_8/gap_sdk/rtos/pulp/pulp-os/drivers_deprecated/uart/uart.c:222
/home/bomps/Scrivania/SSD_bottle_tincan/SSD_1/BUILD/GAP8_V2/GCC_RISCV_PULPOS/SSD_tin_can_bottle:1c02520a 00000044 t __himax_reg_read	/home/bomps/Scrivania/gap_8/gap_sdk/rtos/pmsis/pmsis_bsp/camera/himax/himax.c:175
/home/bomps/Scrivania/SSD_bottle_tincan/SSD_1/BUILD/GAP8_V2/GCC_RISCV_PULPOS/SSD_tin_can_bottle:1c025ede 00000044 t hyperflash_erase_async	/home/bomps/Scrivania/gap_8/gap_sdk/rtos/pmsis/pmsis_bsp/flash/hyperflash/hyperflash.c:827
/home/bomps/Scrivania/SSD_bottle_tincan/SSD_1/BUILD/GAP8_V2/GCC_RISCV_PULPOS/SSD_tin_can_bottle:1c028ca6 00000044 T InitFlls	/home/bomps/Scrivania/gap_8/gap_sdk/rtos/pulp/pulp-os/kernel/gap/pmu_driver.c:858
/home/bomps/Scrivania/SSD_bottle_tincan/SSD_1/BUILD/GAP8_V2/GCC_RISCV_PULPOS/SSD_tin_can_bottle:1c02bdde 00000044 t _ldiv5	/home/bomps/Scrivania/gap_8/gap_sdk/rtos/pulp/pulp-os/libs/io/prf.c:143
/home/bomps/Scrivania/SSD_bottle_tincan/SSD_1/BUILD/GAP8_V2/GCC_RISCV_PULPOS/SSD_tin_can_bottle:1c02a166 00000044 t pos_spim_apply_conf	/home/bomps/Scrivania/gap_8/gap_sdk/rtos/pulp/pulp-os/drivers/spi/spim-v2.c:175
/home/bomps/Scrivania/SSD_bottle_tincan/SSD_1/BUILD/GAP8_V2/GCC_RISCV_PULPOS/SSD_tin_can_bottle:1c02975e 00000046 t __pi_hyper_copy_exec
/home/bomps/Scrivania/SSD_bottle_tincan/SSD_1/BUILD/GAP8_V2/GCC_RISCV_PULPOS/SSD_tin_can_bottle:1c02b05a 00000046 T pos_spim_handle_copy_eot	/home/bomps/Scrivania/gap_8/gap_sdk/rtos/pulp/pulp-os/drivers/spi/spim-v2.c:875
/home/bomps/Scrivania/SSD_bottle_tincan/SSD_1/BUILD/GAP8_V2/GCC_RISCV_PULPOS/SSD_tin_can_bottle:1c027c92 00000046 t __rt_bridge_wait
/home/bomps/Scrivania/SSD_bottle_tincan/SSD_1/BUILD/GAP8_V2/GCC_RISCV_PULPOS/SSD_tin_can_bottle:1c029cf4 00000048 T pi_cpi_close	/home/bomps/Scrivania/gap_8/gap_sdk/rtos/pulp/pulp-os/drivers/cpi/cpi-v1.c:73
/home/bomps/Scrivania/SSD_bottle_tincan/SSD_1/BUILD/GAP8_V2/GCC_RISCV_PULPOS/SSD_tin_can_bottle:1c025090 00000048 t __pi_host_fs_copy_async	/home/bomps/Scrivania/gap_8/gap_sdk/rtos/pmsis/pmsis_bsp/fs/host_fs/host_fs.c:115
/home/bomps/Scrivania/SSD_bottle_tincan/SSD_1/BUILD/GAP8_V2/GCC_RISCV_PULPOS/SSD_tin_can_bottle:1c0280ea 00000048 T rt_user_alloc	/home/bomps/Scrivania/gap_8/gap_sdk/rtos/pulp/pulp-os/kernel/alloc.c:207
/home/bomps/Scrivania/SSD_bottle_tincan/SSD_1/BUILD/GAP8_V2/GCC_RISCV_PULPOS/SSD_tin_can_bottle:1c0007d4 0000004a T jpeg_encoder_process	/home/bomps/Scrivania/gap_8/gap_sdk/libs/gap_lib/jpeg/jpeg_encoder.c:676
/home/bomps/Scrivania/SSD_bottle_tincan/SSD_1/BUILD/GAP8_V2/GCC_RISCV_PULPOS/SSD_tin_can_bottle:1c029390 0000004a T pi_cluster_send_task_to_cl	/home/bomps/Scrivania/gap_8/gap_sdk/rtos/pulp/pulp-os/kernel/cluster_call.c:149
/home/bomps/Scrivania/SSD_bottle_tincan/SSD_1/BUILD/GAP8_V2/GCC_RISCV_PULPOS/SSD_tin_can_bottle:1c028758 0000004a T rt_freq_set_and_get	/home/bomps/Scrivania/gap_8/gap_sdk/rtos/pulp/pulp-os/kernel/gap/freq.c:30
/home/bomps/Scrivania/SSD_bottle_tincan/SSD_1/BUILD/GAP8_V2/GCC_RISCV_PULPOS/SSD_tin_can_bottle:1c02b0a0 0000004c T pos_spim_receive_handle_temp_buffer	/home/bomps/Scrivania/gap_8/gap_sdk/rtos/pulp/pulp-os/drivers/spi/spim-v2.c:1045
/home/bomps/Scrivania/SSD_bottle_tincan/SSD_1/BUILD/GAP8_V2/GCC_RISCV_PULPOS/SSD_tin_can_bottle:1c027d50 0000004c T __rt_bridge_check_connection
/home/bomps/Scrivania/SSD_bottle_tincan/SSD_1/BUILD/GAP8_V2/GCC_RISCV_PULPOS/SSD_tin_can_bottle:1c027986 0000004c T rt_irq_set_handler	/home/bomps/Scrivania/gap_8/gap_sdk/rtos/pulp/pulp-os/kernel/irq.c:61
/home/bomps/Scrivania/SSD_bottle_tincan/SSD_1/BUILD/GAP8_V2/GCC_RISCV_PULPOS/SSD_tin_can_bottle:1c028132 0000004c T rt_user_free	/home/bomps/Scrivania/gap_8/gap_sdk/rtos/pulp/pulp-os/kernel/alloc.c:291
/home/bomps/Scrivania/SSD_bottle_tincan/SSD_1/BUILD/GAP8_V2/GCC_RISCV_PULPOS/SSD_tin_can_bottle:1c007c48 0000004e t pi_cl_dma_cmd_2d
/home/bomps/Scrivania/SSD_bottle_tincan/SSD_1/BUILD/GAP8_V2/GCC_RISCV_PULPOS/SSD_tin_can_bottle:1c024c6e 0000004e t __pi_read_fs_close
/home/bomps/Scrivania/SSD_bottle_tincan/SSD_1/BUILD/GAP8_V2/GCC_RISCV_PULPOS/SSD_tin_can_bottle:1c02caec 0000004e T rt_uart_close	/home/bomps/Scrivania/gap_8/gap_sdk/rtos/pulp/pulp-os/drivers_deprecated/uart/uart.c:228
/home/bomps/Scrivania/SSD_bottle_tincan/SSD_1/BUILD/GAP8_V2/GCC_RISCV_PULPOS/SSD_tin_can_bottle:1c005ad0 00000050 t KerConv3x2from3x3Stride1_H_SQ8.isra.16
/home/bomps/Scrivania/SSD_bottle_tincan/SSD_1/BUILD/GAP8_V2/GCC_RISCV_PULPOS/SSD_tin_can_bottle:1c004f86 00000050 t KerConv3x2from3x3Stride2_H_SQ8.isra.23
/home/bomps/Scrivania/SSD_bottle_tincan/SSD_1/BUILD/GAP8_V2/GCC_RISCV_PULPOS/SSD_tin_can_bottle:1c02d920 00000050 D out_boxes
/home/bomps/Scrivania/SSD_bottle_tincan/SSD_1/BUILD/GAP8_V2/GCC_RISCV_PULPOS/SSD_tin_can_bottle:1c02b350 00000050 T pi_gpio_mask_configure	/home/bomps/Scrivania/gap_8/gap_sdk/rtos/pulp/pulp-os/drivers/gpio/gpio-v2.c:279
/home/bomps/Scrivania/SSD_bottle_tincan/SSD_1/BUILD/GAP8_V2/GCC_RISCV_PULPOS/SSD_tin_can_bottle:1c0279d4 00000050 T __rt_handle_illegal_instr	/home/bomps/Scrivania/gap_8/gap_sdk/rtos/pulp/pulp-os/kernel/irq.c:94
/home/bomps/Scrivania/SSD_bottle_tincan/SSD_1/BUILD/GAP8_V2/GCC_RISCV_PULPOS/SSD_tin_can_bottle:1c029c30 00000050 t __rt_hyper_init	/home/bomps/Scrivania/gap_8/gap_sdk/rtos/pulp/pulp-os/drivers/hyper/hyperram-v1.c:995
/home/bomps/Scrivania/SSD_bottle_tincan/SSD_1/BUILD/GAP8_V2/GCC_RISCV_PULPOS/SSD_tin_can_bottle:1c02b5fc 00000050 t __rt_io_uart_wait_req	/home/bomps/Scrivania/gap_8/gap_sdk/rtos/pulp/pulp-os/libs/io/io.c:315
/home/bomps/Scrivania/SSD_bottle_tincan/SSD_1/BUILD/GAP8_V2/GCC_RISCV_PULPOS/SSD_tin_can_bottle:00000354 00000050 D __rt_udma_channels
/home/bomps/Scrivania/SSD_bottle_tincan/SSD_1/BUILD/GAP8_V2/GCC_RISCV_PULPOS/SSD_tin_can_bottle:1c02986c 00000052 t exec_pending_task	/home/bomps/Scrivania/gap_8/gap_sdk/rtos/pulp/pulp-os/drivers/hyper/hyperram-v1.c:867
/home/bomps/Scrivania/SSD_bottle_tincan/SSD_1/BUILD/GAP8_V2/GCC_RISCV_PULPOS/SSD_tin_can_bottle:1c0267e0 00000052 T extern_alloc_init	/home/bomps/Scrivania/gap_8/gap_sdk/rtos/pmsis/pmsis_bsp/ram/alloc_extern.c:104
/home/bomps/Scrivania/SSD_bottle_tincan/SSD_1/BUILD/GAP8_V2/GCC_RISCV_PULPOS/SSD_tin_can_bottle:1c025fca 00000052 t hyperflash_check_program	/home/bomps/Scrivania/gap_8/gap_sdk/rtos/pmsis/pmsis_bsp/flash/hyperflash/hyperflash.c:673
/home/bomps/Scrivania/SSD_bottle_tincan/SSD_1/BUILD/GAP8_V2/GCC_RISCV_PULPOS/SSD_tin_can_bottle:1c02b56e 00000052 T __rt_i2s_init	/home/bomps/Scrivania/gap_8/gap_sdk/rtos/pulp/pulp-os/drivers_deprecated/i2s/i2s-v1.c:268
/home/bomps/Scrivania/SSD_bottle_tincan/SSD_1/BUILD/GAP8_V2/GCC_RISCV_PULPOS/SSD_tin_can_bottle:1c027a24 00000052 T __rt_irq_init	/home/bomps/Scrivania/gap_8/gap_sdk/rtos/pulp/pulp-os/kernel/irq.c:103
/home/bomps/Scrivania/SSD_bottle_tincan/SSD_1/BUILD/GAP8_V2/GCC_RISCV_PULPOS/SSD_tin_can_bottle:1c02d704 00000054 d hyperflash_api	/home/bomps/Scrivania/gap_8/gap_sdk/rtos/pmsis/pmsis_bsp/flash/hyperflash/hyperflash.c:944
/home/bomps/Scrivania/SSD_bottle_tincan/SSD_1/BUILD/GAP8_V2/GCC_RISCV_PULPOS/SSD_tin_can_bottle:1c025f76 00000054 t hyperflash_check_erase	/home/bomps/Scrivania/gap_8/gap_sdk/rtos/pmsis/pmsis_bsp/flash/hyperflash/hyperflash.c:709
/home/bomps/Scrivania/SSD_bottle_tincan/SSD_1/BUILD/GAP8_V2/GCC_RISCV_PULPOS/SSD_tin_can_bottle:1c005d1e 00000054 t KerConv3x2from3x3Stride2_H_SQ8.isra.19
/home/bomps/Scrivania/SSD_bottle_tincan/SSD_1/BUILD/GAP8_V2/GCC_RISCV_PULPOS/SSD_tin_can_bottle:1c02b46c 00000054 T __rt_udma_copy_enqueue	/home/bomps/Scrivania/gap_8/gap_sdk/rtos/pulp/pulp-os/drivers/udma/udma-v2.c:55
/home/bomps/Scrivania/SSD_bottle_tincan/SSD_1/BUILD/GAP8_V2/GCC_RISCV_PULPOS/SSD_tin_can_bottle:1c002e02 00000056 T __fixsfsi	/home/haugoug/src/riscv-gnu-toolchain/riscv-gcc/libgcc/soft-fp/fixsfsi.c:35
[...]
/home/bomps/Scrivania/SSD_bottle_tincan/SSD_1/BUILD/GAP8_V2/GCC_RISCV_PULPOS/SSD_tin_can_bottle:1c024a1e 00000126 t __pi_read_fs_open	/home/bomps/Scrivania/gap_8/gap_sdk/rtos/pmsis/pmsis_bsp/fs/read_fs/read_fs.c:295
/home/bomps/Scrivania/SSD_bottle_tincan/SSD_1/BUILD/GAP8_V2/GCC_RISCV_PULPOS/SSD_tin_can_bottle:1c024b44 0000012a t __pi_fs_mount_step	/home/bomps/Scrivania/gap_8/gap_sdk/rtos/pmsis/pmsis_bsp/fs/read_fs/read_fs.c:140
/home/bomps/Scrivania/SSD_bottle_tincan/SSD_1/BUILD/GAP8_V2/GCC_RISCV_PULPOS/SSD_tin_can_bottle:1c028e88 0000012a t __rt_cluster_mount_step	/home/bomps/Scrivania/gap_8/gap_sdk/rtos/pulp/pulp-os/kernel/cluster.c:221
/home/bomps/Scrivania/SSD_bottle_tincan/SSD_1/BUILD/GAP8_V2/GCC_RISCV_PULPOS/SSD_tin_can_bottle:1c028542 00000134 T rt_periph_copy	/home/bomps/Scrivania/gap_8/gap_sdk/rtos/pulp/pulp-os/kernel/periph-v2.c:58
/home/bomps/Scrivania/SSD_bottle_tincan/SSD_1/BUILD/GAP8_V2/GCC_RISCV_PULPOS/SSD_tin_can_bottle:1c005b20 00000136 t KerConv3x3BorderStride1_SQ8.isra.17
/home/bomps/Scrivania/SSD_bottle_tincan/SSD_1/BUILD/GAP8_V2/GCC_RISCV_PULPOS/SSD_tin_can_bottle:1c02753e 00000138 T MD5_Final	/home/bomps/Scrivania/gap_8/gap_sdk/rtos/pmsis/pmsis_bsp/crc/md5.c:258
/home/bomps/Scrivania/SSD_bottle_tincan/SSD_1/BUILD/GAP8_V2/GCC_RISCV_PULPOS/SSD_tin_can_bottle:1c005d72 0000013c t KerConv3x3BorderStride2_SQ8.isra.20
/home/bomps/Scrivania/SSD_bottle_tincan/SSD_1/BUILD/GAP8_V2/GCC_RISCV_PULPOS/SSD_tin_can_bottle:1c02a79c 0000013e T pi_spi_receive_async	/home/bomps/Scrivania/gap_8/gap_sdk/rtos/pulp/pulp-os/drivers/spi/spim-v2.c:584
/home/bomps/Scrivania/SSD_bottle_tincan/SSD_1/BUILD/GAP8_V2/GCC_RISCV_PULPOS/SSD_tin_can_bottle:1c004cb6 0000014a T KerParLinearLayerFullFeatB32_SQ8
/home/bomps/Scrivania/SSD_bottle_tincan/SSD_1/BUILD/GAP8_V2/GCC_RISCV_PULPOS/SSD_tin_can_bottle:1c000ada 00000158 t exec_quantization	/home/bomps/Scrivania/gap_8/gap_sdk/libs/gap_lib/jpeg/cluster.c:327
/home/bomps/Scrivania/SSD_bottle_tincan/SSD_1/BUILD/GAP8_V2/GCC_RISCV_PULPOS/SSD_tin_can_bottle:1c02a644 00000158 T pi_spi_send_async	/home/bomps/Scrivania/gap_8/gap_sdk/rtos/pulp/pulp-os/drivers/spi/spim-v2.c:479
/home/bomps/Scrivania/SSD_bottle_tincan/SSD_1/BUILD/GAP8_V2/GCC_RISCV_PULPOS/SSD_tin_can_bottle:1c0294fe 00000168 T pi_hyper_open	/home/bomps/Scrivania/gap_8/gap_sdk/rtos/pulp/pulp-os/drivers/hyper/hyperram-v1.c:261
/home/bomps/Scrivania/SSD_bottle_tincan/SSD_1/BUILD/GAP8_V2/GCC_RISCV_PULPOS/SSD_tin_can_bottle:1c0277f2 00000168 T __rt_init	/home/bomps/Scrivania/gap_8/gap_sdk/rtos/pulp/pulp-os/kernel/init.c:74
/home/bomps/Scrivania/SSD_bottle_tincan/SSD_1/BUILD/GAP8_V2/GCC_RISCV_PULPOS/SSD_tin_can_bottle:1c0252b2 00000192 T __himax_open	/home/bomps/Scrivania/gap_8/gap_sdk/rtos/pmsis/pmsis_bsp/camera/himax/himax.c:275
/home/bomps/Scrivania/SSD_bottle_tincan/SSD_1/BUILD/GAP8_V2/GCC_RISCV_PULPOS/SSD_tin_can_bottle:1c02a8da 00000192 T pi_spi_transfer_async	/home/bomps/Scrivania/gap_8/gap_sdk/rtos/pulp/pulp-os/drivers/spi/spim-v2.c:684
/home/bomps/Scrivania/SSD_bottle_tincan/SSD_1/BUILD/GAP8_V2/GCC_RISCV_PULPOS/SSD_tin_can_bottle:1c00cc5c 00000194 T S76_MatAdd_64x15x20
/home/bomps/Scrivania/SSD_bottle_tincan/SSD_1/BUILD/GAP8_V2/GCC_RISCV_PULPOS/SSD_tin_can_bottle:1c000c32 0000019c t check_fetch_block	/home/bomps/Scrivania/gap_8/gap_sdk/libs/gap_lib/jpeg/cluster.c:536
/home/bomps/Scrivania/SSD_bottle_tincan/SSD_1/BUILD/GAP8_V2/GCC_RISCV_PULPOS/SSD_tin_can_bottle:1c02aa6c 0000019c T pos_spim_send_enqueue_transfer	/home/bomps/Scrivania/gap_8/gap_sdk/rtos/pulp/pulp-os/drivers/spi/spim-v2.c:887
/home/bomps/Scrivania/SSD_bottle_tincan/SSD_1/BUILD/GAP8_V2/GCC_RISCV_PULPOS/SSD_tin_can_bottle:1c00bb00 000001a0 T S47_MatAdd_32x30x40
/home/bomps/Scrivania/SSD_bottle_tincan/SSD_1/BUILD/GAP8_V2/GCC_RISCV_PULPOS/SSD_tin_can_bottle:1c00062c 000001a8 T jpeg_encoder_process_async	/home/bomps/Scrivania/gap_8/gap_sdk/libs/gap_lib/jpeg/jpeg_encoder.c:617
/home/bomps/Scrivania/SSD_bottle_tincan/SSD_1/BUILD/GAP8_V2/GCC_RISCV_PULPOS/SSD_tin_can_bottle:1c026342 000001b0 T __nina_w10_open	/home/bomps/Scrivania/gap_8/gap_sdk/rtos/pmsis/pmsis_bsp/transport/nina_w10/nina_w10.c:246
/home/bomps/Scrivania/SSD_bottle_tincan/SSD_1/BUILD/GAP8_V2/GCC_RISCV_PULPOS/SSD_tin_can_bottle:1c005eae 000001b6 T KerParConvDW3x3Stride1B32_SQ8
/home/bomps/Scrivania/SSD_bottle_tincan/SSD_1/BUILD/GAP8_V2/GCC_RISCV_PULPOS/SSD_tin_can_bottle:1c013908 000001b6 T S195_Conv2d_24x512x1x1
/home/bomps/Scrivania/SSD_bottle_tincan/SSD_1/BUILD/GAP8_V2/GCC_RISCV_PULPOS/SSD_tin_can_bottle:1c00302c 000001c2 T frame_streamer_open
/home/bomps/Scrivania/SSD_bottle_tincan/SSD_1/BUILD/GAP8_V2/GCC_RISCV_PULPOS/SSD_tin_can_bottle:1c00183a 000001c6 t __jpeg_encoder_process_pe_entry	/home/bomps/Scrivania/gap_8/gap_sdk/libs/gap_lib/jpeg/cluster.c:565
/home/bomps/Scrivania/SSD_bottle_tincan/SSD_1/BUILD/GAP8_V2/GCC_RISCV_PULPOS/SSD_tin_can_bottle:1c00015e 000001c6 T process_du	/home/bomps/Scrivania/gap_8/gap_sdk/libs/gap_lib/jpeg/jpeg_encoder.c:252
/home/bomps/Scrivania/SSD_bottle_tincan/SSD_1/BUILD/GAP8_V2/GCC_RISCV_PULPOS/SSD_tin_can_bottle:1c0155a2 000001ca T S240_Conv2d_128x64x1x3_Relu6
/home/bomps/Scrivania/SSD_bottle_tincan/SSD_1/BUILD/GAP8_V2/GCC_RISCV_PULPOS/SSD_tin_can_bottle:1c0050f8 000001d0 T KerParConv3x3Stride2_SQ8
/home/bomps/Scrivania/SSD_bottle_tincan/SSD_1/BUILD/GAP8_V2/GCC_RISCV_PULPOS/SSD_tin_can_bottle:1c013b6e 000001da T S200_Conv2d_18x512x1x1_Hsigmoid
/home/bomps/Scrivania/SSD_bottle_tincan/SSD_1/BUILD/GAP8_V2/GCC_RISCV_PULPOS/SSD_tin_can_bottle:1c02ac5e 000001e0 T pos_spim_receive_enqueue_transfer	/home/bomps/Scrivania/gap_8/gap_sdk/rtos/pulp/pulp-os/drivers/spi/spim-v2.c:1077
/home/bomps/Scrivania/SSD_bottle_tincan/SSD_1/BUILD/GAP8_V2/GCC_RISCV_PULPOS/SSD_tin_can_bottle:1c001cdc 000001e8 T Dct8x8	/home/bomps/Scrivania/gap_8/gap_sdk/libs/gap_lib/jpeg/dct.c:31
/home/bomps/Scrivania/SSD_bottle_tincan/SSD_1/BUILD/GAP8_V2/GCC_RISCV_PULPOS/SSD_tin_can_bottle:1c006064 000001e8 T KerParConvDW3x3Stride2B32_SQ8
/home/bomps/Scrivania/SSD_bottle_tincan/SSD_1/BUILD/GAP8_V2/GCC_RISCV_PULPOS/SSD_tin_can_bottle:1c014910 000001e8 T S221_Conv2d_128x256x1x1_Relu6
/home/bomps/Scrivania/SSD_bottle_tincan/SSD_1/BUILD/GAP8_V2/GCC_RISCV_PULPOS/SSD_tin_can_bottle:1c002c16 000001ec T __mulsf3	/home/haugoug/src/riscv-gnu-toolchain/riscv-gcc/libgcc/soft-fp/mulsf3.c:35
/home/bomps/Scrivania/SSD_bottle_tincan/SSD_1/BUILD/GAP8_V2/GCC_RISCV_PULPOS/SSD_tin_can_bottle:1c02a20a 000001ec T pi_spi_open	/home/bomps/Scrivania/gap_8/gap_sdk/rtos/pulp/pulp-os/drivers/spi/spim-v2.c:195
/home/bomps/Scrivania/SSD_bottle_tincan/SSD_1/BUILD/GAP8_V2/GCC_RISCV_PULPOS/SSD_tin_can_bottle:1c0143aa 000001f0 T S211_Conv2d_24x256x1x1
/home/bomps/Scrivania/SSD_bottle_tincan/SSD_1/BUILD/GAP8_V2/GCC_RISCV_PULPOS/SSD_tin_can_bottle:1c014e4a 000001f0 T S227_Conv2d_24x256x1x1
/home/bomps/Scrivania/SSD_bottle_tincan/SSD_1/BUILD/GAP8_V2/GCC_RISCV_PULPOS/SSD_tin_can_bottle:1c0153b0 000001f2 T S237_Conv2d_64x256x1x1_Relu6
/home/bomps/Scrivania/SSD_bottle_tincan/SSD_1/BUILD/GAP8_V2/GCC_RISCV_PULPOS/SSD_tin_can_bottle:1c01576c 000001f2 T S243_Conv2d_24x128x1x1
/home/bomps/Scrivania/SSD_bottle_tincan/SSD_1/BUILD/GAP8_V2/GCC_RISCV_PULPOS/SSD_tin_can_bottle:1c001a00 00000204 t __jpeg_encoder_process_cl_entry	/home/bomps/Scrivania/gap_8/gap_sdk/libs/gap_lib/jpeg/cluster.c:644
/home/bomps/Scrivania/SSD_bottle_tincan/SSD_1/BUILD/GAP8_V2/GCC_RISCV_PULPOS/SSD_tin_can_bottle:1c01464a 00000216 T S216_Conv2d_18x256x1x1_Hsigmoid
/home/bomps/Scrivania/SSD_bottle_tincan/SSD_1/BUILD/GAP8_V2/GCC_RISCV_PULPOS/SSD_tin_can_bottle:1c0150ea 00000216 T S232_Conv2d_18x256x1x1_Hsigmoid
/home/bomps/Scrivania/SSD_bottle_tincan/SSD_1/BUILD/GAP8_V2/GCC_RISCV_PULPOS/SSD_tin_can_bottle:1c01595e 00000216 T S249_Conv2d_18x128x1x1_Hsigmoid
/home/bomps/Scrivania/SSD_bottle_tincan/SSD_1/BUILD/GAP8_V2/GCC_RISCV_PULPOS/SSD_tin_can_bottle:1c0416b8 00000218 d __rt_spim	/home/bomps/Scrivania/gap_8/gap_sdk/rtos/pulp/pulp-os/drivers/spi/spim-v2.c:32
/home/bomps/Scrivania/SSD_bottle_tincan/SSD_1/BUILD/GAP8_V2/GCC_RISCV_PULPOS/SSD_tin_can_bottle:1c000882 00000244 T jpeg_encoder_header	/home/bomps/Scrivania/gap_8/gap_sdk/libs/gap_lib/jpeg/jpeg_encoder.c:732
/home/bomps/Scrivania/SSD_bottle_tincan/SSD_1/BUILD/GAP8_V2/GCC_RISCV_PULPOS/SSD_tin_can_bottle:1c02a3f6 0000024e T __rt_spi_handle_repeat	/home/bomps/Scrivania/gap_8/gap_sdk/rtos/pulp/pulp-os/drivers/spi/spim-v2.c:371
/home/bomps/Scrivania/SSD_bottle_tincan/SSD_1/BUILD/GAP8_V2/GCC_RISCV_PULPOS/SSD_tin_can_bottle:1c013df8 00000260 T S205_Conv2d_128x512x1x1_Relu6
/home/bomps/Scrivania/SSD_bottle_tincan/SSD_1/BUILD/GAP8_V2/GCC_RISCV_PULPOS/SSD_tin_can_bottle:1c000e7e 00000262 t AppendBytes_cl	/home/bomps/Scrivania/gap_8/gap_sdk/libs/gap_lib/jpeg/cluster.c:107
/home/bomps/Scrivania/SSD_bottle_tincan/SSD_1/BUILD/GAP8_V2/GCC_RISCV_PULPOS/SSD_tin_can_bottle:1c015b74 0000027a T S253_Op_CUSTOM_0_110
/home/bomps/Scrivania/SSD_bottle_tincan/SSD_1/BUILD/GAP8_V2/GCC_RISCV_PULPOS/SSD_tin_can_bottle:1c00ea34 0000027c T S115_MatAdd_96x15x20
/home/bomps/Scrivania/SSD_bottle_tincan/SSD_1/BUILD/GAP8_V2/GCC_RISCV_PULPOS/SSD_tin_can_bottle:00000030 00000280 D periph_channels
/home/bomps/Scrivania/SSD_bottle_tincan/SSD_1/BUILD/GAP8_V2/GCC_RISCV_PULPOS/SSD_tin_can_bottle:1c00624c 00000282 T KerMatAdd_SQ8
/home/bomps/Scrivania/SSD_bottle_tincan/SSD_1/BUILD/GAP8_V2/GCC_RISCV_PULPOS/SSD_tin_can_bottle:1c00fb6a 00000290 T S131_Conv2d_12x576x1x1
/home/bomps/Scrivania/SSD_bottle_tincan/SSD_1/BUILD/GAP8_V2/GCC_RISCV_PULPOS/SSD_tin_can_bottle:1c004574 00000292 t CNN_Transpose_Body_fps
/home/bomps/Scrivania/SSD_bottle_tincan/SSD_1/BUILD/GAP8_V2/GCC_RISCV_PULPOS/SSD_tin_can_bottle:1c00bffe 00000292 T S66_Conv2d_64x192x1x1
/home/bomps/Scrivania/SSD_bottle_tincan/SSD_1/BUILD/GAP8_V2/GCC_RISCV_PULPOS/SSD_tin_can_bottle:1c012d4a 00000294 T S184_Conv2d_18x1280x1x1_Hsigmoid
/home/bomps/Scrivania/SSD_bottle_tincan/SSD_1/BUILD/GAP8_V2/GCC_RISCV_PULPOS/SSD_tin_can_bottle:1c0298be 00000296 t __pi_hyper_copy_misaligned	/home/bomps/Scrivania/gap_8/gap_sdk/rtos/pulp/pulp-os/drivers/hyper/hyperram-v1.c:806
/home/bomps/Scrivania/SSD_bottle_tincan/SSD_1/BUILD/GAP8_V2/GCC_RISCV_PULPOS/SSD_tin_can_bottle:1c000324 00000298 t jpeg_encoder_process_fc.isra.7	/home/bomps/Scrivania/gap_8/gap_sdk/libs/gap_lib/jpeg/jpeg_encoder.c:475
/home/bomps/Scrivania/SSD_bottle_tincan/SSD_1/BUILD/GAP8_V2/GCC_RISCV_PULPOS/SSD_tin_can_bottle:1c003b5e 0000029a T start
/home/bomps/Scrivania/SSD_bottle_tincan/SSD_1/BUILD/GAP8_V2/GCC_RISCV_PULPOS/SSD_tin_can_bottle:1c0042ce 000002a6 T Ker_SSD_NMS
/home/bomps/Scrivania/SSD_bottle_tincan/SSD_1/BUILD/GAP8_V2/GCC_RISCV_PULPOS/SSD_tin_can_bottle:1c00feb6 000002c8 T S136_Conv2d_9x576x1x1_Hsigmoid
/home/bomps/Scrivania/SSD_bottle_tincan/SSD_1/BUILD/GAP8_V2/GCC_RISCV_PULPOS/SSD_tin_can_bottle:1c00dbd8 000002e8 T S105_Conv2d_96x384x1x1
/home/bomps/Scrivania/SSD_bottle_tincan/SSD_1/BUILD/GAP8_V2/GCC_RISCV_PULPOS/SSD_tin_can_bottle:1c00f84e 0000031c T S125_MatAdd_96x15x20
/home/bomps/Scrivania/SSD_bottle_tincan/SSD_1/BUILD/GAP8_V2/GCC_RISCV_PULPOS/SSD_tin_can_bottle:1c00a3ba 00000324 T S28_MatAdd_24x60x80
/home/bomps/Scrivania/SSD_bottle_tincan/SSD_1/BUILD/GAP8_V2/GCC_RISCV_PULPOS/SSD_tin_can_bottle:1c0028e8 0000032e T __umoddi3	/home/haugoug/src/riscv-gnu-toolchain/riscv-gcc/libgcc/libgcc2.c:1305
/home/bomps/Scrivania/SSD_bottle_tincan/SSD_1/BUILD/GAP8_V2/GCC_RISCV_PULPOS/SSD_tin_can_bottle:1c0025ac 0000033c T __udivdi3	/home/haugoug/src/riscv-gnu-toolchain/riscv-gcc/libgcc/libgcc2.c:1317
/home/bomps/Scrivania/SSD_bottle_tincan/SSD_1/BUILD/GAP8_V2/GCC_RISCV_PULPOS/SSD_tin_can_bottle:1c00ac0c 0000033e T S37_Conv2d_32x144x1x1
/home/bomps/Scrivania/SSD_bottle_tincan/SSD_1/BUILD/GAP8_V2/GCC_RISCV_PULPOS/SSD_tin_can_bottle:1c00c290 00000340 T S69_Conv2d_384x64x1x1_Relu6
/home/bomps/Scrivania/SSD_bottle_tincan/SSD_1/BUILD/GAP8_V2/GCC_RISCV_PULPOS/SSD_tin_can_bottle:1c00c5d0 00000344 T S72_Conv2d_384x1x3x3_Relu6
/home/bomps/Scrivania/SSD_bottle_tincan/SSD_1/BUILD/GAP8_V2/GCC_RISCV_PULPOS/SSD_tin_can_bottle:1c00cdf0 00000344 T S82_Conv2d_384x1x3x3_Relu6
/home/bomps/Scrivania/SSD_bottle_tincan/SSD_1/BUILD/GAP8_V2/GCC_RISCV_PULPOS/SSD_tin_can_bottle:1c00f15c 00000348 T S121_Conv2d_576x1x3x3_Relu6
/home/bomps/Scrivania/SSD_bottle_tincan/SSD_1/BUILD/GAP8_V2/GCC_RISCV_PULPOS/SSD_tin_can_bottle:1c00c914 00000348 T S75_Conv2d_64x384x1x1
/home/bomps/Scrivania/SSD_bottle_tincan/SSD_1/BUILD/GAP8_V2/GCC_RISCV_PULPOS/SSD_tin_can_bottle:1c00d134 00000348 T S85_Conv2d_64x384x1x1
/home/bomps/Scrivania/SSD_bottle_tincan/SSD_1/BUILD/GAP8_V2/GCC_RISCV_PULPOS/SSD_tin_can_bottle:1c00af4a 0000034a T S40_Conv2d_192x32x1x1_Relu6
/home/bomps/Scrivania/SSD_bottle_tincan/SSD_1/BUILD/GAP8_V2/GCC_RISCV_PULPOS/SSD_tin_can_bottle:1c014058 00000352 T S208_Conv2d_256x128x3x3_Relu6
/home/bomps/Scrivania/SSD_bottle_tincan/SSD_1/BUILD/GAP8_V2/GCC_RISCV_PULPOS/SSD_tin_can_bottle:1c014af8 00000352 T S224_Conv2d_256x128x3x3_Relu6
/home/bomps/Scrivania/SSD_bottle_tincan/SSD_1/BUILD/GAP8_V2/GCC_RISCV_PULPOS/SSD_tin_can_bottle:1c00bca0 0000035e T S63_Conv2d_192x1x3x3_Relu6
/home/bomps/Scrivania/SSD_bottle_tincan/SSD_1/BUILD/GAP8_V2/GCC_RISCV_PULPOS/SSD_tin_can_bottle:1c00b79e 00000362 T S46_Conv2d_32x192x1x1
/home/bomps/Scrivania/SSD_bottle_tincan/SSD_1/BUILD/GAP8_V2/GCC_RISCV_PULPOS/SSD_tin_can_bottle:1c00d870 00000368 T S102_Conv2d_384x1x3x3_Relu6
/home/bomps/Scrivania/SSD_bottle_tincan/SSD_1/BUILD/GAP8_V2/GCC_RISCV_PULPOS/SSD_tin_can_bottle:1c010e1a 0000037a T S150_Conv2d_960x1x3x3_Relu6
/home/bomps/Scrivania/SSD_bottle_tincan/SSD_1/BUILD/GAP8_V2/GCC_RISCV_PULPOS/SSD_tin_can_bottle:1c011194 00000392 T S153_Conv2d_160x960x1x1
/home/bomps/Scrivania/SSD_bottle_tincan/SSD_1/BUILD/GAP8_V2/GCC_RISCV_PULPOS/SSD_tin_can_bottle:1c0119d6 00000392 T S163_Conv2d_160x960x1x1
/home/bomps/Scrivania/SSD_bottle_tincan/SSD_1/BUILD/GAP8_V2/GCC_RISCV_PULPOS/SSD_tin_can_bottle:1c00a028 00000392 T S27_Conv2d_24x144x1x1
/home/bomps/Scrivania/SSD_bottle_tincan/SSD_1/BUILD/GAP8_V2/GCC_RISCV_PULPOS/SSD_tin_can_bottle:1c012154 00000394 T S173_Conv2d_320x960x1x1
/home/bomps/Scrivania/SSD_bottle_tincan/SSD_1/BUILD/GAP8_V2/GCC_RISCV_PULPOS/SSD_tin_can_bottle:1c00e68a 000003aa T S114_Conv2d_96x576x1x1
/home/bomps/Scrivania/SSD_bottle_tincan/SSD_1/BUILD/GAP8_V2/GCC_RISCV_PULPOS/SSD_tin_can_bottle:1c00f4a4 000003aa T S124_Conv2d_96x576x1x1
/home/bomps/Scrivania/SSD_bottle_tincan/SSD_1/BUILD/GAP8_V2/GCC_RISCV_PULPOS/SSD_tin_can_bottle:1c0128dc 000003be T S179_Conv2d_24x1280x1x1
/home/bomps/Scrivania/SSD_bottle_tincan/SSD_1/BUILD/GAP8_V2/GCC_RISCV_PULPOS/SSD_tin_can_bottle:1c01308e 000003c8 T S189_Conv2d_256x1280x1x1_Relu6
/home/bomps/Scrivania/SSD_bottle_tincan/SSD_1/BUILD/GAP8_V2/GCC_RISCV_PULPOS/SSD_tin_can_bottle:1c01023a 000003d8 T S141_Conv2d_576x1x3x3_Relu6
/home/bomps/Scrivania/SSD_bottle_tincan/SSD_1/BUILD/GAP8_V2/GCC_RISCV_PULPOS/SSD_tin_can_bottle:1c00dec0 000003da T S108_Conv2d_576x96x1x1_Relu6
/home/bomps/Scrivania/SSD_bottle_tincan/SSD_1/BUILD/GAP8_V2/GCC_RISCV_PULPOS/SSD_tin_can_bottle:1c0115ec 000003ea T S157_Conv2d_960x160x1x1_Relu6
/home/bomps/Scrivania/SSD_bottle_tincan/SSD_1/BUILD/GAP8_V2/GCC_RISCV_PULPOS/SSD_tin_can_bottle:1c011d68 000003ec T S167_Conv2d_960x160x1x1_Relu6
/home/bomps/Scrivania/SSD_bottle_tincan/SSD_1/BUILD/GAP8_V2/GCC_RISCV_PULPOS/SSD_tin_can_bottle:1c00e29a 000003f0 T S111_Conv2d_576x1x3x3_Relu6
/home/bomps/Scrivania/SSD_bottle_tincan/SSD_1/BUILD/GAP8_V2/GCC_RISCV_PULPOS/SSD_tin_can_bottle:1c010a28 000003f2 T S147_Conv2d_960x160x1x1_Relu6
/home/bomps/Scrivania/SSD_bottle_tincan/SSD_1/BUILD/GAP8_V2/GCC_RISCV_PULPOS/SSD_tin_can_bottle:1c0124e8 000003f4 T S176_Conv2d_1280x320x1x1_Relu6
/home/bomps/Scrivania/SSD_bottle_tincan/SSD_1/BUILD/GAP8_V2/GCC_RISCV_PULPOS/SSD_tin_can_bottle:1c00d47c 000003f4 T S99_Conv2d_384x64x1x1_Relu6
/home/bomps/Scrivania/SSD_bottle_tincan/SSD_1/BUILD/GAP8_V2/GCC_RISCV_PULPOS/SSD_tin_can_bottle:1c0085c2 00000404 T S9_Conv2d_16x32x1x1
/home/bomps/Scrivania/SSD_bottle_tincan/SSD_1/BUILD/GAP8_V2/GCC_RISCV_PULPOS/SSD_tin_can_bottle:1c010612 00000416 T S144_Conv2d_160x576x1x1
/home/bomps/Scrivania/SSD_bottle_tincan/SSD_1/BUILD/GAP8_V2/GCC_RISCV_PULPOS/SSD_tin_can_bottle:1c0096fe 0000042c T S21_Conv2d_144x24x1x1_Relu6
/home/bomps/Scrivania/SSD_bottle_tincan/SSD_1/BUILD/GAP8_V2/GCC_RISCV_PULPOS/SSD_tin_can_bottle:1c0092ca 00000434 T S18_Conv2d_24x96x1x1
/home/bomps/Scrivania/SSD_bottle_tincan/SSD_1/BUILD/GAP8_V2/GCC_RISCV_PULPOS/SSD_tin_can_bottle:1c0089c6 0000043c T S12_Conv2d_96x16x1x1_Relu6
/home/bomps/Scrivania/SSD_bottle_tincan/SSD_1/BUILD/GAP8_V2/GCC_RISCV_PULPOS/SSD_tin_can_bottle:1c007c96 00000448 T S3_Conv2d_32x3x3x3_Relu6
/home/bomps/Scrivania/SSD_bottle_tincan/SSD_1/BUILD/GAP8_V2/GCC_RISCV_PULPOS/SSD_tin_can_bottle:1c003e40 0000048e T Ker_SSD_Decoder
/home/bomps/Scrivania/SSD_bottle_tincan/SSD_1/BUILD/GAP8_V2/GCC_RISCV_PULPOS/SSD_tin_can_bottle:1c00ecb0 000004ac T S118_Conv2d_576x96x1x1_Relu6
/home/bomps/Scrivania/SSD_bottle_tincan/SSD_1/BUILD/GAP8_V2/GCC_RISCV_PULPOS/SSD_tin_can_bottle:1c013456 000004b2 T S192_Conv2d_512x256x3x3_Relu6
/home/bomps/Scrivania/SSD_bottle_tincan/SSD_1/BUILD/GAP8_V2/GCC_RISCV_PULPOS/SSD_tin_can_bottle:1c0074ee 000004c4 T KerParMatMulB32_SF_SQ8
/home/bomps/Scrivania/SSD_bottle_tincan/SSD_1/BUILD/GAP8_V2/GCC_RISCV_PULPOS/SSD_tin_can_bottle:1c008e02 000004c8 T S15_Conv2d_96x1x3x3_Relu6
/home/bomps/Scrivania/SSD_bottle_tincan/SSD_1/BUILD/GAP8_V2/GCC_RISCV_PULPOS/SSD_tin_can_bottle:1c0080de 000004e4 T S6_Conv2d_32x1x3x3_Relu6
/home/bomps/Scrivania/SSD_bottle_tincan/SSD_1/BUILD/GAP8_V2/GCC_RISCV_PULPOS/SSD_tin_can_bottle:1c009b2a 000004fe T S24_Conv2d_144x1x3x3_Relu6
/home/bomps/Scrivania/SSD_bottle_tincan/SSD_1/BUILD/GAP8_V2/GCC_RISCV_PULPOS/SSD_tin_can_bottle:1c00b294 0000050a T S43_Conv2d_192x1x3x3_Relu6
/home/bomps/Scrivania/SSD_bottle_tincan/SSD_1/BUILD/GAP8_V2/GCC_RISCV_PULPOS/SSD_tin_can_bottle:1c00a6de 0000052e T S34_Conv2d_144x1x3x3_Relu6
/home/bomps/Scrivania/SSD_bottle_tincan/SSD_1/BUILD/GAP8_V2/GCC_RISCV_PULPOS/SSD_tin_can_bottle:1c0052c8 000005ba T KerPar_MM_Conv1D_ReLU_SQ8
/home/bomps/Scrivania/SSD_bottle_tincan/SSD_1/BUILD/GAP8_V2/GCC_RISCV_PULPOS/SSD_tin_can_bottle:1c0010e0 000006a0 t exec_check_bitstream	/home/bomps/Scrivania/gap_8/gap_sdk/libs/gap_lib/jpeg/cluster.c:493
/home/bomps/Scrivania/SSD_bottle_tincan/SSD_1/BUILD/GAP8_V2/GCC_RISCV_PULPOS/SSD_tin_can_bottle:1c040e7c 00000788 D JpegConstants
/home/bomps/Scrivania/SSD_bottle_tincan/SSD_1/BUILD/GAP8_V2/GCC_RISCV_PULPOS/SSD_tin_can_bottle:1b0003e8 00000800 D __rt_fc_stack
/home/bomps/Scrivania/SSD_bottle_tincan/SSD_1/BUILD/GAP8_V2/GCC_RISCV_PULPOS/SSD_tin_can_bottle:1c006cde 00000810 T KerParMatMulB32_2x4_ReLU_SQ8
/home/bomps/Scrivania/SSD_bottle_tincan/SSD_1/BUILD/GAP8_V2/GCC_RISCV_PULPOS/SSD_tin_can_bottle:1c0064ce 00000810 T KerParMatMulB32_2x4_SQ8
/home/bomps/Scrivania/SSD_bottle_tincan/SSD_1/BUILD/GAP8_V2/GCC_RISCV_PULPOS/SSD_tin_can_bottle:1c0032be 000008a0 t detection_handler
/home/bomps/Scrivania/SSD_bottle_tincan/SSD_1/BUILD/GAP8_V2/GCC_RISCV_PULPOS/SSD_tin_can_bottle:1c026b9a 000008d6 t body	/home/bomps/Scrivania/gap_8/gap_sdk/rtos/pmsis/pmsis_bsp/crc/md5.c:100
/home/bomps/Scrivania/SSD_bottle_tincan/SSD_1/BUILD/GAP8_V2/GCC_RISCV_PULPOS/SSD_tin_can_bottle:1c02be56 00000ab6 T _prf	/home/bomps/Scrivania/gap_8/gap_sdk/rtos/pulp/pulp-os/libs/io/prf.c:437
/home/bomps/Scrivania/SSD_bottle_tincan/SSD_1/BUILD/GAP8_V2/GCC_RISCV_PULPOS/SSD_tin_can_bottle:1c01fa98 00004d60 T SSD_tin_can_bottleCNN
/home/bomps/Scrivania/SSD_bottle_tincan/SSD_1/BUILD/GAP8_V2/GCC_RISCV_PULPOS/SSD_tin_can_bottle:1c015dee 00009caa T SSD_tin_can_bottleCNN_Construct
/home/bomps/Scrivania/SSD_bottle_tincan/SSD_1/BUILD/GAP8_V2/GCC_RISCV_PULPOS/SSD_tin_can_bottle:1c02d9a8 000134d0 d Input_1
/home/bomps/Scrivania/SSD_bottle_tincan/SSD_1/BUILD/GAP8_V2/GCC_RISCV_PULPOS/SSD_tin_can_bottle:1c000872 fffffffe T jpeg_encoder_close	/home/bomps/Scrivania/gap_8/gap_sdk/libs/gap_lib/jpeg/jpeg_encoder.c:717
