   text	   data	    bss	    dec	    hex	filename
0x23930	0x15914	  0x684	 235720	  398c8	/home/bomps/Scrivania/SSD_bottle_tincan/SSD_05/BUILD/GAP8_V2/GCC_RISCV_PULPOS/SSD_tin_can_bottle
/home/bomps/Scrivania/SSD_bottle_tincan/SSD_05/BUILD/GAP8_V2/GCC_RISCV_PULPOS/SSD_tin_can_bottle:1b000c08 00000001 D camera_isAwaked	/home/bomps/Scrivania/gap_8/gap_sdk/rtos/pulp/pulp-os/drivers_deprecated/camera/himax.c:150
/home/bomps/Scrivania/SSD_bottle_tincan/SSD_05/BUILD/GAP8_V2/GCC_RISCV_PULPOS/SSD_tin_can_bottle:00000338 00000001 D __rt_hyper_pending_emu_do_memcpy	/home/bomps/Scrivania/gap_8/gap_sdk/rtos/pulp/pulp-os/drivers/hyper/hyperram-v1.c:53
/home/bomps/Scrivania/SSD_bottle_tincan/SSD_05/BUILD/GAP8_V2/GCC_RISCV_PULPOS/SSD_tin_can_bottle:1c01b5f6 00000002 T __camera_conf_init	/home/bomps/Scrivania/gap_8/gap_sdk/rtos/pmsis/pmsis_bsp/camera/camera.c:43
/home/bomps/Scrivania/SSD_bottle_tincan/SSD_05/BUILD/GAP8_V2/GCC_RISCV_PULPOS/SSD_tin_can_bottle:1c01ab18 00000002 T __flash_conf_init	/home/bomps/Scrivania/gap_8/gap_sdk/rtos/pmsis/pmsis_bsp/flash/flash.c:33
/home/bomps/Scrivania/SSD_bottle_tincan/SSD_05/BUILD/GAP8_V2/GCC_RISCV_PULPOS/SSD_tin_can_bottle:1c01de68 00000002 W illegal_insn_handler_c	/home/bomps/Scrivania/gap_8/gap_sdk/rtos/pulp/pulp-os/kernel/irq.c:89
/home/bomps/Scrivania/SSD_bottle_tincan/SSD_05/BUILD/GAP8_V2/GCC_RISCV_PULPOS/SSD_tin_can_bottle:1c01c5b6 00000002 T __nina_w10_close	/home/bomps/Scrivania/gap_8/gap_sdk/rtos/pmsis/pmsis_bsp/transport/nina_w10/nina_w10.c:316
/home/bomps/Scrivania/SSD_bottle_tincan/SSD_05/BUILD/GAP8_V2/GCC_RISCV_PULPOS/SSD_tin_can_bottle:1c01b426 00000002 t __pi_host_fs_unmount	/home/bomps/Scrivania/gap_8/gap_sdk/rtos/pmsis/pmsis_bsp/fs/host_fs/host_fs.c:40
/home/bomps/Scrivania/SSD_bottle_tincan/SSD_05/BUILD/GAP8_V2/GCC_RISCV_PULPOS/SSD_tin_can_bottle:1c01cdc4 00000002 T pi_partition_table_free	/home/bomps/Scrivania/gap_8/gap_sdk/rtos/pmsis/pmsis_bsp/partition/partition.c:46
/home/bomps/Scrivania/SSD_bottle_tincan/SSD_05/BUILD/GAP8_V2/GCC_RISCV_PULPOS/SSD_tin_can_bottle:1c01e556 00000002 T pi_task_push_delayed_us	/home/bomps/Scrivania/gap_8/gap_sdk/rtos/pulp/pulp-os/kernel/events.c:273
/home/bomps/Scrivania/SSD_bottle_tincan/SSD_05/BUILD/GAP8_V2/GCC_RISCV_PULPOS/SSD_tin_can_bottle:1c01f24e 00000002 T __rt_fll_deinit	/home/bomps/Scrivania/gap_8/gap_sdk/rtos/pulp/pulp-os/kernel/gap/pmu_driver.c:876
/home/bomps/Scrivania/SSD_bottle_tincan/SSD_05/BUILD/GAP8_V2/GCC_RISCV_PULPOS/SSD_tin_can_bottle:1c01f250 00000002 T __rt_flls_constructor	/home/bomps/Scrivania/gap_8/gap_sdk/rtos/pulp/pulp-os/kernel/gap/pmu_driver.c:880
/home/bomps/Scrivania/SSD_bottle_tincan/SSD_05/BUILD/GAP8_V2/GCC_RISCV_PULPOS/SSD_tin_can_bottle:1c037aa8 00000003 d ToHWDCDC_Pos	/home/bomps/Scrivania/gap_8/gap_sdk/rtos/pulp/pulp-os/kernel/gap/pmu_driver.c:192
/home/bomps/Scrivania/SSD_bottle_tincan/SSD_05/BUILD/GAP8_V2/GCC_RISCV_PULPOS/SSD_tin_can_bottle:1c038258 00000004 b __bsp_init_pads_done	/home/bomps/Scrivania/gap_8/gap_sdk/rtos/pmsis/pmsis_bsp/bsp/ai_deck.c:28
/home/bomps/Scrivania/SSD_bottle_tincan/SSD_05/BUILD/GAP8_V2/GCC_RISCV_PULPOS/SSD_tin_can_bottle:1c023d28 00000004 d connection.13554
/home/bomps/Scrivania/SSD_bottle_tincan/SSD_05/BUILD/GAP8_V2/GCC_RISCV_PULPOS/SSD_tin_can_bottle:1c023270 00000004 t ctor_list	/home/bomps/Scrivania/gap_8/gap_sdk/rtos/pulp/pulp-os/kernel/init.c:29
/home/bomps/Scrivania/SSD_bottle_tincan/SSD_05/BUILD/GAP8_V2/GCC_RISCV_PULPOS/SSD_tin_can_bottle:1c0232b8 00000004 t dtor_list	/home/bomps/Scrivania/gap_8/gap_sdk/rtos/pulp/pulp-os/kernel/init.c:30
/home/bomps/Scrivania/SSD_bottle_tincan/SSD_05/BUILD/GAP8_V2/GCC_RISCV_PULPOS/SSD_tin_can_bottle:1c038454 00000004 B first_delayed
/home/bomps/Scrivania/SSD_bottle_tincan/SSD_05/BUILD/GAP8_V2/GCC_RISCV_PULPOS/SSD_tin_can_bottle:1c03824c 00000004 b l3_buff
/home/bomps/Scrivania/SSD_bottle_tincan/SSD_05/BUILD/GAP8_V2/GCC_RISCV_PULPOS/SSD_tin_can_bottle:1c01c5b2 00000004 T __nina_w10_connect	/home/bomps/Scrivania/gap_8/gap_sdk/rtos/pmsis/pmsis_bsp/transport/nina_w10/nina_w10.c:309
/home/bomps/Scrivania/SSD_bottle_tincan/SSD_05/BUILD/GAP8_V2/GCC_RISCV_PULPOS/SSD_tin_can_bottle:1c01c5b8 00000004 T __nina_w10_receive_async	/home/bomps/Scrivania/gap_8/gap_sdk/rtos/pmsis/pmsis_bsp/transport/nina_w10/nina_w10.c:354
/home/bomps/Scrivania/SSD_bottle_tincan/SSD_05/BUILD/GAP8_V2/GCC_RISCV_PULPOS/SSD_tin_can_bottle:1c01b56e 00000004 t __pi_host_fs_direct_read_async
/home/bomps/Scrivania/SSD_bottle_tincan/SSD_05/BUILD/GAP8_V2/GCC_RISCV_PULPOS/SSD_tin_can_bottle:1c038264 00000004 b __pi_hyper_cluster_reqs_first	/home/bomps/Scrivania/gap_8/gap_sdk/rtos/pulp/pulp-os/drivers/hyper/hyperram-v1.c:62
/home/bomps/Scrivania/SSD_bottle_tincan/SSD_05/BUILD/GAP8_V2/GCC_RISCV_PULPOS/SSD_tin_can_bottle:1c01de18 00000004 T pi_open_from_conf	/home/bomps/Scrivania/gap_8/gap_sdk/rtos/pulp/pulp-os/kernel/init.c:325
/home/bomps/Scrivania/SSD_bottle_tincan/SSD_05/BUILD/GAP8_V2/GCC_RISCV_PULPOS/SSD_tin_can_bottle:1c01cdc6 00000004 T pi_partition_table_load	/home/bomps/Scrivania/gap_8/gap_sdk/rtos/pmsis/pmsis_bsp/partition/partition.c:51
/home/bomps/Scrivania/SSD_bottle_tincan/SSD_05/BUILD/GAP8_V2/GCC_RISCV_PULPOS/SSD_tin_can_bottle:1c01e856 00000004 T pi_time_wait_us	/home/bomps/Scrivania/gap_8/gap_sdk/rtos/pulp/pulp-os/kernel/time.c:131
/home/bomps/Scrivania/SSD_bottle_tincan/SSD_05/BUILD/GAP8_V2/GCC_RISCV_PULPOS/SSD_tin_can_bottle:1c037aac 00000004 D PMURetentionState
/home/bomps/Scrivania/SSD_bottle_tincan/SSD_05/BUILD/GAP8_V2/GCC_RISCV_PULPOS/SSD_tin_can_bottle:000003a4 00000004 D pwmEventsStatus	/home/bomps/Scrivania/gap_8/gap_sdk/rtos/pulp/pulp-os/drivers/pwm/pwm.c:9
/home/bomps/Scrivania/SSD_bottle_tincan/SSD_05/BUILD/GAP8_V2/GCC_RISCV_PULPOS/SSD_tin_can_bottle:1c037ab8 00000004 d RetPMUStateToPMUState	/home/bomps/Scrivania/gap_8/gap_sdk/rtos/pulp/pulp-os/kernel/gap/pmu_driver.c:185
/home/bomps/Scrivania/SSD_bottle_tincan/SSD_05/BUILD/GAP8_V2/GCC_RISCV_PULPOS/SSD_tin_can_bottle:1c038450 00000004 B __rt_alloc_fc_tcdm
/home/bomps/Scrivania/SSD_bottle_tincan/SSD_05/BUILD/GAP8_V2/GCC_RISCV_PULPOS/SSD_tin_can_bottle:1c038448 00000004 B __rt_alloc_l1
/home/bomps/Scrivania/SSD_bottle_tincan/SSD_05/BUILD/GAP8_V2/GCC_RISCV_PULPOS/SSD_tin_can_bottle:1c03844c 00000004 B __rt_alloc_l2
/home/bomps/Scrivania/SSD_bottle_tincan/SSD_05/BUILD/GAP8_V2/GCC_RISCV_PULPOS/SSD_tin_can_bottle:00000014 00000004 d __rt_bridge_eeprom_handle	/home/bomps/Scrivania/gap_8/gap_sdk/rtos/pulp/pulp-os/kernel/bridge.c:25
/home/bomps/Scrivania/SSD_bottle_tincan/SSD_05/BUILD/GAP8_V2/GCC_RISCV_PULPOS/SSD_tin_can_bottle:00000010 00000004 d __rt_bridge_flash_cs	/home/bomps/Scrivania/gap_8/gap_sdk/rtos/pulp/pulp-os/kernel/bridge.c:29
/home/bomps/Scrivania/SSD_bottle_tincan/SSD_05/BUILD/GAP8_V2/GCC_RISCV_PULPOS/SSD_tin_can_bottle:00000004 00000004 d __rt_bridge_flash_handle	/home/bomps/Scrivania/gap_8/gap_sdk/rtos/pulp/pulp-os/kernel/bridge.c:26
/home/bomps/Scrivania/SSD_bottle_tincan/SSD_05/BUILD/GAP8_V2/GCC_RISCV_PULPOS/SSD_tin_can_bottle:0000000c 00000004 d __rt_bridge_flash_itf	/home/bomps/Scrivania/gap_8/gap_sdk/rtos/pulp/pulp-os/kernel/bridge.c:28
/home/bomps/Scrivania/SSD_bottle_tincan/SSD_05/BUILD/GAP8_V2/GCC_RISCV_PULPOS/SSD_tin_can_bottle:00000008 00000004 d __rt_bridge_flash_type	/home/bomps/Scrivania/gap_8/gap_sdk/rtos/pulp/pulp-os/kernel/bridge.c:27
/home/bomps/Scrivania/SSD_bottle_tincan/SSD_05/BUILD/GAP8_V2/GCC_RISCV_PULPOS/SSD_tin_can_bottle:000003e0 00000004 D __rtc_handler	/home/bomps/Scrivania/gap_8/gap_sdk/rtos/pulp/pulp-os/drivers_deprecated/dolphin/rtc.c:25
/home/bomps/Scrivania/SSD_bottle_tincan/SSD_05/BUILD/GAP8_V2/GCC_RISCV_PULPOS/SSD_tin_can_bottle:10000020 00000004 D __rt_cluster_fc_task_lock	/home/bomps/Scrivania/gap_8/gap_sdk/rtos/pulp/pulp-os/kernel/cluster.c:59
/home/bomps/Scrivania/SSD_bottle_tincan/SSD_05/BUILD/GAP8_V2/GCC_RISCV_PULPOS/SSD_tin_can_bottle:00000018 00000004 D __rt_cluster_nb_active_pe
/home/bomps/Scrivania/SSD_bottle_tincan/SSD_05/BUILD/GAP8_V2/GCC_RISCV_PULPOS/SSD_tin_can_bottle:1c038464 00000004 B __rt_cluster_tasks	/home/bomps/Scrivania/gap_8/gap_sdk/rtos/pulp/pulp-os/kernel/cluster.c:41
/home/bomps/Scrivania/SSD_bottle_tincan/SSD_05/BUILD/GAP8_V2/GCC_RISCV_PULPOS/SSD_tin_can_bottle:1b000bec 00000004 D __rt_debug_config
/home/bomps/Scrivania/SSD_bottle_tincan/SSD_05/BUILD/GAP8_V2/GCC_RISCV_PULPOS/SSD_tin_can_bottle:1b000be8 00000004 D __rt_debug_config_trace
/home/bomps/Scrivania/SSD_bottle_tincan/SSD_05/BUILD/GAP8_V2/GCC_RISCV_PULPOS/SSD_tin_can_bottle:00000014 00000004 D __rt_dma_first_pending
/home/bomps/Scrivania/SSD_bottle_tincan/SSD_05/BUILD/GAP8_V2/GCC_RISCV_PULPOS/SSD_tin_can_bottle:00000010 00000004 D __rt_dma_last_pending
/home/bomps/Scrivania/SSD_bottle_tincan/SSD_05/BUILD/GAP8_V2/GCC_RISCV_PULPOS/SSD_tin_can_bottle:1c038260 00000004 b __rt_fc_cluster_device	/home/bomps/Scrivania/gap_8/gap_sdk/rtos/pulp/pulp-os/kernel/pulpos_emu.c:25
/home/bomps/Scrivania/SSD_bottle_tincan/SSD_05/BUILD/GAP8_V2/GCC_RISCV_PULPOS/SSD_tin_can_bottle:1c023d18 00000004 V __rt_fc_stack_size
/home/bomps/Scrivania/SSD_bottle_tincan/SSD_05/BUILD/GAP8_V2/GCC_RISCV_PULPOS/SSD_tin_can_bottle:00000018 00000004 D __rt_first_free
/home/bomps/Scrivania/SSD_bottle_tincan/SSD_05/BUILD/GAP8_V2/GCC_RISCV_PULPOS/SSD_tin_can_bottle:00000324 00000004 D __rt_hyper_current_task	/home/bomps/Scrivania/gap_8/gap_sdk/rtos/pulp/pulp-os/drivers/hyper/hyperram-v1.c:27
/home/bomps/Scrivania/SSD_bottle_tincan/SSD_05/BUILD/GAP8_V2/GCC_RISCV_PULPOS/SSD_tin_can_bottle:00000320 00000004 D __rt_hyper_end_task	/home/bomps/Scrivania/gap_8/gap_sdk/rtos/pulp/pulp-os/drivers/hyper/hyperram-v1.c:25
/home/bomps/Scrivania/SSD_bottle_tincan/SSD_05/BUILD/GAP8_V2/GCC_RISCV_PULPOS/SSD_tin_can_bottle:1c038268 00000004 b __rt_hyper_open_count	/home/bomps/Scrivania/gap_8/gap_sdk/rtos/pulp/pulp-os/drivers/hyper/hyperram-v1.c:65
/home/bomps/Scrivania/SSD_bottle_tincan/SSD_05/BUILD/GAP8_V2/GCC_RISCV_PULPOS/SSD_tin_can_bottle:00000314 00000004 D __rt_hyper_pending_addr	/home/bomps/Scrivania/gap_8/gap_sdk/rtos/pulp/pulp-os/drivers/hyper/hyperram-v1.c:33
/home/bomps/Scrivania/SSD_bottle_tincan/SSD_05/BUILD/GAP8_V2/GCC_RISCV_PULPOS/SSD_tin_can_bottle:0000030c 00000004 D __rt_hyper_pending_base	/home/bomps/Scrivania/gap_8/gap_sdk/rtos/pulp/pulp-os/drivers/hyper/hyperram-v1.c:31
/home/bomps/Scrivania/SSD_bottle_tincan/SSD_05/BUILD/GAP8_V2/GCC_RISCV_PULPOS/SSD_tin_can_bottle:00000330 00000004 D __rt_hyper_pending_emu_addr	/home/bomps/Scrivania/gap_8/gap_sdk/rtos/pulp/pulp-os/drivers/hyper/hyperram-v1.c:48
/home/bomps/Scrivania/SSD_bottle_tincan/SSD_05/BUILD/GAP8_V2/GCC_RISCV_PULPOS/SSD_tin_can_bottle:00000328 00000004 D __rt_hyper_pending_emu_channel	/home/bomps/Scrivania/gap_8/gap_sdk/rtos/pulp/pulp-os/drivers/hyper/hyperram-v1.c:46
/home/bomps/Scrivania/SSD_bottle_tincan/SSD_05/BUILD/GAP8_V2/GCC_RISCV_PULPOS/SSD_tin_can_bottle:0000032c 00000004 D __rt_hyper_pending_emu_hyper_addr	/home/bomps/Scrivania/gap_8/gap_sdk/rtos/pulp/pulp-os/drivers/hyper/hyperram-v1.c:47
/home/bomps/Scrivania/SSD_bottle_tincan/SSD_05/BUILD/GAP8_V2/GCC_RISCV_PULPOS/SSD_tin_can_bottle:0000034c 00000004 D __rt_hyper_pending_emu_length	/home/bomps/Scrivania/gap_8/gap_sdk/rtos/pulp/pulp-os/drivers/hyper/hyperram-v1.c:51
/home/bomps/Scrivania/SSD_bottle_tincan/SSD_05/BUILD/GAP8_V2/GCC_RISCV_PULPOS/SSD_tin_can_bottle:00000334 00000004 D __rt_hyper_pending_emu_size	/home/bomps/Scrivania/gap_8/gap_sdk/rtos/pulp/pulp-os/drivers/hyper/hyperram-v1.c:49
/home/bomps/Scrivania/SSD_bottle_tincan/SSD_05/BUILD/GAP8_V2/GCC_RISCV_PULPOS/SSD_tin_can_bottle:00000348 00000004 D __rt_hyper_pending_emu_size_2d	/home/bomps/Scrivania/gap_8/gap_sdk/rtos/pulp/pulp-os/drivers/hyper/hyperram-v1.c:50
/home/bomps/Scrivania/SSD_bottle_tincan/SSD_05/BUILD/GAP8_V2/GCC_RISCV_PULPOS/SSD_tin_can_bottle:00000350 00000004 D __rt_hyper_pending_emu_stride	/home/bomps/Scrivania/gap_8/gap_sdk/rtos/pulp/pulp-os/drivers/hyper/hyperram-v1.c:52
/home/bomps/Scrivania/SSD_bottle_tincan/SSD_05/BUILD/GAP8_V2/GCC_RISCV_PULPOS/SSD_tin_can_bottle:0000033c 00000004 D __rt_hyper_pending_emu_task	/home/bomps/Scrivania/gap_8/gap_sdk/rtos/pulp/pulp-os/drivers/hyper/hyperram-v1.c:54
/home/bomps/Scrivania/SSD_bottle_tincan/SSD_05/BUILD/GAP8_V2/GCC_RISCV_PULPOS/SSD_tin_can_bottle:00000310 00000004 D __rt_hyper_pending_hyper_addr	/home/bomps/Scrivania/gap_8/gap_sdk/rtos/pulp/pulp-os/drivers/hyper/hyperram-v1.c:32
/home/bomps/Scrivania/SSD_bottle_tincan/SSD_05/BUILD/GAP8_V2/GCC_RISCV_PULPOS/SSD_tin_can_bottle:00000318 00000004 D __rt_hyper_pending_repeat	/home/bomps/Scrivania/gap_8/gap_sdk/rtos/pulp/pulp-os/drivers/hyper/hyperram-v1.c:34
/home/bomps/Scrivania/SSD_bottle_tincan/SSD_05/BUILD/GAP8_V2/GCC_RISCV_PULPOS/SSD_tin_can_bottle:0000031c 00000004 D __rt_hyper_pending_repeat_size	/home/bomps/Scrivania/gap_8/gap_sdk/rtos/pulp/pulp-os/drivers/hyper/hyperram-v1.c:35
/home/bomps/Scrivania/SSD_bottle_tincan/SSD_05/BUILD/GAP8_V2/GCC_RISCV_PULPOS/SSD_tin_can_bottle:00000340 00000004 D __rt_hyper_pending_tasks	/home/bomps/Scrivania/gap_8/gap_sdk/rtos/pulp/pulp-os/drivers/hyper/hyperram-v1.c:39
/home/bomps/Scrivania/SSD_bottle_tincan/SSD_05/BUILD/GAP8_V2/GCC_RISCV_PULPOS/SSD_tin_can_bottle:00000344 00000004 D __rt_hyper_pending_tasks_last	/home/bomps/Scrivania/gap_8/gap_sdk/rtos/pulp/pulp-os/drivers/hyper/hyperram-v1.c:40
/home/bomps/Scrivania/SSD_bottle_tincan/SSD_05/BUILD/GAP8_V2/GCC_RISCV_PULPOS/SSD_tin_can_bottle:1c0200c2 00000004 T __rt_hyper_resume_copy	/home/bomps/Scrivania/gap_8/gap_sdk/rtos/pulp/pulp-os/drivers/hyper/hyperram-v1.c:988
/home/bomps/Scrivania/SSD_bottle_tincan/SSD_05/BUILD/GAP8_V2/GCC_RISCV_PULPOS/SSD_tin_can_bottle:00000308 00000004 D __rt_hyper_udma_handle
/home/bomps/Scrivania/SSD_bottle_tincan/SSD_05/BUILD/GAP8_V2/GCC_RISCV_PULPOS/SSD_tin_can_bottle:1c03826c 00000004 b __rt_i2s_first	/home/bomps/Scrivania/gap_8/gap_sdk/rtos/pulp/pulp-os/drivers_deprecated/i2s/i2s-v1.c:40
/home/bomps/Scrivania/SSD_bottle_tincan/SSD_05/BUILD/GAP8_V2/GCC_RISCV_PULPOS/SSD_tin_can_bottle:1c023d1c 00000004 V __rt_iodev
/home/bomps/Scrivania/SSD_bottle_tincan/SSD_05/BUILD/GAP8_V2/GCC_RISCV_PULPOS/SSD_tin_can_bottle:1c023d20 00000004 V __rt_iodev_uart_baudrate
/home/bomps/Scrivania/SSD_bottle_tincan/SSD_05/BUILD/GAP8_V2/GCC_RISCV_PULPOS/SSD_tin_can_bottle:1c038254 00000004 V __rt_iodev_uart_channel
/home/bomps/Scrivania/SSD_bottle_tincan/SSD_05/BUILD/GAP8_V2/GCC_RISCV_PULPOS/SSD_tin_can_bottle:1c038278 00000004 b __rt_io_event_current	/home/bomps/Scrivania/gap_8/gap_sdk/rtos/pulp/pulp-os/libs/io/io.c:40
/home/bomps/Scrivania/SSD_bottle_tincan/SSD_05/BUILD/GAP8_V2/GCC_RISCV_PULPOS/SSD_tin_can_bottle:1c03827c 00000004 b __rt_io_pending_flush	/home/bomps/Scrivania/gap_8/gap_sdk/rtos/pulp/pulp-os/libs/io/io.c:50
/home/bomps/Scrivania/SSD_bottle_tincan/SSD_05/BUILD/GAP8_V2/GCC_RISCV_PULPOS/SSD_tin_can_bottle:1c038284 00000004 b _rt_io_uart	/home/bomps/Scrivania/gap_8/gap_sdk/rtos/pulp/pulp-os/libs/io/io.c:38
/home/bomps/Scrivania/SSD_bottle_tincan/SSD_05/BUILD/GAP8_V2/GCC_RISCV_PULPOS/SSD_tin_can_bottle:1c023d24 00000004 V __rt_platform
/home/bomps/Scrivania/SSD_bottle_tincan/SSD_05/BUILD/GAP8_V2/GCC_RISCV_PULPOS/SSD_tin_can_bottle:1c038280 00000004 b __rt_putc_host_buffer_index	/home/bomps/Scrivania/gap_8/gap_sdk/rtos/pulp/pulp-os/libs/io/io.c:48
/home/bomps/Scrivania/SSD_bottle_tincan/SSD_05/BUILD/GAP8_V2/GCC_RISCV_PULPOS/SSD_tin_can_bottle:000003dc 00000004 D __rt_rtc_init_done	/home/bomps/Scrivania/gap_8/gap_sdk/rtos/pulp/pulp-os/drivers_deprecated/dolphin/rtc.c:26
/home/bomps/Scrivania/SSD_bottle_tincan/SSD_05/BUILD/GAP8_V2/GCC_RISCV_PULPOS/SSD_tin_can_bottle:1c038460 00000004 B __rt_wakeup_use_fast	/home/bomps/Scrivania/gap_8/gap_sdk/rtos/pulp/pulp-os/kernel/gap/pmu_driver.c:173
/home/bomps/Scrivania/SSD_bottle_tincan/SSD_05/BUILD/GAP8_V2/GCC_RISCV_PULPOS/SSD_tin_can_bottle:1000001c 00000004 D SSD_tin_can_bottle_L1_Memory
/home/bomps/Scrivania/SSD_bottle_tincan/SSD_05/BUILD/GAP8_V2/GCC_RISCV_PULPOS/SSD_tin_can_bottle:1c037304 00000004 D SSD_tin_can_bottle_L2_Memory
/home/bomps/Scrivania/SSD_bottle_tincan/SSD_05/BUILD/GAP8_V2/GCC_RISCV_PULPOS/SSD_tin_can_bottle:1c038248 00000004 B SSD_tin_can_bottle_L3_Flash
/home/bomps/Scrivania/SSD_bottle_tincan/SSD_05/BUILD/GAP8_V2/GCC_RISCV_PULPOS/SSD_tin_can_bottle:1c0382cc 00000004 B SSD_tin_can_bottle_L3_Memory
/home/bomps/Scrivania/SSD_bottle_tincan/SSD_05/BUILD/GAP8_V2/GCC_RISCV_PULPOS/SSD_tin_can_bottle:1c038250 00000004 b streamer
/home/bomps/Scrivania/SSD_bottle_tincan/SSD_05/BUILD/GAP8_V2/GCC_RISCV_PULPOS/SSD_tin_can_bottle:1c03825c 00000004 b timer_count	/home/bomps/Scrivania/gap_8/gap_sdk/rtos/pulp/pulp-os/kernel/time.c:23
/home/bomps/Scrivania/SSD_bottle_tincan/SSD_05/BUILD/GAP8_V2/GCC_RISCV_PULPOS/SSD_tin_can_bottle:1c003d6c 00000006 T main
/home/bomps/Scrivania/SSD_bottle_tincan/SSD_05/BUILD/GAP8_V2/GCC_RISCV_PULPOS/SSD_tin_can_bottle:1c01e732 00000006 T pi_cl_l1_malloc	/home/bomps/Scrivania/gap_8/gap_sdk/rtos/pulp/pulp-os/kernel/alloc.c:582
/home/bomps/Scrivania/SSD_bottle_tincan/SSD_05/BUILD/GAP8_V2/GCC_RISCV_PULPOS/SSD_tin_can_bottle:1c01f448 00000006 T pi_cluster_conf_init	/home/bomps/Scrivania/gap_8/gap_sdk/rtos/pulp/pulp-os/kernel/cluster.c:337
/home/bomps/Scrivania/SSD_bottle_tincan/SSD_05/BUILD/GAP8_V2/GCC_RISCV_PULPOS/SSD_tin_can_bottle:1c021688 00000006 T pi_gpio_conf_init	/home/bomps/Scrivania/gap_8/gap_sdk/rtos/pulp/pulp-os/drivers/gpio/gpio-v2.c:89
/home/bomps/Scrivania/SSD_bottle_tincan/SSD_05/BUILD/GAP8_V2/GCC_RISCV_PULPOS/SSD_tin_can_bottle:1c01b44c 00000006 t __pi_host_fs_seek	/home/bomps/Scrivania/gap_8/gap_sdk/rtos/pmsis/pmsis_bsp/fs/host_fs/host_fs.c:109
/home/bomps/Scrivania/SSD_bottle_tincan/SSD_05/BUILD/GAP8_V2/GCC_RISCV_PULPOS/SSD_tin_can_bottle:1c01aeae 00000006 t __pi_read_fs_unmount	/home/bomps/Scrivania/gap_8/gap_sdk/rtos/pmsis/pmsis_bsp/fs/read_fs/read_fs.c:230
/home/bomps/Scrivania/SSD_bottle_tincan/SSD_05/BUILD/GAP8_V2/GCC_RISCV_PULPOS/SSD_tin_can_bottle:1c01f252 00000006 T __rt_fll_set_freq	/home/bomps/Scrivania/gap_8/gap_sdk/rtos/pulp/pulp-os/kernel/gap/pmu_driver.c:884
/home/bomps/Scrivania/SSD_bottle_tincan/SSD_05/BUILD/GAP8_V2/GCC_RISCV_PULPOS/SSD_tin_can_bottle:1c037a90 00000007 d SystemStateToSCUFastSeq	/home/bomps/Scrivania/gap_8/gap_sdk/rtos/pulp/pulp-os/kernel/gap/pmu_driver.c:176
/home/bomps/Scrivania/SSD_bottle_tincan/SSD_05/BUILD/GAP8_V2/GCC_RISCV_PULPOS/SSD_tin_can_bottle:1c01ccc8 00000008 T extern_alloc_deinit	/home/bomps/Scrivania/gap_8/gap_sdk/rtos/pmsis/pmsis_bsp/ram/alloc_extern.c:128
/home/bomps/Scrivania/SSD_bottle_tincan/SSD_05/BUILD/GAP8_V2/GCC_RISCV_PULPOS/SSD_tin_can_bottle:1c037ab0 00000008 D FllsFrequency
/home/bomps/Scrivania/SSD_bottle_tincan/SSD_05/BUILD/GAP8_V2/GCC_RISCV_PULPOS/SSD_tin_can_bottle:1c000624 00000008 T jpeg_encoder_process_status
/home/bomps/Scrivania/SSD_bottle_tincan/SSD_05/BUILD/GAP8_V2/GCC_RISCV_PULPOS/SSD_tin_can_bottle:1c01e558 00000008 T pi_cl_send_task_to_fc	/home/bomps/Scrivania/gap_8/gap_sdk/rtos/pulp/pulp-os/kernel/events.c:280
/home/bomps/Scrivania/SSD_bottle_tincan/SSD_05/BUILD/GAP8_V2/GCC_RISCV_PULPOS/SSD_tin_can_bottle:1c01ad8a 00000008 t pi_flash_read_async	/home/bomps/Scrivania/gap_8/gap_sdk/rtos/pmsis/pmsis_bsp/include/bsp/flash.h:428
/home/bomps/Scrivania/SSD_bottle_tincan/SSD_05/BUILD/GAP8_V2/GCC_RISCV_PULPOS/SSD_tin_can_bottle:1c01abf0 00000008 T pi_fs_open	/home/bomps/Scrivania/gap_8/gap_sdk/rtos/pmsis/pmsis_bsp/fs/fs.c:74
/home/bomps/Scrivania/SSD_bottle_tincan/SSD_05/BUILD/GAP8_V2/GCC_RISCV_PULPOS/SSD_tin_can_bottle:1c01abf8 00000008 T pi_fs_read_async	/home/bomps/Scrivania/gap_8/gap_sdk/rtos/pmsis/pmsis_bsp/fs/fs.c:85
/home/bomps/Scrivania/SSD_bottle_tincan/SSD_05/BUILD/GAP8_V2/GCC_RISCV_PULPOS/SSD_tin_can_bottle:1c01abe8 00000008 T pi_fs_unmount	/home/bomps/Scrivania/gap_8/gap_sdk/rtos/pmsis/pmsis_bsp/fs/fs.c:68
/home/bomps/Scrivania/SSD_bottle_tincan/SSD_05/BUILD/GAP8_V2/GCC_RISCV_PULPOS/SSD_tin_can_bottle:1c01ac2a 00000008 T pi_fs_write_async	/home/bomps/Scrivania/gap_8/gap_sdk/rtos/pmsis/pmsis_bsp/fs/fs.c:98
/home/bomps/Scrivania/SSD_bottle_tincan/SSD_05/BUILD/GAP8_V2/GCC_RISCV_PULPOS/SSD_tin_can_bottle:1c038458 00000008 B __rt_freq_domains
/home/bomps/Scrivania/SSD_bottle_tincan/SSD_05/BUILD/GAP8_V2/GCC_RISCV_PULPOS/SSD_tin_can_bottle:1c0200ba 00000008 T __rt_hyper_resume_emu_task	/home/bomps/Scrivania/gap_8/gap_sdk/rtos/pulp/pulp-os/drivers/hyper/hyperram-v1.c:980
/home/bomps/Scrivania/SSD_bottle_tincan/SSD_05/BUILD/GAP8_V2/GCC_RISCV_PULPOS/SSD_tin_can_bottle:000002b0 00000008 D __rt_socevents_status
/home/bomps/Scrivania/SSD_bottle_tincan/SSD_05/BUILD/GAP8_V2/GCC_RISCV_PULPOS/SSD_tin_can_bottle:1c038270 00000008 b __rt_spim_open_count	/home/bomps/Scrivania/gap_8/gap_sdk/rtos/pulp/pulp-os/drivers_deprecated/spim/spim-v2.c:26
/home/bomps/Scrivania/SSD_bottle_tincan/SSD_05/BUILD/GAP8_V2/GCC_RISCV_PULPOS/SSD_tin_can_bottle:1c01db4e 00000008 T semihost_close	/home/bomps/Scrivania/gap_8/gap_sdk/rtos/pmsis/pmsis_bsp/fs/host_fs/semihost.c:18
/home/bomps/Scrivania/SSD_bottle_tincan/SSD_05/BUILD/GAP8_V2/GCC_RISCV_PULPOS/SSD_tin_can_bottle:1c01dba8 00000008 T semihost_exit	/home/bomps/Scrivania/gap_8/gap_sdk/rtos/pmsis/pmsis_bsp/fs/host_fs/semihost.c:47
/home/bomps/Scrivania/SSD_bottle_tincan/SSD_05/BUILD/GAP8_V2/GCC_RISCV_PULPOS/SSD_tin_can_bottle:1c01db1a 00000008 T semihost_write0	/home/bomps/Scrivania/gap_8/gap_sdk/rtos/pmsis/pmsis_bsp/fs/host_fs/semihost.c:6
/home/bomps/Scrivania/SSD_bottle_tincan/SSD_05/BUILD/GAP8_V2/GCC_RISCV_PULPOS/SSD_tin_can_bottle:1c02211a 0000000a T abort	/home/bomps/Scrivania/gap_8/gap_sdk/rtos/pulp/pulp-os/libs/io/io.c:739
/home/bomps/Scrivania/SSD_bottle_tincan/SSD_05/BUILD/GAP8_V2/GCC_RISCV_PULPOS/SSD_tin_can_bottle:1c01dc14 0000000a T bsp_hyperflash_conf_init	/home/bomps/Scrivania/gap_8/gap_sdk/rtos/pmsis/pmsis_bsp/bsp/ai_deck.c:58
/home/bomps/Scrivania/SSD_bottle_tincan/SSD_05/BUILD/GAP8_V2/GCC_RISCV_PULPOS/SSD_tin_can_bottle:1c01dc58 0000000a T bsp_nina_w10_conf_init	/home/bomps/Scrivania/gap_8/gap_sdk/rtos/pmsis/pmsis_bsp/bsp/ai_deck.c:120
/home/bomps/Scrivania/SSD_bottle_tincan/SSD_05/BUILD/GAP8_V2/GCC_RISCV_PULPOS/SSD_tin_can_bottle:1c00061a 0000000a T gray_to_y
/home/bomps/Scrivania/SSD_bottle_tincan/SSD_05/BUILD/GAP8_V2/GCC_RISCV_PULPOS/SSD_tin_can_bottle:1c01b73e 0000000a T __himax_capture_async	/home/bomps/Scrivania/gap_8/gap_sdk/rtos/pmsis/pmsis_bsp/camera/himax/himax.c:475
/home/bomps/Scrivania/SSD_bottle_tincan/SSD_05/BUILD/GAP8_V2/GCC_RISCV_PULPOS/SSD_tin_can_bottle:1c023da0 0000000a D out_classes
/home/bomps/Scrivania/SSD_bottle_tincan/SSD_05/BUILD/GAP8_V2/GCC_RISCV_PULPOS/SSD_tin_can_bottle:1c023d94 0000000a D out_scores
/home/bomps/Scrivania/SSD_bottle_tincan/SSD_05/BUILD/GAP8_V2/GCC_RISCV_PULPOS/SSD_tin_can_bottle:1c020116 0000000a T pi_cpi_conf_init	/home/bomps/Scrivania/gap_8/gap_sdk/rtos/pulp/pulp-os/drivers/cpi/cpi-v1.c:29
/home/bomps/Scrivania/SSD_bottle_tincan/SSD_05/BUILD/GAP8_V2/GCC_RISCV_PULPOS/SSD_tin_can_bottle:1c01ac66 0000000a T pi_fs_copy_2d_async	/home/bomps/Scrivania/gap_8/gap_sdk/rtos/pmsis/pmsis_bsp/fs/fs.c:137
/home/bomps/Scrivania/SSD_bottle_tincan/SSD_05/BUILD/GAP8_V2/GCC_RISCV_PULPOS/SSD_tin_can_bottle:1c01ac5c 0000000a T pi_fs_copy_async	/home/bomps/Scrivania/gap_8/gap_sdk/rtos/pmsis/pmsis_bsp/fs/fs.c:124
/home/bomps/Scrivania/SSD_bottle_tincan/SSD_05/BUILD/GAP8_V2/GCC_RISCV_PULPOS/SSD_tin_can_bottle:1c01cdba 0000000a T pi_partition_get_flash_offset	/home/bomps/Scrivania/gap_8/gap_sdk/rtos/pmsis/pmsis_bsp/partition/partition.c:38
/home/bomps/Scrivania/SSD_bottle_tincan/SSD_05/BUILD/GAP8_V2/GCC_RISCV_PULPOS/SSD_tin_can_bottle:1c0218f8 0000000a T rt_extern_alloc_deinit	/home/bomps/Scrivania/gap_8/gap_sdk/rtos/pulp/pulp-os/kernel/alloc_extern.c:129
/home/bomps/Scrivania/SSD_bottle_tincan/SSD_05/BUILD/GAP8_V2/GCC_RISCV_PULPOS/SSD_tin_can_bottle:1c021a56 0000000a T __rt_himax_init	/home/bomps/Scrivania/gap_8/gap_sdk/rtos/pulp/pulp-os/drivers_deprecated/camera/himax.c:400
/home/bomps/Scrivania/SSD_bottle_tincan/SSD_05/BUILD/GAP8_V2/GCC_RISCV_PULPOS/SSD_tin_can_bottle:1c038294 0000000c B camera
/home/bomps/Scrivania/SSD_bottle_tincan/SSD_05/BUILD/GAP8_V2/GCC_RISCV_PULPOS/SSD_tin_can_bottle:1c0382b4 0000000c B cluster_dev
/home/bomps/Scrivania/SSD_bottle_tincan/SSD_05/BUILD/GAP8_V2/GCC_RISCV_PULPOS/SSD_tin_can_bottle:1c023e28 0000000c d gpio_device
/home/bomps/Scrivania/SSD_bottle_tincan/SSD_05/BUILD/GAP8_V2/GCC_RISCV_PULPOS/SSD_tin_can_bottle:1c038288 0000000c B HyperRam
/home/bomps/Scrivania/SSD_bottle_tincan/SSD_05/BUILD/GAP8_V2/GCC_RISCV_PULPOS/SSD_tin_can_bottle:1c01ca42 0000000c T hyperram_free	/home/bomps/Scrivania/gap_8/gap_sdk/rtos/pmsis/pmsis_bsp/ram/hyperram/hyperram.c:169
/home/bomps/Scrivania/SSD_bottle_tincan/SSD_05/BUILD/GAP8_V2/GCC_RISCV_PULPOS/SSD_tin_can_bottle:1c01b5ea 0000000c T pi_camera_open	/home/bomps/Scrivania/gap_8/gap_sdk/rtos/pmsis/pmsis_bsp/camera/camera.c:24
/home/bomps/Scrivania/SSD_bottle_tincan/SSD_05/BUILD/GAP8_V2/GCC_RISCV_PULPOS/SSD_tin_can_bottle:1c01e738 0000000c T pi_cl_l1_free	/home/bomps/Scrivania/gap_8/gap_sdk/rtos/pulp/pulp-os/kernel/alloc.c:587
/home/bomps/Scrivania/SSD_bottle_tincan/SSD_05/BUILD/GAP8_V2/GCC_RISCV_PULPOS/SSD_tin_can_bottle:1c01ab0c 0000000c T pi_flash_open	/home/bomps/Scrivania/gap_8/gap_sdk/rtos/pmsis/pmsis_bsp/flash/flash.c:24
/home/bomps/Scrivania/SSD_bottle_tincan/SSD_05/BUILD/GAP8_V2/GCC_RISCV_PULPOS/SSD_tin_can_bottle:1c01b41a 0000000c t __pi_host_fs_mount	/home/bomps/Scrivania/gap_8/gap_sdk/rtos/pmsis/pmsis_bsp/fs/host_fs/host_fs.c:34
/home/bomps/Scrivania/SSD_bottle_tincan/SSD_05/BUILD/GAP8_V2/GCC_RISCV_PULPOS/SSD_tin_can_bottle:1c01cbce 0000000c T pi_ram_open	/home/bomps/Scrivania/gap_8/gap_sdk/rtos/pmsis/pmsis_bsp/ram/ram.c:23
/home/bomps/Scrivania/SSD_bottle_tincan/SSD_05/BUILD/GAP8_V2/GCC_RISCV_PULPOS/SSD_tin_can_bottle:1c01c516 0000000c T pi_transport_open	/home/bomps/Scrivania/gap_8/gap_sdk/rtos/pmsis/pmsis_bsp/transport/transport.c:24
/home/bomps/Scrivania/SSD_bottle_tincan/SSD_05/BUILD/GAP8_V2/GCC_RISCV_PULPOS/SSD_tin_can_bottle:00000004 0000000c D __rt_cluster_pool
/home/bomps/Scrivania/SSD_bottle_tincan/SSD_05/BUILD/GAP8_V2/GCC_RISCV_PULPOS/SSD_tin_can_bottle:1c021894 0000000c T __rt_padframe_init	/home/bomps/Scrivania/gap_8/gap_sdk/rtos/pulp/pulp-os/drivers_deprecated/pads/pads-v1.c:58
/home/bomps/Scrivania/SSD_bottle_tincan/SSD_05/BUILD/GAP8_V2/GCC_RISCV_PULPOS/SSD_tin_can_bottle:1c02196e 0000000c T __rt_udma_channel_reg_data	/home/bomps/Scrivania/gap_8/gap_sdk/rtos/pulp/pulp-os/drivers/udma/udma-v2.c:100
/home/bomps/Scrivania/SSD_bottle_tincan/SSD_05/BUILD/GAP8_V2/GCC_RISCV_PULPOS/SSD_tin_can_bottle:1c0382c0 0000000c B wifi
/home/bomps/Scrivania/SSD_bottle_tincan/SSD_05/BUILD/GAP8_V2/GCC_RISCV_PULPOS/SSD_tin_can_bottle:1c01baea 0000000e t hyperflash_ioctl	/home/bomps/Scrivania/gap_8/gap_sdk/rtos/pmsis/pmsis_bsp/flash/hyperflash/hyperflash.c:285
/home/bomps/Scrivania/SSD_bottle_tincan/SSD_05/BUILD/GAP8_V2/GCC_RISCV_PULPOS/SSD_tin_can_bottle:1c01baf8 0000000e t hyperflash_set_reg_exec	/home/bomps/Scrivania/gap_8/gap_sdk/rtos/pmsis/pmsis_bsp/flash/hyperflash/hyperflash.c:94
/home/bomps/Scrivania/SSD_bottle_tincan/SSD_05/BUILD/GAP8_V2/GCC_RISCV_PULPOS/SSD_tin_can_bottle:1c01db0c 0000000e t __internal_semihost	/home/bomps/Scrivania/gap_8/gap_sdk/rtos/pmsis/pmsis_bsp/fs/host_fs/semihost.h:75
/home/bomps/Scrivania/SSD_bottle_tincan/SSD_05/BUILD/GAP8_V2/GCC_RISCV_PULPOS/SSD_tin_can_bottle:1c000874 0000000e T jpeg_encoder_conf_init	/home/bomps/Scrivania/gap_8/gap_sdk/libs/gap_lib/jpeg/jpeg_encoder.c:721
/home/bomps/Scrivania/SSD_bottle_tincan/SSD_05/BUILD/GAP8_V2/GCC_RISCV_PULPOS/SSD_tin_can_bottle:1c000864 0000000e T jpeg_encoder_stop	/home/bomps/Scrivania/gap_8/gap_sdk/libs/gap_lib/jpeg/jpeg_encoder.c:709
/home/bomps/Scrivania/SSD_bottle_tincan/SSD_05/BUILD/GAP8_V2/GCC_RISCV_PULPOS/SSD_tin_can_bottle:1c0217d8 0000000e T pi_gpio_pin_notif_get	/home/bomps/Scrivania/gap_8/gap_sdk/rtos/pulp/pulp-os/drivers/gpio/gpio-v2.c:230
/home/bomps/Scrivania/SSD_bottle_tincan/SSD_05/BUILD/GAP8_V2/GCC_RISCV_PULPOS/SSD_tin_can_bottle:1c01e744 0000000e T pi_l2_malloc	/home/bomps/Scrivania/gap_8/gap_sdk/rtos/pulp/pulp-os/kernel/alloc.c:595
/home/bomps/Scrivania/SSD_bottle_tincan/SSD_05/BUILD/GAP8_V2/GCC_RISCV_PULPOS/SSD_tin_can_bottle:1c01ca16 0000000e T pi_nina_w10_conf_init	/home/bomps/Scrivania/gap_8/gap_sdk/rtos/pmsis/pmsis_bsp/transport/nina_w10/nina_w10.c:371
/home/bomps/Scrivania/SSD_bottle_tincan/SSD_05/BUILD/GAP8_V2/GCC_RISCV_PULPOS/SSD_tin_can_bottle:1c021a84 0000000e t __rt_io_end_of_flush	/home/bomps/Scrivania/gap_8/gap_sdk/rtos/pulp/pulp-os/libs/io/io.c:366
/home/bomps/Scrivania/SSD_bottle_tincan/SSD_05/BUILD/GAP8_V2/GCC_RISCV_PULPOS/SSD_tin_can_bottle:1c01dc48 00000010 T bsp_himax_open
/home/bomps/Scrivania/SSD_bottle_tincan/SSD_05/BUILD/GAP8_V2/GCC_RISCV_PULPOS/SSD_tin_can_bottle:1c01dc1e 00000010 T bsp_hyperflash_open
/home/bomps/Scrivania/SSD_bottle_tincan/SSD_05/BUILD/GAP8_V2/GCC_RISCV_PULPOS/SSD_tin_can_bottle:1c01dc04 00000010 T bsp_hyperram_open
/home/bomps/Scrivania/SSD_bottle_tincan/SSD_05/BUILD/GAP8_V2/GCC_RISCV_PULPOS/SSD_tin_can_bottle:1c01ca60 00000010 t hyperram_copy_async	/home/bomps/Scrivania/gap_8/gap_sdk/rtos/pmsis/pmsis_bsp/ram/hyperram/hyperram.c:133
/home/bomps/Scrivania/SSD_bottle_tincan/SSD_05/BUILD/GAP8_V2/GCC_RISCV_PULPOS/SSD_tin_can_bottle:1c021e90 00000010 T memset	/home/bomps/Scrivania/gap_8/gap_sdk/rtos/pulp/pulp-os/libs/io/io.c:150
/home/bomps/Scrivania/SSD_bottle_tincan/SSD_05/BUILD/GAP8_V2/GCC_RISCV_PULPOS/SSD_tin_can_bottle:1c01f984 00000010 T pi_hyper_conf_init	/home/bomps/Scrivania/gap_8/gap_sdk/rtos/pulp/pulp-os/drivers/hyper/hyperram-v1.c:200
/home/bomps/Scrivania/SSD_bottle_tincan/SSD_05/BUILD/GAP8_V2/GCC_RISCV_PULPOS/SSD_tin_can_bottle:1c01e752 00000010 T pi_l2_free	/home/bomps/Scrivania/gap_8/gap_sdk/rtos/pulp/pulp-os/kernel/alloc.c:600
/home/bomps/Scrivania/SSD_bottle_tincan/SSD_05/BUILD/GAP8_V2/GCC_RISCV_PULPOS/SSD_tin_can_bottle:1c01add0 00000010 t __pi_read_fs_seek	/home/bomps/Scrivania/gap_8/gap_sdk/rtos/pmsis/pmsis_bsp/fs/read_fs/read_fs.c:517
/home/bomps/Scrivania/SSD_bottle_tincan/SSD_05/BUILD/GAP8_V2/GCC_RISCV_PULPOS/SSD_tin_can_bottle:1c037a98 00000010 D PMUState
/home/bomps/Scrivania/SSD_bottle_tincan/SSD_05/BUILD/GAP8_V2/GCC_RISCV_PULPOS/SSD_tin_can_bottle:1b000c0c 00000010 d __rt_io_fc_lock	/home/bomps/Scrivania/gap_8/gap_sdk/rtos/pulp/pulp-os/libs/io/io.c:35
/home/bomps/Scrivania/SSD_bottle_tincan/SSD_05/BUILD/GAP8_V2/GCC_RISCV_PULPOS/SSD_tin_can_bottle:1c023c10 00000010 V __rt_padframe_default	/home/bomps/Scrivania/gap_8/gap_sdk/rtos/pulp/pulp-os/drivers_deprecated/pads/pads-v1.c:28
/home/bomps/Scrivania/SSD_bottle_tincan/SSD_05/BUILD/GAP8_V2/GCC_RISCV_PULPOS/SSD_tin_can_bottle:1c023c20 00000010 V __rt_padframe_hyper	/home/bomps/Scrivania/gap_8/gap_sdk/rtos/pulp/pulp-os/drivers_deprecated/pads/pads-v1.c:30
/home/bomps/Scrivania/SSD_bottle_tincan/SSD_05/BUILD/GAP8_V2/GCC_RISCV_PULPOS/SSD_tin_can_bottle:1c023c30 00000010 V __rt_padframe_hyper_gpio	/home/bomps/Scrivania/gap_8/gap_sdk/rtos/pulp/pulp-os/drivers_deprecated/pads/pads-v1.c:32
/home/bomps/Scrivania/SSD_bottle_tincan/SSD_05/BUILD/GAP8_V2/GCC_RISCV_PULPOS/SSD_tin_can_bottle:1c038238 00000010 b __rt_uart	/home/bomps/Scrivania/gap_8/gap_sdk/rtos/pulp/pulp-os/drivers_deprecated/uart/uart.c:43
/home/bomps/Scrivania/SSD_bottle_tincan/SSD_05/BUILD/GAP8_V2/GCC_RISCV_PULPOS/SSD_tin_can_bottle:1c022ee4 00000010 T rt_uart_conf_init
/home/bomps/Scrivania/SSD_bottle_tincan/SSD_05/BUILD/GAP8_V2/GCC_RISCV_PULPOS/SSD_tin_can_bottle:1c01ca4e 00000012 t hyperram_copy_2d_async	/home/bomps/Scrivania/gap_8/gap_sdk/rtos/pmsis/pmsis_bsp/ram/hyperram/hyperram.c:145
/home/bomps/Scrivania/SSD_bottle_tincan/SSD_05/BUILD/GAP8_V2/GCC_RISCV_PULPOS/SSD_tin_can_bottle:1c01abaa 00000012 T pi_fs_conf_init	/home/bomps/Scrivania/gap_8/gap_sdk/rtos/pmsis/pmsis_bsp/fs/fs.c:26
/home/bomps/Scrivania/SSD_bottle_tincan/SSD_05/BUILD/GAP8_V2/GCC_RISCV_PULPOS/SSD_tin_can_bottle:1c01c522 00000012 T pi_transport_connect	/home/bomps/Scrivania/gap_8/gap_sdk/rtos/pmsis/pmsis_bsp/transport/transport.c:34
/home/bomps/Scrivania/SSD_bottle_tincan/SSD_05/BUILD/GAP8_V2/GCC_RISCV_PULPOS/SSD_tin_can_bottle:1c01f23c 00000012 T __rt_fll_init	/home/bomps/Scrivania/gap_8/gap_sdk/rtos/pulp/pulp-os/kernel/gap/pmu_driver.c:871
/home/bomps/Scrivania/SSD_bottle_tincan/SSD_05/BUILD/GAP8_V2/GCC_RISCV_PULPOS/SSD_tin_can_bottle:1c021a60 00000012 T __rt_rtc_init	/home/bomps/Scrivania/gap_8/gap_sdk/rtos/pulp/pulp-os/drivers_deprecated/dolphin/rtc.c:414
/home/bomps/Scrivania/SSD_bottle_tincan/SSD_05/BUILD/GAP8_V2/GCC_RISCV_PULPOS/SSD_tin_can_bottle:1c021a72 00000012 T __rt_spim_init	/home/bomps/Scrivania/gap_8/gap_sdk/rtos/pulp/pulp-os/drivers_deprecated/spim/spim-v2.c:446
/home/bomps/Scrivania/SSD_bottle_tincan/SSD_05/BUILD/GAP8_V2/GCC_RISCV_PULPOS/SSD_tin_can_bottle:1c000ac6 00000014 T jpeg_encoder_footer	/home/bomps/Scrivania/gap_8/gap_sdk/libs/gap_lib/jpeg/jpeg_encoder.c:928
/home/bomps/Scrivania/SSD_bottle_tincan/SSD_05/BUILD/GAP8_V2/GCC_RISCV_PULPOS/SSD_tin_can_bottle:1c01f8c2 00000014 t l2_memcpy	/home/bomps/Scrivania/gap_8/gap_sdk/rtos/pulp/pulp-os/drivers/hyper/hyperram-v1.c:897
/home/bomps/Scrivania/SSD_bottle_tincan/SSD_05/BUILD/GAP8_V2/GCC_RISCV_PULPOS/SSD_tin_can_bottle:1c023be4 00000014 d nina_w10_api	/home/bomps/Scrivania/gap_8/gap_sdk/rtos/pmsis/pmsis_bsp/transport/nina_w10/nina_w10.c:361
/home/bomps/Scrivania/SSD_bottle_tincan/SSD_05/BUILD/GAP8_V2/GCC_RISCV_PULPOS/SSD_tin_can_bottle:1c020564 00000014 T pi_i2c_conf_init	/home/bomps/Scrivania/gap_8/gap_sdk/rtos/pulp/pulp-os/drivers/i2c/i2c-v2.c:300
/home/bomps/Scrivania/SSD_bottle_tincan/SSD_05/BUILD/GAP8_V2/GCC_RISCV_PULPOS/SSD_tin_can_bottle:1c020208 00000014 t __rt_cpi_init	/home/bomps/Scrivania/gap_8/gap_sdk/rtos/pulp/pulp-os/drivers/cpi/cpi-v1.c:115
/home/bomps/Scrivania/SSD_bottle_tincan/SSD_05/BUILD/GAP8_V2/GCC_RISCV_PULPOS/SSD_tin_can_bottle:1c01e542 00000014 T __rt_event_sched_init	/home/bomps/Scrivania/gap_8/gap_sdk/rtos/pulp/pulp-os/kernel/events.c:264
/home/bomps/Scrivania/SSD_bottle_tincan/SSD_05/BUILD/GAP8_V2/GCC_RISCV_PULPOS/SSD_tin_can_bottle:0000001c 00000014 D __rt_sched
/home/bomps/Scrivania/SSD_bottle_tincan/SSD_05/BUILD/GAP8_V2/GCC_RISCV_PULPOS/SSD_tin_can_bottle:1c021e46 00000014 T strcmp	/home/bomps/Scrivania/gap_8/gap_sdk/rtos/pulp/pulp-os/libs/io/io.c:97
/home/bomps/Scrivania/SSD_bottle_tincan/SSD_05/BUILD/GAP8_V2/GCC_RISCV_PULPOS/SSD_tin_can_bottle:1c0382a0 00000014 B text_streamer
/home/bomps/Scrivania/SSD_bottle_tincan/SSD_05/BUILD/GAP8_V2/GCC_RISCV_PULPOS/SSD_tin_can_bottle:1c01fc90 00000016 T pi_hyper_read_async	/home/bomps/Scrivania/gap_8/gap_sdk/rtos/pulp/pulp-os/drivers/hyper/hyperram-v1.c:380
/home/bomps/Scrivania/SSD_bottle_tincan/SSD_05/BUILD/GAP8_V2/GCC_RISCV_PULPOS/SSD_tin_can_bottle:1c01db92 00000016 T semihost_seek	/home/bomps/Scrivania/gap_8/gap_sdk/rtos/pmsis/pmsis_bsp/fs/host_fs/semihost.c:36
/home/bomps/Scrivania/SSD_bottle_tincan/SSD_05/BUILD/GAP8_V2/GCC_RISCV_PULPOS/SSD_tin_can_bottle:1c021e7a 00000016 T strlen	/home/bomps/Scrivania/gap_8/gap_sdk/rtos/pulp/pulp-os/libs/io/io.c:124
/home/bomps/Scrivania/SSD_bottle_tincan/SSD_05/BUILD/GAP8_V2/GCC_RISCV_PULPOS/SSD_tin_can_bottle:1c01dbec 00000018 T bsp_hyperram_conf_init	/home/bomps/Scrivania/gap_8/gap_sdk/rtos/pmsis/pmsis_bsp/bsp/ai_deck.c:40
/home/bomps/Scrivania/SSD_bottle_tincan/SSD_05/BUILD/GAP8_V2/GCC_RISCV_PULPOS/SSD_tin_can_bottle:1b000bf0 00000018 d cbsys_first	/home/bomps/Scrivania/gap_8/gap_sdk/rtos/pulp/pulp-os/kernel/utils.c:30
/home/bomps/Scrivania/SSD_bottle_tincan/SSD_05/BUILD/GAP8_V2/GCC_RISCV_PULPOS/SSD_tin_can_bottle:1c02349c 00000018 r FractionExpLUT
/home/bomps/Scrivania/SSD_bottle_tincan/SSD_05/BUILD/GAP8_V2/GCC_RISCV_PULPOS/SSD_tin_can_bottle:1c023bf8 00000018 d hyperram_api	/home/bomps/Scrivania/gap_8/gap_sdk/rtos/pmsis/pmsis_bsp/ram/hyperram/hyperram.c:225
/home/bomps/Scrivania/SSD_bottle_tincan/SSD_05/BUILD/GAP8_V2/GCC_RISCV_PULPOS/SSD_tin_can_bottle:1c0234b4 00000018 r IntegerExpLUT
/home/bomps/Scrivania/SSD_bottle_tincan/SSD_05/BUILD/GAP8_V2/GCC_RISCV_PULPOS/SSD_tin_can_bottle:1c01c59a 00000018 t __nina_w10_append_string	/home/bomps/Scrivania/gap_8/gap_sdk/rtos/pmsis/pmsis_bsp/transport/nina_w10/nina_w10.c:112
/home/bomps/Scrivania/SSD_bottle_tincan/SSD_05/BUILD/GAP8_V2/GCC_RISCV_PULPOS/SSD_tin_can_bottle:1c0217c0 00000018 T pi_gpio_pin_notif_clear	/home/bomps/Scrivania/gap_8/gap_sdk/rtos/pulp/pulp-os/drivers/gpio/gpio-v2.c:221
/home/bomps/Scrivania/SSD_bottle_tincan/SSD_05/BUILD/GAP8_V2/GCC_RISCV_PULPOS/SSD_tin_can_bottle:1c020088 00000018 T pi_hyper_read_2d_async	/home/bomps/Scrivania/gap_8/gap_sdk/rtos/pulp/pulp-os/drivers/hyper/hyperram-v1.c:420
/home/bomps/Scrivania/SSD_bottle_tincan/SSD_05/BUILD/GAP8_V2/GCC_RISCV_PULPOS/SSD_tin_can_bottle:1c01fcc8 00000018 T pi_hyper_write_async	/home/bomps/Scrivania/gap_8/gap_sdk/rtos/pulp/pulp-os/drivers/hyper/hyperram-v1.c:400
/home/bomps/Scrivania/SSD_bottle_tincan/SSD_05/BUILD/GAP8_V2/GCC_RISCV_PULPOS/SSD_tin_can_bottle:1c01ae3a 00000018 t __pi_read_fs_copy_2d_async	/home/bomps/Scrivania/gap_8/gap_sdk/rtos/pmsis/pmsis_bsp/fs/read_fs/read_fs.c:657
/home/bomps/Scrivania/SSD_bottle_tincan/SSD_05/BUILD/GAP8_V2/GCC_RISCV_PULPOS/SSD_tin_can_bottle:1c01ae22 00000018 t __pi_read_fs_copy_async	/home/bomps/Scrivania/gap_8/gap_sdk/rtos/pmsis/pmsis_bsp/fs/read_fs/read_fs.c:648
/home/bomps/Scrivania/SSD_bottle_tincan/SSD_05/BUILD/GAP8_V2/GCC_RISCV_PULPOS/SSD_tin_can_bottle:1c000602 00000018 T rgb_to_cr
/home/bomps/Scrivania/SSD_bottle_tincan/SSD_05/BUILD/GAP8_V2/GCC_RISCV_PULPOS/SSD_tin_can_bottle:1c023c40 00000018 V __rt_padframe_profiles
/home/bomps/Scrivania/SSD_bottle_tincan/SSD_05/BUILD/GAP8_V2/GCC_RISCV_PULPOS/SSD_tin_can_bottle:1c01e762 00000018 t __rt_time_poweroff	/home/bomps/Scrivania/gap_8/gap_sdk/rtos/pulp/pulp-os/kernel/time.c:28
/home/bomps/Scrivania/SSD_bottle_tincan/SSD_05/BUILD/GAP8_V2/GCC_RISCV_PULPOS/SSD_tin_can_bottle:1c01e77a 00000018 t __rt_time_poweron	/home/bomps/Scrivania/gap_8/gap_sdk/rtos/pulp/pulp-os/kernel/time.c:37
/home/bomps/Scrivania/SSD_bottle_tincan/SSD_05/BUILD/GAP8_V2/GCC_RISCV_PULPOS/SSD_tin_can_bottle:1c021956 00000018 T __rt_udma_channel_init	/home/bomps/Scrivania/gap_8/gap_sdk/rtos/pulp/pulp-os/drivers/udma/udma-v2.c:89
/home/bomps/Scrivania/SSD_bottle_tincan/SSD_05/BUILD/GAP8_V2/GCC_RISCV_PULPOS/SSD_tin_can_bottle:1c01e3aa 00000018 T __rt_wait_event_prepare_blocking	/home/bomps/Scrivania/gap_8/gap_sdk/rtos/pulp/pulp-os/kernel/events.c:42
/home/bomps/Scrivania/SSD_bottle_tincan/SSD_05/BUILD/GAP8_V2/GCC_RISCV_PULPOS/SSD_tin_can_bottle:1c01dc2e 0000001a T bsp_himax_conf_init	/home/bomps/Scrivania/gap_8/gap_sdk/rtos/pmsis/pmsis_bsp/bsp/ai_deck.c:105
/home/bomps/Scrivania/SSD_bottle_tincan/SSD_05/BUILD/GAP8_V2/GCC_RISCV_PULPOS/SSD_tin_can_bottle:1c022062 0000001a T fputc_locked
/home/bomps/Scrivania/SSD_bottle_tincan/SSD_05/BUILD/GAP8_V2/GCC_RISCV_PULPOS/SSD_tin_can_bottle:1c01b686 0000001a T __himax_reg_set	/home/bomps/Scrivania/gap_8/gap_sdk/rtos/pmsis/pmsis_bsp/camera/himax/himax.c:484
/home/bomps/Scrivania/SSD_bottle_tincan/SSD_05/BUILD/GAP8_V2/GCC_RISCV_PULPOS/SSD_tin_can_bottle:1c01bbd0 0000001a t hyperflash_copy_2d_async
/home/bomps/Scrivania/SSD_bottle_tincan/SSD_05/BUILD/GAP8_V2/GCC_RISCV_PULPOS/SSD_tin_can_bottle:1c01cb26 0000001a T pi_hyperram_conf_init	/home/bomps/Scrivania/gap_8/gap_sdk/rtos/pmsis/pmsis_bsp/ram/hyperram/hyperram.c:235
/home/bomps/Scrivania/SSD_bottle_tincan/SSD_05/BUILD/GAP8_V2/GCC_RISCV_PULPOS/SSD_tin_can_bottle:1c0200a0 0000001a T pi_hyper_write_2d_async	/home/bomps/Scrivania/gap_8/gap_sdk/rtos/pulp/pulp-os/drivers/hyper/hyperram-v1.c:440
/home/bomps/Scrivania/SSD_bottle_tincan/SSD_05/BUILD/GAP8_V2/GCC_RISCV_PULPOS/SSD_tin_can_bottle:1c0005e8 0000001a T rgb_to_cb
/home/bomps/Scrivania/SSD_bottle_tincan/SSD_05/BUILD/GAP8_V2/GCC_RISCV_PULPOS/SSD_tin_can_bottle:1c01e438 0000001a T rt_event_get	/home/bomps/Scrivania/gap_8/gap_sdk/rtos/pulp/pulp-os/kernel/events.c:105
/home/bomps/Scrivania/SSD_bottle_tincan/SSD_05/BUILD/GAP8_V2/GCC_RISCV_PULPOS/SSD_tin_can_bottle:1c01e528 0000001a T rt_event_wait	/home/bomps/Scrivania/gap_8/gap_sdk/rtos/pulp/pulp-os/kernel/events.c:257
/home/bomps/Scrivania/SSD_bottle_tincan/SSD_05/BUILD/GAP8_V2/GCC_RISCV_PULPOS/SSD_tin_can_bottle:1c021ed6 0000001a T strchr	/home/bomps/Scrivania/gap_8/gap_sdk/rtos/pulp/pulp-os/libs/io/io.c:278
/home/bomps/Scrivania/SSD_bottle_tincan/SSD_05/BUILD/GAP8_V2/GCC_RISCV_PULPOS/SSD_tin_can_bottle:1c023b74 0000001c d himax_api	/home/bomps/Scrivania/gap_8/gap_sdk/rtos/pmsis/pmsis_bsp/camera/himax/himax.c:502
/home/bomps/Scrivania/SSD_bottle_tincan/SSD_05/BUILD/GAP8_V2/GCC_RISCV_PULPOS/SSD_tin_can_bottle:1c037fb0 0000001c b HyperFlash
/home/bomps/Scrivania/SSD_bottle_tincan/SSD_05/BUILD/GAP8_V2/GCC_RISCV_PULPOS/SSD_tin_can_bottle:1c01c09e 0000001c t hyperflash_copy_async	/home/bomps/Scrivania/gap_8/gap_sdk/rtos/pmsis/pmsis_bsp/flash/hyperflash/hyperflash.c:844
/home/bomps/Scrivania/SSD_bottle_tincan/SSD_05/BUILD/GAP8_V2/GCC_RISCV_PULPOS/SSD_tin_can_bottle:1c01b572 0000001c t __pi_host_fs_close	/home/bomps/Scrivania/gap_8/gap_sdk/rtos/pmsis/pmsis_bsp/fs/host_fs/host_fs.c:67
/home/bomps/Scrivania/SSD_bottle_tincan/SSD_05/BUILD/GAP8_V2/GCC_RISCV_PULPOS/SSD_tin_can_bottle:1c01bace 0000001c t __rt_event_enqueue	/home/bomps/Scrivania/gap_8/gap_sdk/install/GAP8_V3/include/rt/rt_event.h:397
/home/bomps/Scrivania/SSD_bottle_tincan/SSD_05/BUILD/GAP8_V2/GCC_RISCV_PULPOS/SSD_tin_can_bottle:1c01e0ec 0000001c t __rt_event_enqueue	/home/bomps/Scrivania/gap_8/gap_sdk/install/GAP8_V3/include/rt/rt_event.h:397
/home/bomps/Scrivania/SSD_bottle_tincan/SSD_05/BUILD/GAP8_V2/GCC_RISCV_PULPOS/SSD_tin_can_bottle:1c023a54 0000001c D std_dc_chrominance_huff	/home/bomps/Scrivania/gap_8/gap_sdk/libs/gap_lib/jpeg/jpeg_encoder.c:67
/home/bomps/Scrivania/SSD_bottle_tincan/SSD_05/BUILD/GAP8_V2/GCC_RISCV_PULPOS/SSD_tin_can_bottle:1c023984 0000001c D std_dc_luminance_huff	/home/bomps/Scrivania/gap_8/gap_sdk/libs/gap_lib/jpeg/jpeg_encoder.c:31
/home/bomps/Scrivania/SSD_bottle_tincan/SSD_05/BUILD/GAP8_V2/GCC_RISCV_PULPOS/SSD_tin_can_bottle:1c01b720 0000001e T __himax_reg_get	/home/bomps/Scrivania/gap_8/gap_sdk/rtos/pmsis/pmsis_bsp/camera/himax/himax.c:493
/home/bomps/Scrivania/SSD_bottle_tincan/SSD_05/BUILD/GAP8_V2/GCC_RISCV_PULPOS/SSD_tin_can_bottle:1c01c0ba 0000001e t hyperflash_close	/home/bomps/Scrivania/gap_8/gap_sdk/rtos/pmsis/pmsis_bsp/flash/hyperflash/hyperflash.c:276
/home/bomps/Scrivania/SSD_bottle_tincan/SSD_05/BUILD/GAP8_V2/GCC_RISCV_PULPOS/SSD_tin_can_bottle:1c01ca24 0000001e T hyperram_alloc	/home/bomps/Scrivania/gap_8/gap_sdk/rtos/pmsis/pmsis_bsp/ram/hyperram/hyperram.c:158
/home/bomps/Scrivania/SSD_bottle_tincan/SSD_05/BUILD/GAP8_V2/GCC_RISCV_PULPOS/SSD_tin_can_bottle:1c01f8a4 0000001e T pi_pad_init	/home/bomps/Scrivania/gap_8/gap_sdk/rtos/pulp/pulp-os/drivers/pads/pads-v1.c:31
/home/bomps/Scrivania/SSD_bottle_tincan/SSD_05/BUILD/GAP8_V2/GCC_RISCV_PULPOS/SSD_tin_can_bottle:1c01cbb0 0000001e t __pi_ram_cluster_req_done	/home/bomps/Scrivania/gap_8/gap_sdk/rtos/pmsis/pmsis_bsp/ram/ram.c:55
/home/bomps/Scrivania/SSD_bottle_tincan/SSD_05/BUILD/GAP8_V2/GCC_RISCV_PULPOS/SSD_tin_can_bottle:1c01e232 0000001e T __rt_bridge_set_available	/home/bomps/Scrivania/gap_8/gap_sdk/rtos/pulp/pulp-os/kernel/bridge.c:725
/home/bomps/Scrivania/SSD_bottle_tincan/SSD_05/BUILD/GAP8_V2/GCC_RISCV_PULPOS/SSD_tin_can_bottle:1c01db56 0000001e T semihost_read	/home/bomps/Scrivania/gap_8/gap_sdk/rtos/pmsis/pmsis_bsp/fs/host_fs/semihost.c:24
/home/bomps/Scrivania/SSD_bottle_tincan/SSD_05/BUILD/GAP8_V2/GCC_RISCV_PULPOS/SSD_tin_can_bottle:1c01db74 0000001e T semihost_write	/home/bomps/Scrivania/gap_8/gap_sdk/rtos/pmsis/pmsis_bsp/fs/host_fs/semihost.c:30
/home/bomps/Scrivania/SSD_bottle_tincan/SSD_05/BUILD/GAP8_V2/GCC_RISCV_PULPOS/SSD_tin_can_bottle:1c037e10 00000020 b buffer
/home/bomps/Scrivania/SSD_bottle_tincan/SSD_05/BUILD/GAP8_V2/GCC_RISCV_PULPOS/SSD_tin_can_bottle:1c01b5f8 00000020 t __himax_reg_write	/home/bomps/Scrivania/gap_8/gap_sdk/rtos/pmsis/pmsis_bsp/camera/himax/himax.c:163
/home/bomps/Scrivania/SSD_bottle_tincan/SSD_05/BUILD/GAP8_V2/GCC_RISCV_PULPOS/SSD_tin_can_bottle:1c000822 00000020 T jpeg_encoder_open	/home/bomps/Scrivania/gap_8/gap_sdk/libs/gap_lib/jpeg/jpeg_encoder.c:685
/home/bomps/Scrivania/SSD_bottle_tincan/SSD_05/BUILD/GAP8_V2/GCC_RISCV_PULPOS/SSD_tin_can_bottle:1c022254 00000020 t _rlrshift	/home/bomps/Scrivania/gap_8/gap_sdk/rtos/pulp/pulp-os/libs/io/prf.c:122
/home/bomps/Scrivania/SSD_bottle_tincan/SSD_05/BUILD/GAP8_V2/GCC_RISCV_PULPOS/SSD_tin_can_bottle:1c01e108 00000020 t __rt_bridge_check_bridge_req.part.5	/home/bomps/Scrivania/gap_8/gap_sdk/rtos/pulp/pulp-os/kernel/bridge.c:638
/home/bomps/Scrivania/SSD_bottle_tincan/SSD_05/BUILD/GAP8_V2/GCC_RISCV_PULPOS/SSD_tin_can_bottle:1c038100 00000020 b __rt_cpi	/home/bomps/Scrivania/gap_8/gap_sdk/rtos/pulp/pulp-os/drivers/cpi/cpi-v1.c:23
/home/bomps/Scrivania/SSD_bottle_tincan/SSD_05/BUILD/GAP8_V2/GCC_RISCV_PULPOS/SSD_tin_can_bottle:1c021b7e 00000020 t rt_event_execute.isra.4.constprop.12	/home/bomps/Scrivania/gap_8/gap_sdk/rtos/pulp/pulp-os/libs/io/io.c:795
/home/bomps/Scrivania/SSD_bottle_tincan/SSD_05/BUILD/GAP8_V2/GCC_RISCV_PULPOS/SSD_tin_can_bottle:1c01e560 00000020 T rt_user_alloc_init	/home/bomps/Scrivania/gap_8/gap_sdk/rtos/pulp/pulp-os/kernel/alloc.c:193
/home/bomps/Scrivania/SSD_bottle_tincan/SSD_05/BUILD/GAP8_V2/GCC_RISCV_PULPOS/SSD_tin_can_bottle:1c002fe0 00000020 t RunNetwork
/home/bomps/Scrivania/SSD_bottle_tincan/SSD_05/BUILD/GAP8_V2/GCC_RISCV_PULPOS/SSD_tin_can_bottle:1c021e5a 00000020 T strncmp	/home/bomps/Scrivania/gap_8/gap_sdk/rtos/pulp/pulp-os/libs/io/io.c:108
/home/bomps/Scrivania/SSD_bottle_tincan/SSD_05/BUILD/GAP8_V2/GCC_RISCV_PULPOS/SSD_tin_can_bottle:1c01ca70 00000022 t hyperram_close	/home/bomps/Scrivania/gap_8/gap_sdk/rtos/pmsis/pmsis_bsp/ram/hyperram/hyperram.c:123
/home/bomps/Scrivania/SSD_bottle_tincan/SSD_05/BUILD/GAP8_V2/GCC_RISCV_PULPOS/SSD_tin_can_bottle:1c000842 00000022 T jpeg_encoder_start	/home/bomps/Scrivania/gap_8/gap_sdk/libs/gap_lib/jpeg/jpeg_encoder.c:698
/home/bomps/Scrivania/SSD_bottle_tincan/SSD_05/BUILD/GAP8_V2/GCC_RISCV_PULPOS/SSD_tin_can_bottle:1c01fca6 00000022 T pi_hyper_read	/home/bomps/Scrivania/gap_8/gap_sdk/rtos/pulp/pulp-os/drivers/hyper/hyperram-v1.c:390
/home/bomps/Scrivania/SSD_bottle_tincan/SSD_05/BUILD/GAP8_V2/GCC_RISCV_PULPOS/SSD_tin_can_bottle:1c01fce0 00000022 T pi_hyper_write	/home/bomps/Scrivania/gap_8/gap_sdk/rtos/pulp/pulp-os/drivers/hyper/hyperram-v1.c:411
/home/bomps/Scrivania/SSD_bottle_tincan/SSD_05/BUILD/GAP8_V2/GCC_RISCV_PULPOS/SSD_tin_can_bottle:1c02109e 00000022 t pos_spim_send_handle_misaligned	/home/bomps/Scrivania/gap_8/gap_sdk/rtos/pulp/pulp-os/drivers/spi/spim-v2.c:1007
/home/bomps/Scrivania/SSD_bottle_tincan/SSD_05/BUILD/GAP8_V2/GCC_RISCV_PULPOS/SSD_tin_can_bottle:1c01e272 00000022 T __rt_bridge_clear_notif	/home/bomps/Scrivania/gap_8/gap_sdk/rtos/pulp/pulp-os/kernel/bridge.c:838
/home/bomps/Scrivania/SSD_bottle_tincan/SSD_05/BUILD/GAP8_V2/GCC_RISCV_PULPOS/SSD_tin_can_bottle:1c01e250 00000022 T __rt_bridge_send_notif	/home/bomps/Scrivania/gap_8/gap_sdk/rtos/pulp/pulp-os/kernel/bridge.c:821
/home/bomps/Scrivania/SSD_bottle_tincan/SSD_05/BUILD/GAP8_V2/GCC_RISCV_PULPOS/SSD_tin_can_bottle:1c01e452 00000022 T rt_event_get_blocking	/home/bomps/Scrivania/gap_8/gap_sdk/rtos/pulp/pulp-os/kernel/events.c:127
/home/bomps/Scrivania/SSD_bottle_tincan/SSD_05/BUILD/GAP8_V2/GCC_RISCV_PULPOS/SSD_tin_can_bottle:1c022dec 00000022 t __rt_uart_setfreq_after	/home/bomps/Scrivania/gap_8/gap_sdk/rtos/pulp/pulp-os/drivers_deprecated/uart/uart.c:135
/home/bomps/Scrivania/SSD_bottle_tincan/SSD_05/BUILD/GAP8_V2/GCC_RISCV_PULPOS/SSD_tin_can_bottle:1c01dff6 00000022 T __rt_utils_init	/home/bomps/Scrivania/gap_8/gap_sdk/rtos/pulp/pulp-os/kernel/utils.c:84
/home/bomps/Scrivania/SSD_bottle_tincan/SSD_05/BUILD/GAP8_V2/GCC_RISCV_PULPOS/SSD_tin_can_bottle:1c01cfa0 00000024 T flash_partition_table_free	/home/bomps/Scrivania/gap_8/gap_sdk/rtos/pmsis/pmsis_bsp/partition/flash_partition.c:221
/home/bomps/Scrivania/SSD_bottle_tincan/SSD_05/BUILD/GAP8_V2/GCC_RISCV_PULPOS/SSD_tin_can_bottle:1c01b8da 00000024 t __himax_standby
/home/bomps/Scrivania/SSD_bottle_tincan/SSD_05/BUILD/GAP8_V2/GCC_RISCV_PULPOS/SSD_tin_can_bottle:1c01c3b8 00000024 t hyperflash_erase	/home/bomps/Scrivania/gap_8/gap_sdk/rtos/pmsis/pmsis_bsp/flash/hyperflash/hyperflash.c:899
/home/bomps/Scrivania/SSD_bottle_tincan/SSD_05/BUILD/GAP8_V2/GCC_RISCV_PULPOS/SSD_tin_can_bottle:1c01c1e8 00000024 t hyperflash_erase_chip	/home/bomps/Scrivania/gap_8/gap_sdk/rtos/pmsis/pmsis_bsp/flash/hyperflash/hyperflash.c:883
/home/bomps/Scrivania/SSD_bottle_tincan/SSD_05/BUILD/GAP8_V2/GCC_RISCV_PULPOS/SSD_tin_can_bottle:1c01c1c4 00000024 t hyperflash_erase_sector	/home/bomps/Scrivania/gap_8/gap_sdk/rtos/pmsis/pmsis_bsp/flash/hyperflash/hyperflash.c:891
/home/bomps/Scrivania/SSD_bottle_tincan/SSD_05/BUILD/GAP8_V2/GCC_RISCV_PULPOS/SSD_tin_can_bottle:1c01c278 00000024 t hyperflash_program	/home/bomps/Scrivania/gap_8/gap_sdk/rtos/pmsis/pmsis_bsp/flash/hyperflash/hyperflash.c:875
/home/bomps/Scrivania/SSD_bottle_tincan/SSD_05/BUILD/GAP8_V2/GCC_RISCV_PULPOS/SSD_tin_can_bottle:1c01c20c 00000024 t hyperflash_read	/home/bomps/Scrivania/gap_8/gap_sdk/rtos/pmsis/pmsis_bsp/flash/hyperflash/hyperflash.c:866
/home/bomps/Scrivania/SSD_bottle_tincan/SSD_05/BUILD/GAP8_V2/GCC_RISCV_PULPOS/SSD_tin_can_bottle:1c01c230 00000024 t hyperflash_reg_get	/home/bomps/Scrivania/gap_8/gap_sdk/rtos/pmsis/pmsis_bsp/flash/hyperflash/hyperflash.c:916
/home/bomps/Scrivania/SSD_bottle_tincan/SSD_05/BUILD/GAP8_V2/GCC_RISCV_PULPOS/SSD_tin_can_bottle:1c01c254 00000024 t hyperflash_reg_set	/home/bomps/Scrivania/gap_8/gap_sdk/rtos/pmsis/pmsis_bsp/flash/hyperflash/hyperflash.c:908
/home/bomps/Scrivania/SSD_bottle_tincan/SSD_05/BUILD/GAP8_V2/GCC_RISCV_PULPOS/SSD_tin_can_bottle:1c020428 00000024 T pi_i2c_read	/home/bomps/Scrivania/gap_8/gap_sdk/rtos/pulp/pulp-os/drivers/i2c/i2c-v2.c:230
/home/bomps/Scrivania/SSD_bottle_tincan/SSD_05/BUILD/GAP8_V2/GCC_RISCV_PULPOS/SSD_tin_can_bottle:1c020348 00000024 T pi_i2c_write	/home/bomps/Scrivania/gap_8/gap_sdk/rtos/pulp/pulp-os/drivers/i2c/i2c-v2.c:182
/home/bomps/Scrivania/SSD_bottle_tincan/SSD_05/BUILD/GAP8_V2/GCC_RISCV_PULPOS/SSD_tin_can_bottle:1c01e672 00000024 T __rt_alloc_init_l1	/home/bomps/Scrivania/gap_8/gap_sdk/rtos/pulp/pulp-os/kernel/alloc.c:445
/home/bomps/Scrivania/SSD_bottle_tincan/SSD_05/BUILD/GAP8_V2/GCC_RISCV_PULPOS/SSD_tin_can_bottle:1c01ab1a 00000024 t rt_event_enqueue	/home/bomps/Scrivania/gap_8/gap_sdk/install/GAP8_V3/include/rt/rt_event.h:411
/home/bomps/Scrivania/SSD_bottle_tincan/SSD_05/BUILD/GAP8_V2/GCC_RISCV_PULPOS/SSD_tin_can_bottle:1c01ae52 00000024 t rt_event_enqueue	/home/bomps/Scrivania/gap_8/gap_sdk/install/GAP8_V3/include/rt/rt_event.h:411
/home/bomps/Scrivania/SSD_bottle_tincan/SSD_05/BUILD/GAP8_V2/GCC_RISCV_PULPOS/SSD_tin_can_bottle:1c01b428 00000024 t rt_event_enqueue	/home/bomps/Scrivania/gap_8/gap_sdk/install/GAP8_V3/include/rt/rt_event.h:411
/home/bomps/Scrivania/SSD_bottle_tincan/SSD_05/BUILD/GAP8_V2/GCC_RISCV_PULPOS/SSD_tin_can_bottle:1c01f8d6 00000024 t rt_event_enqueue	/home/bomps/Scrivania/gap_8/gap_sdk/install/GAP8_V3/include/rt/rt_event.h:411
/home/bomps/Scrivania/SSD_bottle_tincan/SSD_05/BUILD/GAP8_V2/GCC_RISCV_PULPOS/SSD_tin_can_bottle:1c01e474 00000024 T rt_event_push	/home/bomps/Scrivania/gap_8/gap_sdk/rtos/pulp/pulp-os/kernel/events.c:139
/home/bomps/Scrivania/SSD_bottle_tincan/SSD_05/BUILD/GAP8_V2/GCC_RISCV_PULPOS/SSD_tin_can_bottle:1c01e832 00000024 T rt_time_wait_us	/home/bomps/Scrivania/gap_8/gap_sdk/rtos/pulp/pulp-os/kernel/time.c:124
/home/bomps/Scrivania/SSD_bottle_tincan/SSD_05/BUILD/GAP8_V2/GCC_RISCV_PULPOS/SSD_tin_can_bottle:1c022dc8 00000024 t __rt_uart_setup.isra.5	/home/bomps/Scrivania/gap_8/gap_sdk/rtos/pulp/pulp-os/drivers_deprecated/uart/uart.c:222
/home/bomps/Scrivania/SSD_bottle_tincan/SSD_05/BUILD/GAP8_V2/GCC_RISCV_PULPOS/SSD_tin_can_bottle:1c01dc62 00000026 t cluster_start	/home/bomps/Scrivania/gap_8/gap_sdk/rtos/pulp/pulp-os/kernel/init.c:198
/home/bomps/Scrivania/SSD_bottle_tincan/SSD_05/BUILD/GAP8_V2/GCC_RISCV_PULPOS/SSD_tin_can_bottle:1c01b8fe 00000026 t __himax_close	/home/bomps/Scrivania/gap_8/gap_sdk/rtos/pmsis/pmsis_bsp/camera/himax/himax.c:423
/home/bomps/Scrivania/SSD_bottle_tincan/SSD_05/BUILD/GAP8_V2/GCC_RISCV_PULPOS/SSD_tin_can_bottle:1c001cb6 00000026 T __jpeg_encoder_stop_cl	/home/bomps/Scrivania/gap_8/gap_sdk/libs/gap_lib/jpeg/cluster.c:799
/home/bomps/Scrivania/SSD_bottle_tincan/SSD_05/BUILD/GAP8_V2/GCC_RISCV_PULPOS/SSD_tin_can_bottle:1c01b500 00000026 t __pi_host_fs_read_async	/home/bomps/Scrivania/gap_8/gap_sdk/rtos/pmsis/pmsis_bsp/fs/host_fs/host_fs.c:74
/home/bomps/Scrivania/SSD_bottle_tincan/SSD_05/BUILD/GAP8_V2/GCC_RISCV_PULPOS/SSD_tin_can_bottle:1c021582 00000026 T pi_spi_conf_init	/home/bomps/Scrivania/gap_8/gap_sdk/rtos/pulp/pulp-os/drivers/spi/spim-v2.c:1361
/home/bomps/Scrivania/SSD_bottle_tincan/SSD_05/BUILD/GAP8_V2/GCC_RISCV_PULPOS/SSD_tin_can_bottle:1c01e792 00000026 T rt_time_get_us	/home/bomps/Scrivania/gap_8/gap_sdk/rtos/pulp/pulp-os/kernel/time.c:45
/home/bomps/Scrivania/SSD_bottle_tincan/SSD_05/BUILD/GAP8_V2/GCC_RISCV_PULPOS/SSD_tin_can_bottle:1c022da2 00000026 T __rt_uart_cluster_req_done	/home/bomps/Scrivania/gap_8/gap_sdk/rtos/pulp/pulp-os/drivers_deprecated/uart/uart.c:253
/home/bomps/Scrivania/SSD_bottle_tincan/SSD_05/BUILD/GAP8_V2/GCC_RISCV_PULPOS/SSD_tin_can_bottle:1c01ed38 00000026 t soc_eu_fcEventMask_setEvent	/home/bomps/Scrivania/gap_8/gap_sdk/install/GAP8_V3/include/hal/soc_eu/soc_eu_v1.h:60
/home/bomps/Scrivania/SSD_bottle_tincan/SSD_05/BUILD/GAP8_V2/GCC_RISCV_PULPOS/SSD_tin_can_bottle:1c02021c 00000026 t soc_eu_fcEventMask_setEvent	/home/bomps/Scrivania/gap_8/gap_sdk/install/GAP8_V3/include/hal/soc_eu/soc_eu_v1.h:60
/home/bomps/Scrivania/SSD_bottle_tincan/SSD_05/BUILD/GAP8_V2/GCC_RISCV_PULPOS/SSD_tin_can_bottle:1c02067a 00000026 t soc_eu_fcEventMask_setEvent	/home/bomps/Scrivania/gap_8/gap_sdk/install/GAP8_V3/include/hal/soc_eu/soc_eu_v1.h:60
/home/bomps/Scrivania/SSD_bottle_tincan/SSD_05/BUILD/GAP8_V2/GCC_RISCV_PULPOS/SSD_tin_can_bottle:1c022ebe 00000026 t soc_eu_fcEventMask_setEvent	/home/bomps/Scrivania/gap_8/gap_sdk/install/GAP8_V3/include/hal/soc_eu/soc_eu_v1.h:60
/home/bomps/Scrivania/SSD_bottle_tincan/SSD_05/BUILD/GAP8_V2/GCC_RISCV_PULPOS/SSD_tin_can_bottle:1c007926 00000028 t cl_wait_task
/home/bomps/Scrivania/SSD_bottle_tincan/SSD_05/BUILD/GAP8_V2/GCC_RISCV_PULPOS/SSD_tin_can_bottle:1c00794e 00000028 t pi_cl_ram_copy_wait
/home/bomps/Scrivania/SSD_bottle_tincan/SSD_05/BUILD/GAP8_V2/GCC_RISCV_PULPOS/SSD_tin_can_bottle:1c023b4c 00000028 D __pi_host_fs_api
/home/bomps/Scrivania/SSD_bottle_tincan/SSD_05/BUILD/GAP8_V2/GCC_RISCV_PULPOS/SSD_tin_can_bottle:1c023b24 00000028 D __pi_read_fs_api
/home/bomps/Scrivania/SSD_bottle_tincan/SSD_05/BUILD/GAP8_V2/GCC_RISCV_PULPOS/SSD_tin_can_bottle:1c02207c 00000028 T _prf_locked	/home/bomps/Scrivania/gap_8/gap_sdk/rtos/pulp/pulp-os/libs/io/io.c:626
/home/bomps/Scrivania/SSD_bottle_tincan/SSD_05/BUILD/GAP8_V2/GCC_RISCV_PULPOS/SSD_tin_can_bottle:1c01ddf0 00000028 T __rt_deinit	/home/bomps/Scrivania/gap_8/gap_sdk/rtos/pulp/pulp-os/kernel/init.c:163
/home/bomps/Scrivania/SSD_bottle_tincan/SSD_05/BUILD/GAP8_V2/GCC_RISCV_PULPOS/SSD_tin_can_bottle:1c01e382 00000028 T __rt_event_init	/home/bomps/Scrivania/gap_8/gap_sdk/rtos/pulp/pulp-os/kernel/events.c:32
/home/bomps/Scrivania/SSD_bottle_tincan/SSD_05/BUILD/GAP8_V2/GCC_RISCV_PULPOS/SSD_tin_can_bottle:1c038468 00000028 B __rt_fc_cluster_data
/home/bomps/Scrivania/SSD_bottle_tincan/SSD_05/BUILD/GAP8_V2/GCC_RISCV_PULPOS/SSD_tin_can_bottle:1c021e1e 00000028 t __rt_io_stop	/home/bomps/Scrivania/gap_8/gap_sdk/rtos/pulp/pulp-os/libs/io/io.c:769
/home/bomps/Scrivania/SSD_bottle_tincan/SSD_05/BUILD/GAP8_V2/GCC_RISCV_PULPOS/SSD_tin_can_bottle:1c02186c 00000028 T rt_padframe_set	/home/bomps/Scrivania/gap_8/gap_sdk/rtos/pulp/pulp-os/drivers_deprecated/pads/pads-v1.c:77
/home/bomps/Scrivania/SSD_bottle_tincan/SSD_05/BUILD/GAP8_V2/GCC_RISCV_PULPOS/SSD_tin_can_bottle:000002b8 00000028 D __rt_udma_extra_callback
/home/bomps/Scrivania/SSD_bottle_tincan/SSD_05/BUILD/GAP8_V2/GCC_RISCV_PULPOS/SSD_tin_can_bottle:000002e0 00000028 D __rt_udma_extra_callback_arg
/home/bomps/Scrivania/SSD_bottle_tincan/SSD_05/BUILD/GAP8_V2/GCC_RISCV_PULPOS/SSD_tin_can_bottle:1c01ac00 0000002a T pi_fs_read	/home/bomps/Scrivania/gap_8/gap_sdk/rtos/pmsis/pmsis_bsp/fs/fs.c:90
/home/bomps/Scrivania/SSD_bottle_tincan/SSD_05/BUILD/GAP8_V2/GCC_RISCV_PULPOS/SSD_tin_can_bottle:1c01ac32 0000002a T pi_fs_write	/home/bomps/Scrivania/gap_8/gap_sdk/rtos/pmsis/pmsis_bsp/fs/fs.c:103
/home/bomps/Scrivania/SSD_bottle_tincan/SSD_05/BUILD/GAP8_V2/GCC_RISCV_PULPOS/SSD_tin_can_bottle:1c01b4d6 0000002a t __pi_host_fs_write_async	/home/bomps/Scrivania/gap_8/gap_sdk/rtos/pmsis/pmsis_bsp/fs/host_fs/host_fs.c:100
/home/bomps/Scrivania/SSD_bottle_tincan/SSD_05/BUILD/GAP8_V2/GCC_RISCV_PULPOS/SSD_tin_can_bottle:1c01e696 0000002a T __rt_alloc_init_l1_for_fc	/home/bomps/Scrivania/gap_8/gap_sdk/rtos/pulp/pulp-os/kernel/alloc.c:452
/home/bomps/Scrivania/SSD_bottle_tincan/SSD_05/BUILD/GAP8_V2/GCC_RISCV_PULPOS/SSD_tin_can_bottle:1c0219ae 0000002a t __rt_i2s_setfreq_after	/home/bomps/Scrivania/gap_8/gap_sdk/rtos/pulp/pulp-os/drivers_deprecated/i2s/i2s-v1.c:235
/home/bomps/Scrivania/SSD_bottle_tincan/SSD_05/BUILD/GAP8_V2/GCC_RISCV_PULPOS/SSD_tin_can_bottle:1c01c198 0000002c t hyperflash_copy_2d	/home/bomps/Scrivania/gap_8/gap_sdk/rtos/pmsis/pmsis_bsp/flash/hyperflash/hyperflash.c:934
/home/bomps/Scrivania/SSD_bottle_tincan/SSD_05/BUILD/GAP8_V2/GCC_RISCV_PULPOS/SSD_tin_can_bottle:1c01c62c 0000002c t __nina_w10_setup_resume	/home/bomps/Scrivania/gap_8/gap_sdk/rtos/pmsis/pmsis_bsp/transport/nina_w10/nina_w10.c:135
/home/bomps/Scrivania/SSD_bottle_tincan/SSD_05/BUILD/GAP8_V2/GCC_RISCV_PULPOS/SSD_tin_can_bottle:1c01abbc 0000002c T pi_fs_mount	/home/bomps/Scrivania/gap_8/gap_sdk/rtos/pmsis/pmsis_bsp/fs/fs.c:40
/home/bomps/Scrivania/SSD_bottle_tincan/SSD_05/BUILD/GAP8_V2/GCC_RISCV_PULPOS/SSD_tin_can_bottle:1c01f958 0000002c T __pi_hyper_pin_reset_settings	/home/bomps/Scrivania/gap_8/gap_sdk/rtos/pulp/pulp-os/drivers/hyper/hyperram-v1.c:189
/home/bomps/Scrivania/SSD_bottle_tincan/SSD_05/BUILD/GAP8_V2/GCC_RISCV_PULPOS/SSD_tin_can_bottle:1c01f92c 0000002c T __pi_hyper_pin_settings	/home/bomps/Scrivania/gap_8/gap_sdk/rtos/pulp/pulp-os/drivers/hyper/hyperram-v1.c:181
/home/bomps/Scrivania/SSD_bottle_tincan/SSD_05/BUILD/GAP8_V2/GCC_RISCV_PULPOS/SSD_tin_can_bottle:1c0205d0 0000002c t pos_spim_enqueue_to_pending_7	/home/bomps/Scrivania/gap_8/gap_sdk/rtos/pulp/pulp-os/drivers/spi/spim-v2.c:323
/home/bomps/Scrivania/SSD_bottle_tincan/SSD_05/BUILD/GAP8_V2/GCC_RISCV_PULPOS/SSD_tin_can_bottle:1c022196 0000002c T printf	/home/bomps/Scrivania/gap_8/gap_sdk/rtos/pulp/pulp-os/libs/io/fprintf.c:41
/home/bomps/Scrivania/SSD_bottle_tincan/SSD_05/BUILD/GAP8_V2/GCC_RISCV_PULPOS/SSD_tin_can_bottle:1c022036 0000002c T puts	/home/bomps/Scrivania/gap_8/gap_sdk/rtos/pulp/pulp-os/libs/io/io.c:576
/home/bomps/Scrivania/SSD_bottle_tincan/SSD_05/BUILD/GAP8_V2/GCC_RISCV_PULPOS/SSD_tin_can_bottle:1c0005bc 0000002c T rgb_to_y
/home/bomps/Scrivania/SSD_bottle_tincan/SSD_05/BUILD/GAP8_V2/GCC_RISCV_PULPOS/SSD_tin_can_bottle:1c0219d8 0000002c t __rt_i2s_setfreq_before	/home/bomps/Scrivania/gap_8/gap_sdk/rtos/pulp/pulp-os/drivers_deprecated/i2s/i2s-v1.c:219
/home/bomps/Scrivania/SSD_bottle_tincan/SSD_05/BUILD/GAP8_V2/GCC_RISCV_PULPOS/SSD_tin_can_bottle:1c038054 0000002c b __rt_pulpos_emu_global_cluster_task	/home/bomps/Scrivania/gap_8/gap_sdk/rtos/pulp/pulp-os/kernel/pulpos_emu.c:26
/home/bomps/Scrivania/SSD_bottle_tincan/SSD_05/BUILD/GAP8_V2/GCC_RISCV_PULPOS/SSD_tin_can_bottle:1c022e50 0000002c t __rt_uart_setfreq_before	/home/bomps/Scrivania/gap_8/gap_sdk/rtos/pulp/pulp-os/drivers_deprecated/uart/uart.c:102
/home/bomps/Scrivania/SSD_bottle_tincan/SSD_05/BUILD/GAP8_V2/GCC_RISCV_PULPOS/SSD_tin_can_bottle:1c01e4fc 0000002c T __rt_wait_event	/home/bomps/Scrivania/gap_8/gap_sdk/rtos/pulp/pulp-os/kernel/events.c:247
/home/bomps/Scrivania/SSD_bottle_tincan/SSD_05/BUILD/GAP8_V2/GCC_RISCV_PULPOS/SSD_tin_can_bottle:1c01db22 0000002c T semihost_open	/home/bomps/Scrivania/gap_8/gap_sdk/rtos/pmsis/pmsis_bsp/fs/host_fs/semihost.c:11
/home/bomps/Scrivania/SSD_bottle_tincan/SSD_05/BUILD/GAP8_V2/GCC_RISCV_PULPOS/SSD_tin_can_bottle:1c01ed0c 0000002c t SetFllMultDivFactors
/home/bomps/Scrivania/SSD_bottle_tincan/SSD_05/BUILD/GAP8_V2/GCC_RISCV_PULPOS/SSD_tin_can_bottle:1c023dfc 0000002c D task
/home/bomps/Scrivania/SSD_bottle_tincan/SSD_05/BUILD/GAP8_V2/GCC_RISCV_PULPOS/SSD_tin_can_bottle:1c01c29c 0000002e t hyperflash_copy	/home/bomps/Scrivania/gap_8/gap_sdk/rtos/pmsis/pmsis_bsp/flash/hyperflash/hyperflash.c:924
/home/bomps/Scrivania/SSD_bottle_tincan/SSD_05/BUILD/GAP8_V2/GCC_RISCV_PULPOS/SSD_tin_can_bottle:1c01baa0 0000002e T pi_himax_conf_init	/home/bomps/Scrivania/gap_8/gap_sdk/rtos/pmsis/pmsis_bsp/camera/himax/himax.c:512
/home/bomps/Scrivania/SSD_bottle_tincan/SSD_05/BUILD/GAP8_V2/GCC_RISCV_PULPOS/SSD_tin_can_bottle:1c01e644 0000002e T rt_free
/home/bomps/Scrivania/SSD_bottle_tincan/SSD_05/BUILD/GAP8_V2/GCC_RISCV_PULPOS/SSD_tin_can_bottle:1c01eb0c 0000002e T __rt_periph_get_event	/home/bomps/Scrivania/gap_8/gap_sdk/rtos/pulp/pulp-os/kernel/periph-v2.c:219
/home/bomps/Scrivania/SSD_bottle_tincan/SSD_05/BUILD/GAP8_V2/GCC_RISCV_PULPOS/SSD_tin_can_bottle:1c01b656 00000030 t __himax_set_qqvga	/home/bomps/Scrivania/gap_8/gap_sdk/rtos/pmsis/pmsis_bsp/camera/himax/himax.c:214
/home/bomps/Scrivania/SSD_bottle_tincan/SSD_05/BUILD/GAP8_V2/GCC_RISCV_PULPOS/SSD_tin_can_bottle:1c01c3dc 00000030 t hyperflash_get_status_reg	/home/bomps/Scrivania/gap_8/gap_sdk/rtos/pmsis/pmsis_bsp/flash/hyperflash/hyperflash.c:184
/home/bomps/Scrivania/SSD_bottle_tincan/SSD_05/BUILD/GAP8_V2/GCC_RISCV_PULPOS/SSD_tin_can_bottle:1c01c56a 00000030 T pi_transport_send	/home/bomps/Scrivania/gap_8/gap_sdk/rtos/pmsis/pmsis_bsp/transport/transport.c:64
/home/bomps/Scrivania/SSD_bottle_tincan/SSD_05/BUILD/GAP8_V2/GCC_RISCV_PULPOS/SSD_tin_can_bottle:1c037d5c 00000030 d pos_spim_l2	/home/bomps/Scrivania/gap_8/gap_sdk/rtos/pulp/pulp-os/drivers/spi/spim-v2.c:33
/home/bomps/Scrivania/SSD_bottle_tincan/SSD_05/BUILD/GAP8_V2/GCC_RISCV_PULPOS/SSD_tin_can_bottle:1c01e614 00000030 T rt_alloc
/home/bomps/Scrivania/SSD_bottle_tincan/SSD_05/BUILD/GAP8_V2/GCC_RISCV_PULPOS/SSD_tin_can_bottle:1c01dfc6 00000030 T __rt_cbsys_exec	/home/bomps/Scrivania/gap_8/gap_sdk/rtos/pulp/pulp-os/kernel/utils.c:71
/home/bomps/Scrivania/SSD_bottle_tincan/SSD_05/BUILD/GAP8_V2/GCC_RISCV_PULPOS/SSD_tin_can_bottle:1c01d906 00000032 T MD5_Init	/home/bomps/Scrivania/gap_8/gap_sdk/rtos/pmsis/pmsis_bsp/crc/md5.c:207
/home/bomps/Scrivania/SSD_bottle_tincan/SSD_05/BUILD/GAP8_V2/GCC_RISCV_PULPOS/SSD_tin_can_bottle:1c01f526 00000032 T pi_cluster_close	/home/bomps/Scrivania/gap_8/gap_sdk/rtos/pulp/pulp-os/kernel/cluster.c:370
/home/bomps/Scrivania/SSD_bottle_tincan/SSD_05/BUILD/GAP8_V2/GCC_RISCV_PULPOS/SSD_tin_can_bottle:1c0216f2 00000032 T pi_gpio_pin_write	/home/bomps/Scrivania/gap_8/gap_sdk/rtos/pulp/pulp-os/drivers/gpio/gpio-v2.c:158
/home/bomps/Scrivania/SSD_bottle_tincan/SSD_05/BUILD/GAP8_V2/GCC_RISCV_PULPOS/SSD_tin_can_bottle:1c01c4b2 00000032 T pi_hyperflash_conf_init	/home/bomps/Scrivania/gap_8/gap_sdk/rtos/pmsis/pmsis_bsp/flash/hyperflash/hyperflash.c:970
/home/bomps/Scrivania/SSD_bottle_tincan/SSD_05/BUILD/GAP8_V2/GCC_RISCV_PULPOS/SSD_tin_can_bottle:1c01ab78 00000032 t pi_task_wait_on.isra.3	/home/bomps/Scrivania/gap_8/gap_sdk/install/GAP8_V3/include/rt/rt_cluster.h:239
/home/bomps/Scrivania/SSD_bottle_tincan/SSD_05/BUILD/GAP8_V2/GCC_RISCV_PULPOS/SSD_tin_can_bottle:1c01c166 00000032 t pi_task_wait_on.isra.3	/home/bomps/Scrivania/gap_8/gap_sdk/rtos/pmsis/pmsis_bsp/flash/hyperflash/hyperflash.c:219
/home/bomps/Scrivania/SSD_bottle_tincan/SSD_05/BUILD/GAP8_V2/GCC_RISCV_PULPOS/SSD_tin_can_bottle:1c01c4e4 00000032 t pi_task_wait_on.isra.3	/home/bomps/Scrivania/gap_8/gap_sdk/rtos/pmsis/pmsis_bsp/include/bsp/transport.h:77
/home/bomps/Scrivania/SSD_bottle_tincan/SSD_05/BUILD/GAP8_V2/GCC_RISCV_PULPOS/SSD_tin_can_bottle:1c020242 00000032 t pi_task_wait_on.isra.3	/home/bomps/Scrivania/gap_8/gap_sdk/install/GAP8_V3/include/hal/soc_eu/soc_eu_v1.h:55
/home/bomps/Scrivania/SSD_bottle_tincan/SSD_05/BUILD/GAP8_V2/GCC_RISCV_PULPOS/SSD_tin_can_bottle:1c01f8fa 00000032 t pi_task_wait_on.isra.4	/home/bomps/Scrivania/gap_8/gap_sdk/rtos/pulp/pulp-os/drivers/hyper/hyperram-v1.c:1039
/home/bomps/Scrivania/SSD_bottle_tincan/SSD_05/BUILD/GAP8_V2/GCC_RISCV_PULPOS/SSD_tin_can_bottle:1c01e018 00000032 T __rt_fc_lock	/home/bomps/Scrivania/gap_8/gap_sdk/rtos/pulp/pulp-os/kernel/utils.c:92
/home/bomps/Scrivania/SSD_bottle_tincan/SSD_05/BUILD/GAP8_V2/GCC_RISCV_PULPOS/SSD_tin_can_bottle:000003a8 00000034 D dev_rtc	/home/bomps/Scrivania/gap_8/gap_sdk/rtos/pulp/pulp-os/drivers_deprecated/dolphin/rtc.c:24
/home/bomps/Scrivania/SSD_bottle_tincan/SSD_05/BUILD/GAP8_V2/GCC_RISCV_PULPOS/SSD_tin_can_bottle:1c0222b8 00000034 t _get_digit	/home/bomps/Scrivania/gap_8/gap_sdk/rtos/pulp/pulp-os/libs/io/prf.c:167
/home/bomps/Scrivania/SSD_bottle_tincan/SSD_05/BUILD/GAP8_V2/GCC_RISCV_PULPOS/SSD_tin_can_bottle:1c023848 00000034 r __hyper_pad	/home/bomps/Scrivania/gap_8/gap_sdk/rtos/pulp/pulp-os/drivers/hyper/hyperram-v1.c:164
/home/bomps/Scrivania/SSD_bottle_tincan/SSD_05/BUILD/GAP8_V2/GCC_RISCV_PULPOS/SSD_tin_can_bottle:1c01acc4 00000034 T __pi_cl_fs_copy_req_done	/home/bomps/Scrivania/gap_8/gap_sdk/rtos/pmsis/pmsis_bsp/fs/fs.c:340
/home/bomps/Scrivania/SSD_bottle_tincan/SSD_05/BUILD/GAP8_V2/GCC_RISCV_PULPOS/SSD_tin_can_bottle:1c01f870 00000034 T pi_pad_set_function	/home/bomps/Scrivania/gap_8/gap_sdk/rtos/pulp/pulp-os/drivers/pads/pads-v1.c:24
/home/bomps/Scrivania/SSD_bottle_tincan/SSD_05/BUILD/GAP8_V2/GCC_RISCV_PULPOS/SSD_tin_can_bottle:1c0210c0 00000034 t pos_spim_send_handle_misaligned_2d	/home/bomps/Scrivania/gap_8/gap_sdk/rtos/pulp/pulp-os/drivers/spi/spim-v2.c:1022
/home/bomps/Scrivania/SSD_bottle_tincan/SSD_05/BUILD/GAP8_V2/GCC_RISCV_PULPOS/SSD_tin_can_bottle:1c01e34e 00000034 T __rt_bridge_init	/home/bomps/Scrivania/gap_8/gap_sdk/rtos/pulp/pulp-os/kernel/bridge.c:851
/home/bomps/Scrivania/SSD_bottle_tincan/SSD_05/BUILD/GAP8_V2/GCC_RISCV_PULPOS/SSD_tin_can_bottle:1c01e04a 00000034 T __rt_fc_unlock	/home/bomps/Scrivania/gap_8/gap_sdk/rtos/pulp/pulp-os/kernel/utils.c:127
/home/bomps/Scrivania/SSD_bottle_tincan/SSD_05/BUILD/GAP8_V2/GCC_RISCV_PULPOS/SSD_tin_can_bottle:1c02197a 00000034 t __rt_i2s_resume	/home/bomps/Scrivania/gap_8/gap_sdk/rtos/pulp/pulp-os/drivers_deprecated/i2s/i2s-v1.c:186
/home/bomps/Scrivania/SSD_bottle_tincan/SSD_05/BUILD/GAP8_V2/GCC_RISCV_PULPOS/SSD_tin_can_bottle:1c021c0e 00000034 t __rt_putc_host_cluster_req	/home/bomps/Scrivania/gap_8/gap_sdk/rtos/pulp/pulp-os/libs/io/io.c:451
/home/bomps/Scrivania/SSD_bottle_tincan/SSD_05/BUILD/GAP8_V2/GCC_RISCV_PULPOS/SSD_tin_can_bottle:1c022fd0 00000034 T rt_uart_cluster_write	/home/bomps/Scrivania/gap_8/gap_sdk/rtos/pulp/pulp-os/drivers_deprecated/uart/uart.c:277
/home/bomps/Scrivania/SSD_bottle_tincan/SSD_05/BUILD/GAP8_V2/GCC_RISCV_PULPOS/SSD_tin_can_bottle:1c021ea0 00000036 T memcpy	/home/bomps/Scrivania/gap_8/gap_sdk/rtos/pulp/pulp-os/libs/io/io.c:159
/home/bomps/Scrivania/SSD_bottle_tincan/SSD_05/BUILD/GAP8_V2/GCC_RISCV_PULPOS/SSD_tin_can_bottle:1c0201d2 00000036 T pi_cpi_capture_async	/home/bomps/Scrivania/gap_8/gap_sdk/rtos/pulp/pulp-os/drivers/cpi/cpi-v1.c:102
/home/bomps/Scrivania/SSD_bottle_tincan/SSD_05/BUILD/GAP8_V2/GCC_RISCV_PULPOS/SSD_tin_can_bottle:1c021836 00000036 T pi_gpio_pin_configure	/home/bomps/Scrivania/gap_8/gap_sdk/rtos/pulp/pulp-os/drivers/gpio/gpio-v2.c:146
/home/bomps/Scrivania/SSD_bottle_tincan/SSD_05/BUILD/GAP8_V2/GCC_RISCV_PULPOS/SSD_tin_can_bottle:1c01c534 00000036 T pi_transport_send_header	/home/bomps/Scrivania/gap_8/gap_sdk/rtos/pmsis/pmsis_bsp/transport/transport.c:53
/home/bomps/Scrivania/SSD_bottle_tincan/SSD_05/BUILD/GAP8_V2/GCC_RISCV_PULPOS/SSD_tin_can_bottle:1c01e0b6 00000036 T __rt_fc_cluster_unlock	/home/bomps/Scrivania/gap_8/gap_sdk/rtos/pulp/pulp-os/kernel/utils.c:199
/home/bomps/Scrivania/SSD_bottle_tincan/SSD_05/BUILD/GAP8_V2/GCC_RISCV_PULPOS/SSD_tin_can_bottle:1c001c04 00000038 T __jpeg_encoder_process_cl	/home/bomps/Scrivania/gap_8/gap_sdk/libs/gap_lib/jpeg/cluster.c:742
/home/bomps/Scrivania/SSD_bottle_tincan/SSD_05/BUILD/GAP8_V2/GCC_RISCV_PULPOS/SSD_tin_can_bottle:1c01ae76 00000038 t __pi_fs_free	/home/bomps/Scrivania/gap_8/gap_sdk/rtos/pmsis/pmsis_bsp/fs/read_fs/read_fs.c:122
/home/bomps/Scrivania/SSD_bottle_tincan/SSD_05/BUILD/GAP8_V2/GCC_RISCV_PULPOS/SSD_tin_can_bottle:1c021724 00000038 T pi_gpio_pin_read	/home/bomps/Scrivania/gap_8/gap_sdk/rtos/pulp/pulp-os/drivers/gpio/gpio-v2.c:171
/home/bomps/Scrivania/SSD_bottle_tincan/SSD_05/BUILD/GAP8_V2/GCC_RISCV_PULPOS/SSD_tin_can_bottle:1c0079f2 00000038 t pi_task_wait_on.isra.5
/home/bomps/Scrivania/SSD_bottle_tincan/SSD_05/BUILD/GAP8_V2/GCC_RISCV_PULPOS/SSD_tin_can_bottle:1c01e07e 00000038 T __rt_fc_cluster_lock	/home/bomps/Scrivania/gap_8/gap_sdk/rtos/pulp/pulp-os/kernel/utils.c:189
/home/bomps/Scrivania/SSD_bottle_tincan/SSD_05/BUILD/GAP8_V2/GCC_RISCV_PULPOS/SSD_tin_can_bottle:1c01ab3e 0000003a T __pi_cl_fs_copy_req	/home/bomps/Scrivania/gap_8/gap_sdk/rtos/pmsis/pmsis_bsp/fs/fs.c:381
/home/bomps/Scrivania/SSD_bottle_tincan/SSD_05/BUILD/GAP8_V2/GCC_RISCV_PULPOS/SSD_tin_can_bottle:1c020640 0000003a t __rt_spi_get_div.isra.1	/home/bomps/Scrivania/gap_8/gap_sdk/rtos/pulp/pulp-os/drivers/spi/spim-v2.c:1318
/home/bomps/Scrivania/SSD_bottle_tincan/SSD_05/BUILD/GAP8_V2/GCC_RISCV_PULPOS/SSD_tin_can_bottle:1c01dbb0 0000003c t __bsp_init_pads
/home/bomps/Scrivania/SSD_bottle_tincan/SSD_05/BUILD/GAP8_V2/GCC_RISCV_PULPOS/SSD_tin_can_bottle:1c01b6e4 0000003c t __himax_reset	/home/bomps/Scrivania/gap_8/gap_sdk/rtos/pmsis/pmsis_bsp/camera/himax/himax.c:203
/home/bomps/Scrivania/SSD_bottle_tincan/SSD_05/BUILD/GAP8_V2/GCC_RISCV_PULPOS/SSD_tin_can_bottle:1c007b8c 0000003c t pi_cl_team_fork.constprop.12
/home/bomps/Scrivania/SSD_bottle_tincan/SSD_05/BUILD/GAP8_V2/GCC_RISCV_PULPOS/SSD_tin_can_bottle:1c01f5c8 0000003c T __rt_cluster_new	/home/bomps/Scrivania/gap_8/gap_sdk/rtos/pulp/pulp-os/kernel/cluster.c:445
/home/bomps/Scrivania/SSD_bottle_tincan/SSD_05/BUILD/GAP8_V2/GCC_RISCV_PULPOS/SSD_tin_can_bottle:1c01f604 0000003c t __rt_cluster_pulpos_emu_init	/home/bomps/Scrivania/gap_8/gap_sdk/rtos/pulp/pulp-os/kernel/pulpos_emu.c:29
/home/bomps/Scrivania/SSD_bottle_tincan/SSD_05/BUILD/GAP8_V2/GCC_RISCV_PULPOS/SSD_tin_can_bottle:1c021f4e 0000003c T __rt_putc_uart	/home/bomps/Scrivania/gap_8/gap_sdk/rtos/pulp/pulp-os/libs/io/io.c:412
/home/bomps/Scrivania/SSD_bottle_tincan/SSD_05/BUILD/GAP8_V2/GCC_RISCV_PULPOS/SSD_tin_can_bottle:1c01b618 0000003e t __himax_init_regs	/home/bomps/Scrivania/gap_8/gap_sdk/rtos/pmsis/pmsis_bsp/camera/himax/himax.c:192
/home/bomps/Scrivania/SSD_bottle_tincan/SSD_05/BUILD/GAP8_V2/GCC_RISCV_PULPOS/SSD_tin_can_bottle:1c01ad92 0000003e t __pi_read_fs_write	/home/bomps/Scrivania/gap_8/gap_sdk/rtos/pmsis/pmsis_bsp/fs/read_fs/read_fs.c:499
/home/bomps/Scrivania/SSD_bottle_tincan/SSD_05/BUILD/GAP8_V2/GCC_RISCV_PULPOS/SSD_tin_can_bottle:1c01df88 0000003e T __rt_cbsys_add	/home/bomps/Scrivania/gap_8/gap_sdk/rtos/pulp/pulp-os/kernel/utils.c:57
/home/bomps/Scrivania/SSD_bottle_tincan/SSD_05/BUILD/GAP8_V2/GCC_RISCV_PULPOS/SSD_tin_can_bottle:1c01ec38 0000003e T __rt_freq_init	/home/bomps/Scrivania/gap_8/gap_sdk/rtos/pulp/pulp-os/kernel/gap/freq.c:62
/home/bomps/Scrivania/SSD_bottle_tincan/SSD_05/BUILD/GAP8_V2/GCC_RISCV_PULPOS/SSD_tin_can_bottle:1c01bb06 00000040 t hyperflash_stall_task	/home/bomps/Scrivania/gap_8/gap_sdk/rtos/pmsis/pmsis_bsp/flash/hyperflash/hyperflash.c:489
/home/bomps/Scrivania/SSD_bottle_tincan/SSD_05/BUILD/GAP8_V2/GCC_RISCV_PULPOS/SSD_tin_can_bottle:1c01acf8 00000040 T pi_cl_fs_copy	/home/bomps/Scrivania/gap_8/gap_sdk/rtos/pmsis/pmsis_bsp/fs/fs.c:406
/home/bomps/Scrivania/SSD_bottle_tincan/SSD_05/BUILD/GAP8_V2/GCC_RISCV_PULPOS/SSD_tin_can_bottle:1c003d72 00000042 T Ker_SSD_Init
/home/bomps/Scrivania/SSD_bottle_tincan/SSD_05/BUILD/GAP8_V2/GCC_RISCV_PULPOS/SSD_tin_can_bottle:1c01cbda 00000042 T pi_cl_ram_copy	/home/bomps/Scrivania/gap_8/gap_sdk/rtos/pmsis/pmsis_bsp/ram/ram.c:71
/home/bomps/Scrivania/SSD_bottle_tincan/SSD_05/BUILD/GAP8_V2/GCC_RISCV_PULPOS/SSD_tin_can_bottle:1c01ade0 00000042 t __pi_read_fs_direct_read_async	/home/bomps/Scrivania/gap_8/gap_sdk/rtos/pmsis/pmsis_bsp/fs/read_fs/read_fs.c:624
/home/bomps/Scrivania/SSD_bottle_tincan/SSD_05/BUILD/GAP8_V2/GCC_RISCV_PULPOS/SSD_tin_can_bottle:1c01b3d8 00000042 t __pi_read_fs_read_async	/home/bomps/Scrivania/gap_8/gap_sdk/rtos/pmsis/pmsis_bsp/fs/read_fs/read_fs.c:586
/home/bomps/Scrivania/SSD_bottle_tincan/SSD_05/BUILD/GAP8_V2/GCC_RISCV_PULPOS/SSD_tin_can_bottle:1c01e294 00000042 T __rt_bridge_printf_flush
/home/bomps/Scrivania/SSD_bottle_tincan/SSD_05/BUILD/GAP8_V2/GCC_RISCV_PULPOS/SSD_tin_can_bottle:1c021ae2 00000042 t __rt_do_putc_host	/home/bomps/Scrivania/gap_8/gap_sdk/rtos/pulp/pulp-os/libs/io/io.c:430
/home/bomps/Scrivania/SSD_bottle_tincan/SSD_05/BUILD/GAP8_V2/GCC_RISCV_PULPOS/SSD_tin_can_bottle:1c022e7c 00000042 t __rt_uart_cluster_req	/home/bomps/Scrivania/gap_8/gap_sdk/rtos/pulp/pulp-os/drivers_deprecated/uart/uart.c:266
/home/bomps/Scrivania/SSD_bottle_tincan/SSD_05/BUILD/GAP8_V2/GCC_RISCV_PULPOS/SSD_tin_can_bottle:1c022e0e 00000042 t __rt_uart_wait_tx_done.isra.6	/home/bomps/Scrivania/gap_8/gap_sdk/rtos/pulp/pulp-os/drivers_deprecated/uart/uart.c:222
/home/bomps/Scrivania/SSD_bottle_tincan/SSD_05/BUILD/GAP8_V2/GCC_RISCV_PULPOS/SSD_tin_can_bottle:1c01b6a0 00000044 t __himax_reg_read	/home/bomps/Scrivania/gap_8/gap_sdk/rtos/pmsis/pmsis_bsp/camera/himax/himax.c:175
/home/bomps/Scrivania/SSD_bottle_tincan/SSD_05/BUILD/GAP8_V2/GCC_RISCV_PULPOS/SSD_tin_can_bottle:1c01c374 00000044 t hyperflash_erase_async	/home/bomps/Scrivania/gap_8/gap_sdk/rtos/pmsis/pmsis_bsp/flash/hyperflash/hyperflash.c:827
/home/bomps/Scrivania/SSD_bottle_tincan/SSD_05/BUILD/GAP8_V2/GCC_RISCV_PULPOS/SSD_tin_can_bottle:1c01f13c 00000044 T InitFlls	/home/bomps/Scrivania/gap_8/gap_sdk/rtos/pulp/pulp-os/kernel/gap/pmu_driver.c:858
/home/bomps/Scrivania/SSD_bottle_tincan/SSD_05/BUILD/GAP8_V2/GCC_RISCV_PULPOS/SSD_tin_can_bottle:1c022274 00000044 t _ldiv5	/home/bomps/Scrivania/gap_8/gap_sdk/rtos/pulp/pulp-os/libs/io/prf.c:143
/home/bomps/Scrivania/SSD_bottle_tincan/SSD_05/BUILD/GAP8_V2/GCC_RISCV_PULPOS/SSD_tin_can_bottle:1c0205fc 00000044 t pos_spim_apply_conf	/home/bomps/Scrivania/gap_8/gap_sdk/rtos/pulp/pulp-os/drivers/spi/spim-v2.c:175
/home/bomps/Scrivania/SSD_bottle_tincan/SSD_05/BUILD/GAP8_V2/GCC_RISCV_PULPOS/SSD_tin_can_bottle:1c01fbf4 00000046 t __pi_hyper_copy_exec
/home/bomps/Scrivania/SSD_bottle_tincan/SSD_05/BUILD/GAP8_V2/GCC_RISCV_PULPOS/SSD_tin_can_bottle:1c0214f0 00000046 T pos_spim_handle_copy_eot	/home/bomps/Scrivania/gap_8/gap_sdk/rtos/pulp/pulp-os/drivers/spi/spim-v2.c:875
/home/bomps/Scrivania/SSD_bottle_tincan/SSD_05/BUILD/GAP8_V2/GCC_RISCV_PULPOS/SSD_tin_can_bottle:1c01e128 00000046 t __rt_bridge_wait
/home/bomps/Scrivania/SSD_bottle_tincan/SSD_05/BUILD/GAP8_V2/GCC_RISCV_PULPOS/SSD_tin_can_bottle:1c02018a 00000048 T pi_cpi_close	/home/bomps/Scrivania/gap_8/gap_sdk/rtos/pulp/pulp-os/drivers/cpi/cpi-v1.c:73
/home/bomps/Scrivania/SSD_bottle_tincan/SSD_05/BUILD/GAP8_V2/GCC_RISCV_PULPOS/SSD_tin_can_bottle:1c01b526 00000048 t __pi_host_fs_copy_async	/home/bomps/Scrivania/gap_8/gap_sdk/rtos/pmsis/pmsis_bsp/fs/host_fs/host_fs.c:115
/home/bomps/Scrivania/SSD_bottle_tincan/SSD_05/BUILD/GAP8_V2/GCC_RISCV_PULPOS/SSD_tin_can_bottle:1c01e580 00000048 T rt_user_alloc	/home/bomps/Scrivania/gap_8/gap_sdk/rtos/pulp/pulp-os/kernel/alloc.c:207
/home/bomps/Scrivania/SSD_bottle_tincan/SSD_05/BUILD/GAP8_V2/GCC_RISCV_PULPOS/SSD_tin_can_bottle:1c0007d4 0000004a T jpeg_encoder_process	/home/bomps/Scrivania/gap_8/gap_sdk/libs/gap_lib/jpeg/jpeg_encoder.c:676
/home/bomps/Scrivania/SSD_bottle_tincan/SSD_05/BUILD/GAP8_V2/GCC_RISCV_PULPOS/SSD_tin_can_bottle:1c01f826 0000004a T pi_cluster_send_task_to_cl	/home/bomps/Scrivania/gap_8/gap_sdk/rtos/pulp/pulp-os/kernel/cluster_call.c:149
/home/bomps/Scrivania/SSD_bottle_tincan/SSD_05/BUILD/GAP8_V2/GCC_RISCV_PULPOS/SSD_tin_can_bottle:1c01ebee 0000004a T rt_freq_set_and_get	/home/bomps/Scrivania/gap_8/gap_sdk/rtos/pulp/pulp-os/kernel/gap/freq.c:30
/home/bomps/Scrivania/SSD_bottle_tincan/SSD_05/BUILD/GAP8_V2/GCC_RISCV_PULPOS/SSD_tin_can_bottle:1c021536 0000004c T pos_spim_receive_handle_temp_buffer	/home/bomps/Scrivania/gap_8/gap_sdk/rtos/pulp/pulp-os/drivers/spi/spim-v2.c:1045
/home/bomps/Scrivania/SSD_bottle_tincan/SSD_05/BUILD/GAP8_V2/GCC_RISCV_PULPOS/SSD_tin_can_bottle:1c01e1e6 0000004c T __rt_bridge_check_connection
/home/bomps/Scrivania/SSD_bottle_tincan/SSD_05/BUILD/GAP8_V2/GCC_RISCV_PULPOS/SSD_tin_can_bottle:1c01de1c 0000004c T rt_irq_set_handler	/home/bomps/Scrivania/gap_8/gap_sdk/rtos/pulp/pulp-os/kernel/irq.c:61
/home/bomps/Scrivania/SSD_bottle_tincan/SSD_05/BUILD/GAP8_V2/GCC_RISCV_PULPOS/SSD_tin_can_bottle:1c01e5c8 0000004c T rt_user_free	/home/bomps/Scrivania/gap_8/gap_sdk/rtos/pulp/pulp-os/kernel/alloc.c:291
/home/bomps/Scrivania/SSD_bottle_tincan/SSD_05/BUILD/GAP8_V2/GCC_RISCV_PULPOS/SSD_tin_can_bottle:1c007bc8 0000004e t pi_cl_dma_cmd_2d
/home/bomps/Scrivania/SSD_bottle_tincan/SSD_05/BUILD/GAP8_V2/GCC_RISCV_PULPOS/SSD_tin_can_bottle:1c01b104 0000004e t __pi_read_fs_close
/home/bomps/Scrivania/SSD_bottle_tincan/SSD_05/BUILD/GAP8_V2/GCC_RISCV_PULPOS/SSD_tin_can_bottle:1c022f82 0000004e T rt_uart_close	/home/bomps/Scrivania/gap_8/gap_sdk/rtos/pulp/pulp-os/drivers_deprecated/uart/uart.c:228
/home/bomps/Scrivania/SSD_bottle_tincan/SSD_05/BUILD/GAP8_V2/GCC_RISCV_PULPOS/SSD_tin_can_bottle:1c005a44 00000050 t KerConv3x2from3x3Stride1_H_SQ8.isra.16
/home/bomps/Scrivania/SSD_bottle_tincan/SSD_05/BUILD/GAP8_V2/GCC_RISCV_PULPOS/SSD_tin_can_bottle:1c004efa 00000050 t KerConv3x2from3x3Stride2_H_SQ8.isra.23
/home/bomps/Scrivania/SSD_bottle_tincan/SSD_05/BUILD/GAP8_V2/GCC_RISCV_PULPOS/SSD_tin_can_bottle:1c023dac 00000050 D out_boxes
/home/bomps/Scrivania/SSD_bottle_tincan/SSD_05/BUILD/GAP8_V2/GCC_RISCV_PULPOS/SSD_tin_can_bottle:1c0217e6 00000050 T pi_gpio_mask_configure	/home/bomps/Scrivania/gap_8/gap_sdk/rtos/pulp/pulp-os/drivers/gpio/gpio-v2.c:279
/home/bomps/Scrivania/SSD_bottle_tincan/SSD_05/BUILD/GAP8_V2/GCC_RISCV_PULPOS/SSD_tin_can_bottle:1c01de6a 00000050 T __rt_handle_illegal_instr	/home/bomps/Scrivania/gap_8/gap_sdk/rtos/pulp/pulp-os/kernel/irq.c:94
/home/bomps/Scrivania/SSD_bottle_tincan/SSD_05/BUILD/GAP8_V2/GCC_RISCV_PULPOS/SSD_tin_can_bottle:1c0200c6 00000050 t __rt_hyper_init	/home/bomps/Scrivania/gap_8/gap_sdk/rtos/pulp/pulp-os/drivers/hyper/hyperram-v1.c:995
/home/bomps/Scrivania/SSD_bottle_tincan/SSD_05/BUILD/GAP8_V2/GCC_RISCV_PULPOS/SSD_tin_can_bottle:1c021a92 00000050 t __rt_io_uart_wait_req	/home/bomps/Scrivania/gap_8/gap_sdk/rtos/pulp/pulp-os/libs/io/io.c:315
/home/bomps/Scrivania/SSD_bottle_tincan/SSD_05/BUILD/GAP8_V2/GCC_RISCV_PULPOS/SSD_tin_can_bottle:00000354 00000050 D __rt_udma_channels
/home/bomps/Scrivania/SSD_bottle_tincan/SSD_05/BUILD/GAP8_V2/GCC_RISCV_PULPOS/SSD_tin_can_bottle:1c01fd02 00000052 t exec_pending_task	/home/bomps/Scrivania/gap_8/gap_sdk/rtos/pulp/pulp-os/drivers/hyper/hyperram-v1.c:867
/home/bomps/Scrivania/SSD_bottle_tincan/SSD_05/BUILD/GAP8_V2/GCC_RISCV_PULPOS/SSD_tin_can_bottle:1c01cc76 00000052 T extern_alloc_init	/home/bomps/Scrivania/gap_8/gap_sdk/rtos/pmsis/pmsis_bsp/ram/alloc_extern.c:104
/home/bomps/Scrivania/SSD_bottle_tincan/SSD_05/BUILD/GAP8_V2/GCC_RISCV_PULPOS/SSD_tin_can_bottle:1c01c460 00000052 t hyperflash_check_program	/home/bomps/Scrivania/gap_8/gap_sdk/rtos/pmsis/pmsis_bsp/flash/hyperflash/hyperflash.c:673
/home/bomps/Scrivania/SSD_bottle_tincan/SSD_05/BUILD/GAP8_V2/GCC_RISCV_PULPOS/SSD_tin_can_bottle:1c01ad38 00000052 T pi_cl_fs_copy_2d	/home/bomps/Scrivania/gap_8/gap_sdk/rtos/pmsis/pmsis_bsp/fs/fs.c:423
[...]
/home/bomps/Scrivania/SSD_bottle_tincan/SSD_05/BUILD/GAP8_V2/GCC_RISCV_PULPOS/SSD_tin_can_bottle:1c01e9d8 00000134 T rt_periph_copy	/home/bomps/Scrivania/gap_8/gap_sdk/rtos/pulp/pulp-os/kernel/periph-v2.c:58
/home/bomps/Scrivania/SSD_bottle_tincan/SSD_05/BUILD/GAP8_V2/GCC_RISCV_PULPOS/SSD_tin_can_bottle:1c005a94 00000136 t KerConv3x3BorderStride1_SQ8.isra.17
/home/bomps/Scrivania/SSD_bottle_tincan/SSD_05/BUILD/GAP8_V2/GCC_RISCV_PULPOS/SSD_tin_can_bottle:1c01d9d4 00000138 T MD5_Final	/home/bomps/Scrivania/gap_8/gap_sdk/rtos/pmsis/pmsis_bsp/crc/md5.c:258
/home/bomps/Scrivania/SSD_bottle_tincan/SSD_05/BUILD/GAP8_V2/GCC_RISCV_PULPOS/SSD_tin_can_bottle:1c005ce6 0000013c t KerConv3x3BorderStride2_SQ8.isra.20
/home/bomps/Scrivania/SSD_bottle_tincan/SSD_05/BUILD/GAP8_V2/GCC_RISCV_PULPOS/SSD_tin_can_bottle:1c020c32 0000013e T pi_spi_receive_async	/home/bomps/Scrivania/gap_8/gap_sdk/rtos/pulp/pulp-os/drivers/spi/spim-v2.c:584
/home/bomps/Scrivania/SSD_bottle_tincan/SSD_05/BUILD/GAP8_V2/GCC_RISCV_PULPOS/SSD_tin_can_bottle:1c004c2a 0000014a T KerParLinearLayerFullFeatB32_SQ8
/home/bomps/Scrivania/SSD_bottle_tincan/SSD_05/BUILD/GAP8_V2/GCC_RISCV_PULPOS/SSD_tin_can_bottle:1c000ada 00000158 t exec_quantization	/home/bomps/Scrivania/gap_8/gap_sdk/libs/gap_lib/jpeg/cluster.c:327
/home/bomps/Scrivania/SSD_bottle_tincan/SSD_05/BUILD/GAP8_V2/GCC_RISCV_PULPOS/SSD_tin_can_bottle:1c020ada 00000158 T pi_spi_send_async	/home/bomps/Scrivania/gap_8/gap_sdk/rtos/pulp/pulp-os/drivers/spi/spim-v2.c:479
/home/bomps/Scrivania/SSD_bottle_tincan/SSD_05/BUILD/GAP8_V2/GCC_RISCV_PULPOS/SSD_tin_can_bottle:1c01f994 00000168 T pi_hyper_open	/home/bomps/Scrivania/gap_8/gap_sdk/rtos/pulp/pulp-os/drivers/hyper/hyperram-v1.c:261
/home/bomps/Scrivania/SSD_bottle_tincan/SSD_05/BUILD/GAP8_V2/GCC_RISCV_PULPOS/SSD_tin_can_bottle:1c01dc88 00000168 T __rt_init	/home/bomps/Scrivania/gap_8/gap_sdk/rtos/pulp/pulp-os/kernel/init.c:74
/home/bomps/Scrivania/SSD_bottle_tincan/SSD_05/BUILD/GAP8_V2/GCC_RISCV_PULPOS/SSD_tin_can_bottle:1c0382d0 00000178 B SSD_Monitor
/home/bomps/Scrivania/SSD_bottle_tincan/SSD_05/BUILD/GAP8_V2/GCC_RISCV_PULPOS/SSD_tin_can_bottle:1c01585c 0000018e T S244_Conv2d_24x64x1x1
/home/bomps/Scrivania/SSD_bottle_tincan/SSD_05/BUILD/GAP8_V2/GCC_RISCV_PULPOS/SSD_tin_can_bottle:1c01b748 00000192 T __himax_open	/home/bomps/Scrivania/gap_8/gap_sdk/rtos/pmsis/pmsis_bsp/camera/himax/himax.c:275
/home/bomps/Scrivania/SSD_bottle_tincan/SSD_05/BUILD/GAP8_V2/GCC_RISCV_PULPOS/SSD_tin_can_bottle:1c020d70 00000192 T pi_spi_transfer_async	/home/bomps/Scrivania/gap_8/gap_sdk/rtos/pulp/pulp-os/drivers/spi/spim-v2.c:684
/home/bomps/Scrivania/SSD_bottle_tincan/SSD_05/BUILD/GAP8_V2/GCC_RISCV_PULPOS/SSD_tin_can_bottle:1c00cedc 00000194 T S58_MatAdd_16x30x40
/home/bomps/Scrivania/SSD_bottle_tincan/SSD_05/BUILD/GAP8_V2/GCC_RISCV_PULPOS/SSD_tin_can_bottle:1c000c32 0000019c t check_fetch_block	/home/bomps/Scrivania/gap_8/gap_sdk/libs/gap_lib/jpeg/cluster.c:536
/home/bomps/Scrivania/SSD_bottle_tincan/SSD_05/BUILD/GAP8_V2/GCC_RISCV_PULPOS/SSD_tin_can_bottle:1c020f02 0000019c T pos_spim_send_enqueue_transfer	/home/bomps/Scrivania/gap_8/gap_sdk/rtos/pulp/pulp-os/drivers/spi/spim-v2.c:887
/home/bomps/Scrivania/SSD_bottle_tincan/SSD_05/BUILD/GAP8_V2/GCC_RISCV_PULPOS/SSD_tin_can_bottle:1c00062c 000001a8 T jpeg_encoder_process_async	/home/bomps/Scrivania/gap_8/gap_sdk/libs/gap_lib/jpeg/jpeg_encoder.c:617
/home/bomps/Scrivania/SSD_bottle_tincan/SSD_05/BUILD/GAP8_V2/GCC_RISCV_PULPOS/SSD_tin_can_bottle:1c01c7d8 000001b0 T __nina_w10_open	/home/bomps/Scrivania/gap_8/gap_sdk/rtos/pmsis/pmsis_bsp/transport/nina_w10/nina_w10.c:246
/home/bomps/Scrivania/SSD_bottle_tincan/SSD_05/BUILD/GAP8_V2/GCC_RISCV_PULPOS/SSD_tin_can_bottle:1c0159ea 000001b4 T S250_Conv2d_18x64x1x1_Hsigmoid
/home/bomps/Scrivania/SSD_bottle_tincan/SSD_05/BUILD/GAP8_V2/GCC_RISCV_PULPOS/SSD_tin_can_bottle:1c005e22 000001b6 T KerParConvDW3x3Stride1B32_SQ8
/home/bomps/Scrivania/SSD_bottle_tincan/SSD_05/BUILD/GAP8_V2/GCC_RISCV_PULPOS/SSD_tin_can_bottle:1c014a42 000001b8 T S214_Conv2d_24x256x1x1
/home/bomps/Scrivania/SSD_bottle_tincan/SSD_05/BUILD/GAP8_V2/GCC_RISCV_PULPOS/SSD_tin_can_bottle:1c012f96 000001bc T S176_Conv2d_64x256x1x1_Relu6
/home/bomps/Scrivania/SSD_bottle_tincan/SSD_05/BUILD/GAP8_V2/GCC_RISCV_PULPOS/SSD_tin_can_bottle:1c003000 000001c2 T frame_streamer_open
/home/bomps/Scrivania/SSD_bottle_tincan/SSD_05/BUILD/GAP8_V2/GCC_RISCV_PULPOS/SSD_tin_can_bottle:1c00183a 000001c6 t __jpeg_encoder_process_pe_entry	/home/bomps/Scrivania/gap_8/gap_sdk/libs/gap_lib/jpeg/cluster.c:565
/home/bomps/Scrivania/SSD_bottle_tincan/SSD_05/BUILD/GAP8_V2/GCC_RISCV_PULPOS/SSD_tin_can_bottle:1c00015e 000001c6 T process_du	/home/bomps/Scrivania/gap_8/gap_sdk/libs/gap_lib/jpeg/jpeg_encoder.c:252
/home/bomps/Scrivania/SSD_bottle_tincan/SSD_05/BUILD/GAP8_V2/GCC_RISCV_PULPOS/SSD_tin_can_bottle:1c00506c 000001d0 T KerParConv3x3Stride2_SQ8
/home/bomps/Scrivania/SSD_bottle_tincan/SSD_05/BUILD/GAP8_V2/GCC_RISCV_PULPOS/SSD_tin_can_bottle:1c00c11c 000001d6 T S48_MatAdd_16x30x40
/home/bomps/Scrivania/SSD_bottle_tincan/SSD_05/BUILD/GAP8_V2/GCC_RISCV_PULPOS/SSD_tin_can_bottle:1c013c1c 000001de T S191_Conv2d_64x32x1x3_Relu6
/home/bomps/Scrivania/SSD_bottle_tincan/SSD_05/BUILD/GAP8_V2/GCC_RISCV_PULPOS/SSD_tin_can_bottle:1c014c66 000001de T S219_Conv2d_18x256x1x1_Hsigmoid
/home/bomps/Scrivania/SSD_bottle_tincan/SSD_05/BUILD/GAP8_V2/GCC_RISCV_PULPOS/SSD_tin_can_bottle:1c0210f4 000001e0 T pos_spim_receive_enqueue_transfer	/home/bomps/Scrivania/gap_8/gap_sdk/rtos/pulp/pulp-os/drivers/spi/spim-v2.c:1077
/home/bomps/Scrivania/SSD_bottle_tincan/SSD_05/BUILD/GAP8_V2/GCC_RISCV_PULPOS/SSD_tin_can_bottle:1c001cdc 000001e8 T Dct8x8	/home/bomps/Scrivania/gap_8/gap_sdk/libs/gap_lib/jpeg/dct.c:31
/home/bomps/Scrivania/SSD_bottle_tincan/SSD_05/BUILD/GAP8_V2/GCC_RISCV_PULPOS/SSD_tin_can_bottle:1c005fd8 000001e8 T KerParConvDW3x3Stride2B32_SQ8
/home/bomps/Scrivania/SSD_bottle_tincan/SSD_05/BUILD/GAP8_V2/GCC_RISCV_PULPOS/SSD_tin_can_bottle:1c013a32 000001ea T S188_Conv2d_32x128x1x1_Relu6
/home/bomps/Scrivania/SSD_bottle_tincan/SSD_05/BUILD/GAP8_V2/GCC_RISCV_PULPOS/SSD_tin_can_bottle:1c002c16 000001ec T __mulsf3	/home/haugoug/src/riscv-gnu-toolchain/riscv-gcc/libgcc/soft-fp/mulsf3.c:35
/home/bomps/Scrivania/SSD_bottle_tincan/SSD_05/BUILD/GAP8_V2/GCC_RISCV_PULPOS/SSD_tin_can_bottle:1c0206a0 000001ec T pi_spi_open	/home/bomps/Scrivania/gap_8/gap_sdk/rtos/pulp/pulp-os/drivers/spi/spim-v2.c:195
/home/bomps/Scrivania/SSD_bottle_tincan/SSD_05/BUILD/GAP8_V2/GCC_RISCV_PULPOS/SSD_tin_can_bottle:1c014eb0 000001ee T S224_Conv2d_24x128x1x1
/home/bomps/Scrivania/SSD_bottle_tincan/SSD_05/BUILD/GAP8_V2/GCC_RISCV_PULPOS/SSD_tin_can_bottle:1c015386 000001ee T S234_Conv2d_24x128x1x1
/home/bomps/Scrivania/SSD_bottle_tincan/SSD_05/BUILD/GAP8_V2/GCC_RISCV_PULPOS/SSD_tin_can_bottle:1c0134ca 000001f0 T S182_Conv2d_64x128x1x1_Relu6
/home/bomps/Scrivania/SSD_bottle_tincan/SSD_05/BUILD/GAP8_V2/GCC_RISCV_PULPOS/SSD_tin_can_bottle:1c015b9e 00000202 T S254_Op_CUSTOM_0_99
/home/bomps/Scrivania/SSD_bottle_tincan/SSD_05/BUILD/GAP8_V2/GCC_RISCV_PULPOS/SSD_tin_can_bottle:1c001a00 00000204 t __jpeg_encoder_process_cl_entry	/home/bomps/Scrivania/gap_8/gap_sdk/libs/gap_lib/jpeg/cluster.c:644
/home/bomps/Scrivania/SSD_bottle_tincan/SSD_05/BUILD/GAP8_V2/GCC_RISCV_PULPOS/SSD_tin_can_bottle:1c01510a 00000210 T S229_Conv2d_18x128x1x1_Hsigmoid
/home/bomps/Scrivania/SSD_bottle_tincan/SSD_05/BUILD/GAP8_V2/GCC_RISCV_PULPOS/SSD_tin_can_bottle:1c0155e0 00000210 T S239_Conv2d_18x128x1x1_Hsigmoid
/home/bomps/Scrivania/SSD_bottle_tincan/SSD_05/BUILD/GAP8_V2/GCC_RISCV_PULPOS/SSD_tin_can_bottle:1c037b44 00000218 d __rt_spim	/home/bomps/Scrivania/gap_8/gap_sdk/rtos/pulp/pulp-os/drivers/spi/spim-v2.c:32
/home/bomps/Scrivania/SSD_bottle_tincan/SSD_05/BUILD/GAP8_V2/GCC_RISCV_PULPOS/SSD_tin_can_bottle:1c000882 00000244 T jpeg_encoder_header	/home/bomps/Scrivania/gap_8/gap_sdk/libs/gap_lib/jpeg/jpeg_encoder.c:732
/home/bomps/Scrivania/SSD_bottle_tincan/SSD_05/BUILD/GAP8_V2/GCC_RISCV_PULPOS/SSD_tin_can_bottle:1c02088c 0000024e T __rt_spi_handle_repeat	/home/bomps/Scrivania/gap_8/gap_sdk/rtos/pulp/pulp-os/drivers/spi/spim-v2.c:371
/home/bomps/Scrivania/SSD_bottle_tincan/SSD_05/BUILD/GAP8_V2/GCC_RISCV_PULPOS/SSD_tin_can_bottle:1c000e7e 00000262 t AppendBytes_cl	/home/bomps/Scrivania/gap_8/gap_sdk/libs/gap_lib/jpeg/cluster.c:107
/home/bomps/Scrivania/SSD_bottle_tincan/SSD_05/BUILD/GAP8_V2/GCC_RISCV_PULPOS/SSD_tin_can_bottle:1c011022 00000262 T S148_Conv2d_480x80x1x1_Relu6
/home/bomps/Scrivania/SSD_bottle_tincan/SSD_05/BUILD/GAP8_V2/GCC_RISCV_PULPOS/SSD_tin_can_bottle:1c00d3cc 0000026a T S67_Conv2d_32x96x1x1
/home/bomps/Scrivania/SSD_bottle_tincan/SSD_05/BUILD/GAP8_V2/GCC_RISCV_PULPOS/SSD_tin_can_bottle:00000030 00000280 D periph_channels
/home/bomps/Scrivania/SSD_bottle_tincan/SSD_05/BUILD/GAP8_V2/GCC_RISCV_PULPOS/SSD_tin_can_bottle:1c0061c0 00000282 T KerMatAdd_SQ8
/home/bomps/Scrivania/SSD_bottle_tincan/SSD_05/BUILD/GAP8_V2/GCC_RISCV_PULPOS/SSD_tin_can_bottle:1c003adc 00000290 T start
/home/bomps/Scrivania/SSD_bottle_tincan/SSD_05/BUILD/GAP8_V2/GCC_RISCV_PULPOS/SSD_tin_can_bottle:1c0044e8 00000292 t CNN_Transpose_Body_fps
/home/bomps/Scrivania/SSD_bottle_tincan/SSD_05/BUILD/GAP8_V2/GCC_RISCV_PULPOS/SSD_tin_can_bottle:1c0105a0 00000294 T S138_Conv2d_480x80x1x1_Relu6
/home/bomps/Scrivania/SSD_bottle_tincan/SSD_05/BUILD/GAP8_V2/GCC_RISCV_PULPOS/SSD_tin_can_bottle:1c011a78 00000294 T S158_Conv2d_480x80x1x1_Relu6
/home/bomps/Scrivania/SSD_bottle_tincan/SSD_05/BUILD/GAP8_V2/GCC_RISCV_PULPOS/SSD_tin_can_bottle:1c014438 00000294 T S204_Conv2d_24x640x1x1
/home/bomps/Scrivania/SSD_bottle_tincan/SSD_05/BUILD/GAP8_V2/GCC_RISCV_PULPOS/SSD_tin_can_bottle:1c01fd54 00000296 t __pi_hyper_copy_misaligned	/home/bomps/Scrivania/gap_8/gap_sdk/rtos/pulp/pulp-os/drivers/hyper/hyperram-v1.c:806
/home/bomps/Scrivania/SSD_bottle_tincan/SSD_05/BUILD/GAP8_V2/GCC_RISCV_PULPOS/SSD_tin_can_bottle:1c013dfa 00000296 T S194_Conv2d_12x288x1x1
/home/bomps/Scrivania/SSD_bottle_tincan/SSD_05/BUILD/GAP8_V2/GCC_RISCV_PULPOS/SSD_tin_can_bottle:1c00d92e 00000296 T S73_Conv2d_192x1x3x3_Relu6
/home/bomps/Scrivania/SSD_bottle_tincan/SSD_05/BUILD/GAP8_V2/GCC_RISCV_PULPOS/SSD_tin_can_bottle:1c00dbc4 00000296 T S76_Conv2d_32x192x1x1
/home/bomps/Scrivania/SSD_bottle_tincan/SSD_05/BUILD/GAP8_V2/GCC_RISCV_PULPOS/SSD_tin_can_bottle:1c00df20 00000296 T S80_Conv2d_192x32x1x1_Relu6
/home/bomps/Scrivania/SSD_bottle_tincan/SSD_05/BUILD/GAP8_V2/GCC_RISCV_PULPOS/SSD_tin_can_bottle:1c000324 00000298 t jpeg_encoder_process_fc.isra.7	/home/bomps/Scrivania/gap_8/gap_sdk/libs/gap_lib/jpeg/jpeg_encoder.c:475
/home/bomps/Scrivania/SSD_bottle_tincan/SSD_05/BUILD/GAP8_V2/GCC_RISCV_PULPOS/SSD_tin_can_bottle:1c00fca0 0000029c T S129_Conv2d_288x48x1x1_Relu6
/home/bomps/Scrivania/SSD_bottle_tincan/SSD_05/BUILD/GAP8_V2/GCC_RISCV_PULPOS/SSD_tin_can_bottle:1c014738 0000029e T S209_Conv2d_18x640x1x1_Hsigmoid
/home/bomps/Scrivania/SSD_bottle_tincan/SSD_05/BUILD/GAP8_V2/GCC_RISCV_PULPOS/SSD_tin_can_bottle:1c004242 000002a6 T Ker_SSD_NMS
/home/bomps/Scrivania/SSD_bottle_tincan/SSD_05/BUILD/GAP8_V2/GCC_RISCV_PULPOS/SSD_tin_can_bottle:1c00a5be 000002b0 T S29_MatAdd_16x60x80
/home/bomps/Scrivania/SSD_bottle_tincan/SSD_05/BUILD/GAP8_V2/GCC_RISCV_PULPOS/SSD_tin_can_bottle:1c014100 000002c8 T S199_Conv2d_9x288x1x1_Hsigmoid
/home/bomps/Scrivania/SSD_bottle_tincan/SSD_05/BUILD/GAP8_V2/GCC_RISCV_PULPOS/SSD_tin_can_bottle:1c00d636 000002f8 T S70_Conv2d_192x32x1x1_Relu6
/home/bomps/Scrivania/SSD_bottle_tincan/SSD_05/BUILD/GAP8_V2/GCC_RISCV_PULPOS/SSD_tin_can_bottle:1c01029c 00000304 T S135_Conv2d_80x288x1x1
/home/bomps/Scrivania/SSD_bottle_tincan/SSD_05/BUILD/GAP8_V2/GCC_RISCV_PULPOS/SSD_tin_can_bottle:1c00e1b6 00000320 T S106_Conv2d_48x192x1x1
/home/bomps/Scrivania/SSD_bottle_tincan/SSD_05/BUILD/GAP8_V2/GCC_RISCV_PULPOS/SSD_tin_can_bottle:1c0028e8 0000032e T __umoddi3	/home/haugoug/src/riscv-gnu-toolchain/riscv-gcc/libgcc/libgcc2.c:1305
/home/bomps/Scrivania/SSD_bottle_tincan/SSD_05/BUILD/GAP8_V2/GCC_RISCV_PULPOS/SSD_tin_can_bottle:1c010834 00000330 T S141_Conv2d_480x1x3x3_Relu6
/home/bomps/Scrivania/SSD_bottle_tincan/SSD_05/BUILD/GAP8_V2/GCC_RISCV_PULPOS/SSD_tin_can_bottle:1c011284 00000330 T S151_Conv2d_480x1x3x3_Relu6
/home/bomps/Scrivania/SSD_bottle_tincan/SSD_05/BUILD/GAP8_V2/GCC_RISCV_PULPOS/SSD_tin_can_bottle:1c011d0c 00000330 T S161_Conv2d_480x1x3x3_Relu6
/home/bomps/Scrivania/SSD_bottle_tincan/SSD_05/BUILD/GAP8_V2/GCC_RISCV_PULPOS/SSD_tin_can_bottle:1c00b1f6 0000033c T S38_Conv2d_16x96x1x1
/home/bomps/Scrivania/SSD_bottle_tincan/SSD_05/BUILD/GAP8_V2/GCC_RISCV_PULPOS/SSD_tin_can_bottle:1c0025ac 0000033c T __udivdi3	/home/haugoug/src/riscv-gnu-toolchain/riscv-gcc/libgcc/libgcc2.c:1317
/home/bomps/Scrivania/SSD_bottle_tincan/SSD_05/BUILD/GAP8_V2/GCC_RISCV_PULPOS/SSD_tin_can_bottle:1c00b532 00000344 T S41_Conv2d_96x16x1x1_Relu6
/home/bomps/Scrivania/SSD_bottle_tincan/SSD_05/BUILD/GAP8_V2/GCC_RISCV_PULPOS/SSD_tin_can_bottle:1c00c2f2 00000344 T S51_Conv2d_96x16x1x1_Relu6
/home/bomps/Scrivania/SSD_bottle_tincan/SSD_05/BUILD/GAP8_V2/GCC_RISCV_PULPOS/SSD_tin_can_bottle:1c00e4d6 00000356 T S109_Conv2d_288x48x1x1_Relu6
/home/bomps/Scrivania/SSD_bottle_tincan/SSD_05/BUILD/GAP8_V2/GCC_RISCV_PULPOS/SSD_tin_can_bottle:1c00f11c 00000356 T S119_Conv2d_288x48x1x1_Relu6
/home/bomps/Scrivania/SSD_bottle_tincan/SSD_05/BUILD/GAP8_V2/GCC_RISCV_PULPOS/SSD_tin_can_bottle:1c00d070 0000035c T S64_Conv2d_96x1x3x3_Relu6
/home/bomps/Scrivania/SSD_bottle_tincan/SSD_05/BUILD/GAP8_V2/GCC_RISCV_PULPOS/SSD_tin_can_bottle:1c00ff3c 00000360 T S132_Conv2d_288x1x3x3_Relu6
/home/bomps/Scrivania/SSD_bottle_tincan/SSD_05/BUILD/GAP8_V2/GCC_RISCV_PULPOS/SSD_tin_can_bottle:1c0099c8 00000360 T S22_Conv2d_96x16x1x1_Relu6
/home/bomps/Scrivania/SSD_bottle_tincan/SSD_05/BUILD/GAP8_V2/GCC_RISCV_PULPOS/SSD_tin_can_bottle:1c013152 00000378 T S179_Conv2d_128x64x3x3_Relu6
/home/bomps/Scrivania/SSD_bottle_tincan/SSD_05/BUILD/GAP8_V2/GCC_RISCV_PULPOS/SSD_tin_can_bottle:1c0136ba 00000378 T S185_Conv2d_128x64x3x3_Relu6
/home/bomps/Scrivania/SSD_bottle_tincan/SSD_05/BUILD/GAP8_V2/GCC_RISCV_PULPOS/SSD_tin_can_bottle:1c00f472 0000037a T S122_Conv2d_288x1x3x3_Relu6
/home/bomps/Scrivania/SSD_bottle_tincan/SSD_05/BUILD/GAP8_V2/GCC_RISCV_PULPOS/SSD_tin_can_bottle:1c012c1a 0000037c T S173_Conv2d_256x128x3x3_Relu6
/home/bomps/Scrivania/SSD_bottle_tincan/SSD_05/BUILD/GAP8_V2/GCC_RISCV_PULPOS/SSD_tin_can_bottle:1c00f7ec 0000038a T S125_Conv2d_48x288x1x1
/home/bomps/Scrivania/SSD_bottle_tincan/SSD_05/BUILD/GAP8_V2/GCC_RISCV_PULPOS/SSD_tin_can_bottle:1c00963e 0000038a T S19_Conv2d_16x96x1x1
/home/bomps/Scrivania/SSD_bottle_tincan/SSD_05/BUILD/GAP8_V2/GCC_RISCV_PULPOS/SSD_tin_can_bottle:1c00a22c 00000392 T S28_Conv2d_16x96x1x1
/home/bomps/Scrivania/SSD_bottle_tincan/SSD_05/BUILD/GAP8_V2/GCC_RISCV_PULPOS/SSD_tin_can_bottle:1c008986 000003b2 T S10_MatAdd_16x120x160
/home/bomps/Scrivania/SSD_bottle_tincan/SSD_05/BUILD/GAP8_V2/GCC_RISCV_PULPOS/SSD_tin_can_bottle:1c010b64 000003c2 T S144_Conv2d_80x480x1x1
/home/bomps/Scrivania/SSD_bottle_tincan/SSD_05/BUILD/GAP8_V2/GCC_RISCV_PULPOS/SSD_tin_can_bottle:1c0115b4 000003c8 T S154_Conv2d_80x480x1x1
/home/bomps/Scrivania/SSD_bottle_tincan/SSD_05/BUILD/GAP8_V2/GCC_RISCV_PULPOS/SSD_tin_can_bottle:1c00e82c 000003d8 T S112_Conv2d_288x1x3x3_Relu6
/home/bomps/Scrivania/SSD_bottle_tincan/SSD_05/BUILD/GAP8_V2/GCC_RISCV_PULPOS/SSD_tin_can_bottle:1c01203c 000003de T S164_Conv2d_160x480x1x1
/home/bomps/Scrivania/SSD_bottle_tincan/SSD_05/BUILD/GAP8_V2/GCC_RISCV_PULPOS/SSD_tin_can_bottle:1c012836 000003e4 T S170_Conv2d_128x640x1x1_Relu6
/home/bomps/Scrivania/SSD_bottle_tincan/SSD_05/BUILD/GAP8_V2/GCC_RISCV_PULPOS/SSD_tin_can_bottle:1c00bd28 000003f4 T S47_Conv2d_16x96x1x1
/home/bomps/Scrivania/SSD_bottle_tincan/SSD_05/BUILD/GAP8_V2/GCC_RISCV_PULPOS/SSD_tin_can_bottle:1c00cae8 000003f4 T S57_Conv2d_16x96x1x1
/home/bomps/Scrivania/SSD_bottle_tincan/SSD_05/BUILD/GAP8_V2/GCC_RISCV_PULPOS/SSD_tin_can_bottle:1c00ec04 00000400 T S115_Conv2d_48x288x1x1
/home/bomps/Scrivania/SSD_bottle_tincan/SSD_05/BUILD/GAP8_V2/GCC_RISCV_PULPOS/SSD_tin_can_bottle:1c01241a 0000041c T S167_Conv2d_640x160x1x1_Relu6
/home/bomps/Scrivania/SSD_bottle_tincan/SSD_05/BUILD/GAP8_V2/GCC_RISCV_PULPOS/SSD_tin_can_bottle:1c008568 0000041e T S9_Conv2d_16x16x1x1
/home/bomps/Scrivania/SSD_bottle_tincan/SSD_05/BUILD/GAP8_V2/GCC_RISCV_PULPOS/SSD_tin_can_bottle:1c008d38 0000043c T S13_Conv2d_96x16x1x1_Relu6
/home/bomps/Scrivania/SSD_bottle_tincan/SSD_05/BUILD/GAP8_V2/GCC_RISCV_PULPOS/SSD_tin_can_bottle:1c007c16 00000472 T S3_Conv2d_16x3x3x3_Relu6
/home/bomps/Scrivania/SSD_bottle_tincan/SSD_05/BUILD/GAP8_V2/GCC_RISCV_PULPOS/SSD_tin_can_bottle:1c003db4 0000048e T Ker_SSD_Decoder
/home/bomps/Scrivania/SSD_bottle_tincan/SSD_05/BUILD/GAP8_V2/GCC_RISCV_PULPOS/SSD_tin_can_bottle:1c00b876 000004b2 T S44_Conv2d_96x1x3x3_Relu6
/home/bomps/Scrivania/SSD_bottle_tincan/SSD_05/BUILD/GAP8_V2/GCC_RISCV_PULPOS/SSD_tin_can_bottle:1c00c636 000004b2 T S54_Conv2d_96x1x3x3_Relu6
/home/bomps/Scrivania/SSD_bottle_tincan/SSD_05/BUILD/GAP8_V2/GCC_RISCV_PULPOS/SSD_tin_can_bottle:1c00a86e 000004be T S32_Conv2d_96x16x1x1_Relu6
/home/bomps/Scrivania/SSD_bottle_tincan/SSD_05/BUILD/GAP8_V2/GCC_RISCV_PULPOS/SSD_tin_can_bottle:1c007462 000004c4 T KerParMatMulB32_SF_SQ8
/home/bomps/Scrivania/SSD_bottle_tincan/SSD_05/BUILD/GAP8_V2/GCC_RISCV_PULPOS/SSD_tin_can_bottle:1c009174 000004ca T S16_Conv2d_96x1x3x3_Relu6
/home/bomps/Scrivania/SSD_bottle_tincan/SSD_05/BUILD/GAP8_V2/GCC_RISCV_PULPOS/SSD_tin_can_bottle:1c00ad2c 000004ca T S35_Conv2d_96x1x3x3_Relu6
/home/bomps/Scrivania/SSD_bottle_tincan/SSD_05/BUILD/GAP8_V2/GCC_RISCV_PULPOS/SSD_tin_can_bottle:1c008088 000004e0 T S6_Conv2d_16x1x3x3_Relu6
/home/bomps/Scrivania/SSD_bottle_tincan/SSD_05/BUILD/GAP8_V2/GCC_RISCV_PULPOS/SSD_tin_can_bottle:1c009d28 00000504 T S25_Conv2d_96x1x3x3_Relu6
/home/bomps/Scrivania/SSD_bottle_tincan/SSD_05/BUILD/GAP8_V2/GCC_RISCV_PULPOS/SSD_tin_can_bottle:1c00523c 000005ba T KerPar_MM_Conv1D_ReLU_SQ8
/home/bomps/Scrivania/SSD_bottle_tincan/SSD_05/BUILD/GAP8_V2/GCC_RISCV_PULPOS/SSD_tin_can_bottle:1c0010e0 000006a0 t exec_check_bitstream	/home/bomps/Scrivania/gap_8/gap_sdk/libs/gap_lib/jpeg/cluster.c:493
/home/bomps/Scrivania/SSD_bottle_tincan/SSD_05/BUILD/GAP8_V2/GCC_RISCV_PULPOS/SSD_tin_can_bottle:1c037308 00000788 D JpegConstants
/home/bomps/Scrivania/SSD_bottle_tincan/SSD_05/BUILD/GAP8_V2/GCC_RISCV_PULPOS/SSD_tin_can_bottle:1b0003e8 00000800 D __rt_fc_stack
/home/bomps/Scrivania/SSD_bottle_tincan/SSD_05/BUILD/GAP8_V2/GCC_RISCV_PULPOS/SSD_tin_can_bottle:1c006c52 00000810 T KerParMatMulB32_2x4_ReLU_SQ8
/home/bomps/Scrivania/SSD_bottle_tincan/SSD_05/BUILD/GAP8_V2/GCC_RISCV_PULPOS/SSD_tin_can_bottle:1c006442 00000810 T KerParMatMulB32_2x4_SQ8
/home/bomps/Scrivania/SSD_bottle_tincan/SSD_05/BUILD/GAP8_V2/GCC_RISCV_PULPOS/SSD_tin_can_bottle:1c003292 0000084a t detection_handler
/home/bomps/Scrivania/SSD_bottle_tincan/SSD_05/BUILD/GAP8_V2/GCC_RISCV_PULPOS/SSD_tin_can_bottle:1c01d030 000008d6 t body	/home/bomps/Scrivania/gap_8/gap_sdk/rtos/pmsis/pmsis_bsp/crc/md5.c:100
/home/bomps/Scrivania/SSD_bottle_tincan/SSD_05/BUILD/GAP8_V2/GCC_RISCV_PULPOS/SSD_tin_can_bottle:1c015da0 000009a0 T SSD_tin_can_bottleCNN_Construct
/home/bomps/Scrivania/SSD_bottle_tincan/SSD_05/BUILD/GAP8_V2/GCC_RISCV_PULPOS/SSD_tin_can_bottle:1c0222ec 00000ab6 T _prf	/home/bomps/Scrivania/gap_8/gap_sdk/rtos/pulp/pulp-os/libs/io/prf.c:437
/home/bomps/Scrivania/SSD_bottle_tincan/SSD_05/BUILD/GAP8_V2/GCC_RISCV_PULPOS/SSD_tin_can_bottle:1c016740 000043cc T SSD_tin_can_bottleCNN
/home/bomps/Scrivania/SSD_bottle_tincan/SSD_05/BUILD/GAP8_V2/GCC_RISCV_PULPOS/SSD_tin_can_bottle:1c023e34 000134d0 d Input_1
/home/bomps/Scrivania/SSD_bottle_tincan/SSD_05/BUILD/GAP8_V2/GCC_RISCV_PULPOS/SSD_tin_can_bottle:1c000872 fffffffe T jpeg_encoder_close	/home/bomps/Scrivania/gap_8/gap_sdk/libs/gap_lib/jpeg/jpeg_encoder.c:717
